Component: ARM Compiler 5.06 update 6 (build 750) Tool: armlink [4d35ed]

==============================================================================

Section Cross References

    startup_stm32f405xx.o(STACK) refers (Special) to heapauxi.o(.text) for __use_two_region_memory
    startup_stm32f405xx.o(HEAP) refers (Special) to heapauxi.o(.text) for __use_two_region_memory
    startup_stm32f405xx.o(RESET) refers (Special) to heapauxi.o(.text) for __use_two_region_memory
    startup_stm32f405xx.o(RESET) refers to startup_stm32f405xx.o(STACK) for __initial_sp
    startup_stm32f405xx.o(RESET) refers to startup_stm32f405xx.o(.text) for Reset_Handler
    startup_stm32f405xx.o(RESET) refers to stm32f4xx_it.o(i.NMI_Handler) for NMI_Handler
    startup_stm32f405xx.o(RESET) refers to stm32f4xx_it.o(i.HardFault_Handler) for HardFault_Handler
    startup_stm32f405xx.o(RESET) refers to stm32f4xx_it.o(i.MemManage_Handler) for MemManage_Handler
    startup_stm32f405xx.o(RESET) refers to stm32f4xx_it.o(i.BusFault_Handler) for BusFault_Handler
    startup_stm32f405xx.o(RESET) refers to stm32f4xx_it.o(i.UsageFault_Handler) for UsageFault_Handler
    startup_stm32f405xx.o(RESET) refers to port.o(.emb_text) for SVC_Handler
    startup_stm32f405xx.o(RESET) refers to stm32f4xx_it.o(i.DebugMon_Handler) for DebugMon_Handler
    startup_stm32f405xx.o(RESET) refers to cmsis_os2.o(i.SysTick_Handler) for SysTick_Handler
    startup_stm32f405xx.o(RESET) refers to stm32f4xx_it.o(i.ADC_IRQHandler) for ADC_IRQHandler
    startup_stm32f405xx.o(RESET) refers to stm32f4xx_it.o(i.CAN1_RX0_IRQHandler) for CAN1_RX0_IRQHandler
    startup_stm32f405xx.o(RESET) refers to stm32f4xx_it.o(i.EXTI9_5_IRQHandler) for EXTI9_5_IRQHandler
    startup_stm32f405xx.o(RESET) refers to stm32f4xx_it.o(i.TIM1_UP_TIM10_IRQHandler) for TIM1_UP_TIM10_IRQHandler
    startup_stm32f405xx.o(RESET) refers to stm32f4xx_it.o(i.USART1_IRQHandler) for USART1_IRQHandler
    startup_stm32f405xx.o(RESET) refers to stm32f4xx_it.o(i.USART2_IRQHandler) for USART2_IRQHandler
    startup_stm32f405xx.o(RESET) refers to stm32f4xx_it.o(i.TIM5_IRQHandler) for TIM5_IRQHandler
    startup_stm32f405xx.o(RESET) refers to stm32f4xx_it.o(i.TIM7_IRQHandler) for TIM7_IRQHandler
    startup_stm32f405xx.o(RESET) refers to stm32f4xx_it.o(i.CAN2_RX1_IRQHandler) for CAN2_RX1_IRQHandler
    startup_stm32f405xx.o(RESET) refers to stm32f4xx_it.o(i.USART6_IRQHandler) for USART6_IRQHandler
    startup_stm32f405xx.o(.text) refers (Special) to heapauxi.o(.text) for __use_two_region_memory
    startup_stm32f405xx.o(.text) refers to system_stm32f4xx.o(i.SystemInit) for SystemInit
    startup_stm32f405xx.o(.text) refers to __main.o(!!!main) for __main
    startup_stm32f405xx.o(.text) refers to startup_stm32f405xx.o(HEAP) for Heap_Mem
    startup_stm32f405xx.o(.text) refers to startup_stm32f405xx.o(STACK) for Stack_Mem
    main.o(i.HAL_TIM_PeriodElapsedCallback) refers to locate.o(i.UpdateLocateInfo) for UpdateLocateInfo
    main.o(i.HAL_TIM_PeriodElapsedCallback) refers to stm32f4xx_hal.o(i.HAL_IncTick) for HAL_IncTick
    main.o(i.HAL_TIM_PeriodElapsedCallback) refers to tim.o(.bss) for htim5
    main.o(i.HAL_TIM_PeriodElapsedCallback) refers to taskchassis.o(.bss) for g_Chassis_Instance
    main.o(i.SystemClock_Config) refers to rt_memclr_w.o(.text) for __aeabi_memclr4
    main.o(i.SystemClock_Config) refers to stm32f4xx_hal_rcc.o(i.HAL_RCC_OscConfig) for HAL_RCC_OscConfig
    main.o(i.SystemClock_Config) refers to stm32f4xx_hal_rcc.o(i.HAL_RCC_ClockConfig) for HAL_RCC_ClockConfig
    main.o(i.main) refers to stm32f4xx_hal.o(i.HAL_Init) for HAL_Init
    main.o(i.main) refers to main.o(i.SystemClock_Config) for SystemClock_Config
    main.o(i.main) refers to gpio.o(i.MX_GPIO_Init) for MX_GPIO_Init
    main.o(i.main) refers to can.o(i.MX_CAN1_Init) for MX_CAN1_Init
    main.o(i.main) refers to spi.o(i.MX_SPI2_Init) for MX_SPI2_Init
    main.o(i.main) refers to can.o(i.MX_CAN2_Init) for MX_CAN2_Init
    main.o(i.main) refers to usart.o(i.MX_USART1_UART_Init) for MX_USART1_UART_Init
    main.o(i.main) refers to spi.o(i.MX_SPI1_Init) for MX_SPI1_Init
    main.o(i.main) refers to usart.o(i.MX_USART2_UART_Init) for MX_USART2_UART_Init
    main.o(i.main) refers to usart.o(i.MX_USART6_UART_Init) for MX_USART6_UART_Init
    main.o(i.main) refers to tim.o(i.MX_TIM6_Init) for MX_TIM6_Init
    main.o(i.main) refers to tim.o(i.MX_TIM3_Init) for MX_TIM3_Init
    main.o(i.main) refers to tim.o(i.MX_TIM4_Init) for MX_TIM4_Init
    main.o(i.main) refers to tim.o(i.MX_TIM5_Init) for MX_TIM5_Init
    main.o(i.main) refers to adc.o(i.MX_ADC1_Init) for MX_ADC1_Init
    main.o(i.main) refers to tim.o(i.MX_TIM2_Init) for MX_TIM2_Init
    main.o(i.main) refers to tim.o(i.MX_TIM10_Init) for MX_TIM10_Init
    main.o(i.main) refers to stm32f4xx_hal_tim.o(i.HAL_TIM_Base_Start_IT) for HAL_TIM_Base_Start_IT
    main.o(i.main) refers to stm32f4xx_hal_uart.o(i.HAL_UART_Receive_IT) for HAL_UART_Receive_IT
[...]
    HAL_TIMEx_BreakCallback                  0x08003e91   Thumb Code     2  stm32f4xx_hal_tim_ex.o(i.HAL_TIMEx_BreakCallback)
    HAL_TIMEx_CommutCallback                 0x08003e93   Thumb Code     2  stm32f4xx_hal_tim_ex.o(i.HAL_TIMEx_CommutCallback)
    HAL_TIMEx_MasterConfigSynchronization    0x08003e95   Thumb Code   242  stm32f4xx_hal_tim_ex.o(i.HAL_TIMEx_MasterConfigSynchronization)
    HAL_TIM_Base_Init                        0x08003fe5   Thumb Code   260  stm32f4xx_hal_tim.o(i.HAL_TIM_Base_Init)
    HAL_TIM_Base_MspInit                     0x08004155   Thumb Code   134  tim.o(i.HAL_TIM_Base_MspInit)
    HAL_TIM_Base_Start_IT                    0x080041ed   Thumb Code   200  stm32f4xx_hal_tim.o(i.HAL_TIM_Base_Start_IT)
    HAL_TIM_ConfigClockSource                0x0800431d   Thumb Code   930  stm32f4xx_hal_tim.o(i.HAL_TIM_ConfigClockSource)
    HAL_TIM_Encoder_Init                     0x0800472d   Thumb Code   494  stm32f4xx_hal_tim.o(i.HAL_TIM_Encoder_Init)
    HAL_TIM_Encoder_MspInit                  0x08004971   Thumb Code   130  tim.o(i.HAL_TIM_Encoder_MspInit)
    HAL_TIM_IC_CaptureCallback               0x08004a05   Thumb Code     2  stm32f4xx_hal_tim.o(i.HAL_TIM_IC_CaptureCallback)
    HAL_TIM_IRQHandler                       0x08004a07   Thumb Code   358  stm32f4xx_hal_tim.o(i.HAL_TIM_IRQHandler)
    HAL_TIM_OC_DelayElapsedCallback          0x08004b6d   Thumb Code     2  stm32f4xx_hal_tim.o(i.HAL_TIM_OC_DelayElapsedCallback)
    HAL_TIM_PWM_PulseFinishedCallback        0x08004b6f   Thumb Code     2  stm32f4xx_hal_tim.o(i.HAL_TIM_PWM_PulseFinishedCallback)
    HAL_TIM_PeriodElapsedCallback            0x08004b71   Thumb Code    34  main.o(i.HAL_TIM_PeriodElapsedCallback)
    HAL_TIM_TriggerCallback                  0x08004ba1   Thumb Code     2  stm32f4xx_hal_tim.o(i.HAL_TIM_TriggerCallback)
    HAL_UARTEx_RxEventCallback               0x08004ba3   Thumb Code     2  stm32f4xx_hal_uart.o(i.HAL_UARTEx_RxEventCallback)
    HAL_UART_ErrorCallback                   0x08004ba5   Thumb Code    32  com_basic.o(i.HAL_UART_ErrorCallback)
    HAL_UART_IRQHandler                      0x08004bc9   Thumb Code   610  stm32f4xx_hal_uart.o(i.HAL_UART_IRQHandler)
    HAL_UART_Init                            0x08004e31   Thumb Code   246  stm32f4xx_hal_uart.o(i.HAL_UART_Init)
    HAL_UART_MspInit                         0x08004f7d   Thumb Code   244  usart.o(i.HAL_UART_MspInit)
    HAL_UART_Receive_IT                      0x08005089   Thumb Code    42  stm32f4xx_hal_uart.o(i.HAL_UART_Receive_IT)
    HAL_UART_RxCpltCallback                  0x080050b5   Thumb Code    78  com_basic.o(i.HAL_UART_RxCpltCallback)
    HAL_UART_TxCpltCallback                  0x08005115   Thumb Code     2  stm32f4xx_hal_uart.o(i.HAL_UART_TxCpltCallback)
    HardFault_Handler                        0x08005117   Thumb Code     2  stm32f4xx_it.o(i.HardFault_Handler)
    LED_Off                                  0x08005119   Thumb Code    40  led.o(i.LED_Off)
    LED_On                                   0x08005149   Thumb Code    38  led.o(i.LED_On)
    Linear_Navigation_CtrlCmd                0x080052ed   Thumb Code   316  navigation.o(i.Linear_Navigation_CtrlCmd)
    Linear_Parking_CtrlCmd                   0x08005445   Thumb Code   216  parking.o(i.Linear_Parking_CtrlCmd)
    LocateSysInit                            0x080055d9   Thumb Code    80  locate.o(i.LocateSysInit)
    MX_ADC1_Init                             0x080056b5   Thumb Code    90  adc.o(i.MX_ADC1_Init)
    MX_CAN1_Init                             0x08005719   Thumb Code    58  can.o(i.MX_CAN1_Init)
    MX_CAN2_Init                             0x0800575d   Thumb Code    58  can.o(i.MX_CAN2_Init)
    MX_FREERTOS_Init                         0x080057a1   Thumb Code    60  freertos.o(i.MX_FREERTOS_Init)
    MX_GPIO_Init                             0x080057f5   Thumb Code   262  gpio.o(i.MX_GPIO_Init)
    MX_SPI1_Init                             0x0800590d   Thumb Code    62  spi.o(i.MX_SPI1_Init)
    MX_SPI2_Init                             0x08005955   Thumb Code    62  spi.o(i.MX_SPI2_Init)
    MX_TIM10_Init                            0x0800599d   Thumb Code    44  tim.o(i.MX_TIM10_Init)
    MX_TIM2_Init                             0x080059d1   Thumb Code    96  tim.o(i.MX_TIM2_Init)
    MX_TIM3_Init                             0x08005a35   Thumb Code    98  tim.o(i.MX_TIM3_Init)
    MX_TIM4_Init                             0x08005aa1   Thumb Code    98  tim.o(i.MX_TIM4_Init)
    MX_TIM5_Init                             0x08005b0d   Thumb Code    94  tim.o(i.MX_TIM5_Init)
    MX_TIM6_Init                             0x08005b75   Thumb Code    60  tim.o(i.MX_TIM6_Init)
    MX_USART1_UART_Init                      0x08005bb9   Thumb Code    52  usart.o(i.MX_USART1_UART_Init)
    MX_USART2_UART_Init                      0x08005bf5   Thumb Code    52  usart.o(i.MX_USART2_UART_Init)
    MX_USART6_UART_Init                      0x08005c31   Thumb Code    52  usart.o(i.MX_USART6_UART_Init)
    Manual_Controller_CtrlCmd                0x08005c6d   Thumb Code    54  manual_operation.o(i.Manual_Controller_CtrlCmd)
    Manual_Controller_Init                   0x08005ca5   Thumb Code    24  manual_operation.o(i.Manual_Controller_Init)
    Manual_Controller_Reset                  0x08005cc1   Thumb Code    16  manual_operation.o(i.Manual_Controller_Reset)
    MemManage_Handler                        0x08005cd5   Thumb Code     2  stm32f4xx_it.o(i.MemManage_Handler)
    NMI_Handler                              0x08005cd7   Thumb Code     2  stm32f4xx_it.o(i.NMI_Handler)
    NaviController_Init                      0x08005cd9   Thumb Code   112  navigation.o(i.NaviController_Init)
    NaviController_Reset                     0x08005d55   Thumb Code    68  navigation.o(i.NaviController_Reset)
    NormalizeAngle                           0x08005d9d   Thumb Code    74  hust_math_lib.o(i.NormalizeAngle)
    OptimizeArm_sin_f32                      0x08005df9   Thumb Code    22  hust_math_lib.o(i.OptimizeArm_sin_f32)
    Parking_Controller_CtrlCmd               0x08005e19   Thumb Code   284  parking.o(i.Parking_Controller_CtrlCmd)
    Parking_Controller_Init                  0x08005f39   Thumb Code   126  parking.o(i.Parking_Controller_Init)
    Parking_Controller_Reset                 0x08005fcd   Thumb Code    74  parking.o(i.Parking_Controller_Reset)
    Parking_Controller_Update                0x0800601d   Thumb Code   136  parking.o(i.Parking_Controller_Update)
    Path_Init                                0x080060ad   Thumb Code   246  path.o(i.Path_Init)
    Pid_Regulate                             0x080061f5   Thumb Code   148  pid.o(i.Pid_Regulate)
    Process_Frame_CAN                        0x0800628d   Thumb Code    60  can_basic.o(i.Process_Frame_CAN)
    Process_Frame_COM                        0x080062d9   Thumb Code    62  com_basic.o(i.Process_Frame_COM)
    Read_Gyro_Rate                           0x08006339   Thumb Code   136  gyro.o(i.Read_Gyro_Rate)
    Read_Gyro_Rate_Reg                       0x080063c5   Thumb Code   398  gyro.o(i.Read_Gyro_Rate_Reg)
    Reset                                    0x08006561   Thumb Code    16  com_executelib.o(i.Reset)
    RobotAngle2GlobalAngle                   0x08006575   Thumb Code    18  frame_change.o(i.RobotAngle2GlobalAngle)
    Rotate_Navigation_CtrlCmd                0x08006591   Thumb Code   632  navigation.o(i.Rotate_Navigation_CtrlCmd)
    Rotate_Parking_CtrlCmd                   0x08006851   Thumb Code   264  parking.o(i.Rotate_Parking_CtrlCmd)
    Run                                      0x08006a05   Thumb Code    10  com_executelib.o(i.Run)
    SPI_ReadWriteByte                        0x08006a6d   Thumb Code    50  spi.o(i.SPI_ReadWriteByte)
    Send_Frame_CAN                           0x08006b59   Thumb Code   170  can_basic.o(i.Send_Frame_CAN)
    Set_Train_Info                           0x08006c0d   Thumb Code   124  can_commandlib.o(i.Set_Train_Info)
    StartDefaultTask                         0x08006ca1   Thumb Code     8  freertos.o(i.StartDefaultTask)
    StdID_Non_Protocol_CAN1                  0x08006ca9   Thumb Code     2  can_executelib.o(i.StdID_Non_Protocol_CAN1)
    SysTick_Handler                          0x08006cab   Thumb Code    26  cmsis_os2.o(i.SysTick_Handler)
    SystemClock_Config                       0x08006cc5   Thumb Code   130  main.o(i.SystemClock_Config)
    SystemInit                               0x08006d51   Thumb Code    12  system_stm32f4xx.o(i.SystemInit)
    TIM1_UP_TIM10_IRQHandler                 0x08006d61   Thumb Code     6  stm32f4xx_it.o(i.TIM1_UP_TIM10_IRQHandler)
    TIM5_IRQHandler                          0x08006d6d   Thumb Code     6  stm32f4xx_it.o(i.TIM5_IRQHandler)
    TIM7_IRQHandler                          0x08006d79   Thumb Code     6  stm32f4xx_it.o(i.TIM7_IRQHandler)
    TIM_Base_SetConfig                       0x08006d85   Thumb Code   156  stm32f4xx_hal_tim.o(i.TIM_Base_SetConfig)
    TIM_ETR_SetConfig                        0x08006e4d   Thumb Code    20  stm32f4xx_hal_tim.o(i.TIM_ETR_SetConfig)
    TaskChassis                              0x08006eb9   Thumb Code   298  taskchassis.o(i.TaskChassis)
    TaskLocate                               0x08006ff9   Thumb Code    12  taskchassis.o(i.TaskLocate)
    TaskMonitor                              0x08007005   Thumb Code    64  taskchassis.o(i.TaskMonitor)
    Trajectory_Analyzer_GetAimPointIndex     0x08007049   Thumb Code   686  trajactory_analyzer.o(i.Trajectory_Analyzer_GetAimPointIndex)
    Trajectory_Analyzer_Init                 0x0800730d   Thumb Code    34  trajactory_analyzer.o(i.Trajectory_Analyzer_Init)
    Trajectory_Analyzer_Reset                0x08007335   Thumb Code    34  trajactory_analyzer.o(i.Trajectory_Analyzer_Reset)
    Trajectory_Analyzer_SetPathNum           0x0800735d   Thumb Code    56  trajactory_analyzer.o(i.Trajectory_Analyzer_SetPathNum)
    UART_Start_Receive_IT                    0x08007659   Thumb Code    58  stm32f4xx_hal_uart.o(i.UART_Start_Receive_IT)
    USART1_IRQHandler                        0x08007695   Thumb Code     6  stm32f4xx_it.o(i.USART1_IRQHandler)
    USART2_IRQHandler                        0x080076a1   Thumb Code     6  stm32f4xx_it.o(i.USART2_IRQHandler)
    USART6_IRQHandler                        0x080076ad   Thumb Code     6  stm32f4xx_it.o(i.USART6_IRQHandler)
    UpdateLocateInfo                         0x080076b9   Thumb Code   132  locate.o(i.UpdateLocateInfo)
    Update_Aim_Angular_Velocity              0x08007745   Thumb Code    64  com_executelib.o(i.Update_Aim_Angular_Velocity)
    Update_Aim_Velocity                      0x08007799   Thumb Code   374  com_executelib.o(i.Update_Aim_Velocity)
    UsageFault_Handler                       0x08007949   Thumb Code     2  stm32f4xx_it.o(i.UsageFault_Handler)
    Velocity_Merging                         0x0800794d   Thumb Code   408  manual_operation.o(i.Velocity_Merging)
    __ARM_fpclassifyf                        0x08007b01   Thumb Code    38  fpclassifyf.o(i.__ARM_fpclassifyf)
    __hardfp_floor                           0x08007b49   Thumb Code   252  floor.o(i.__hardfp_floor)
    __hardfp_fmod                            0x08007c61   Thumb Code   254  fmod.o(i.__hardfp_fmod)
    __hardfp_powf                            0x08007d65   Thumb Code  1606  powf.o(i.__hardfp_powf)
    __mathlib_powf                           0x08007d65   Thumb Code     0  powf.o(i.__hardfp_powf)
    __hardfp_sqrtf                           0x080083c9   Thumb Code    58  sqrtf.o(i.__hardfp_sqrtf)
    __mathlib_dbl_invalid                    0x08008409   Thumb Code    24  dunder.o(i.__mathlib_dbl_invalid)
    __mathlib_flt_divzero                    0x08008429   Thumb Code    14  funder.o(i.__mathlib_flt_divzero)
    __mathlib_flt_infnan2                    0x0800843d   Thumb Code     6  funder.o(i.__mathlib_flt_infnan2)
    __mathlib_flt_invalid                    0x08008445   Thumb Code    10  funder.o(i.__mathlib_flt_invalid)
    __mathlib_flt_overflow                   0x08008455   Thumb Code    10  funder.o(i.__mathlib_flt_overflow)
    __mathlib_flt_underflow                  0x08008465   Thumb Code    10  funder.o(i.__mathlib_flt_underflow)
    assert_failed                            0x08008475   Thumb Code     2  main.o(i.assert_failed)
    encoder2Global                           0x08008479   Thumb Code    56  encodersubsys.o(i.encoder2Global)
    encoderSysInit                           0x080084b9   Thumb Code   140  encodersubsys.o(i.encoderSysInit)
    encoderSysLocate                         0x08008561   Thumb Code   400  encodersubsys.o(i.encoderSysLocate)
    filter1_init                             0x08008711   Thumb Code    50  can_basic.o(i.filter1_init)
    filter2_init                             0x08008749   Thumb Code    50  can_basic.o(i.filter2_init)
    main                                     0x08008781   Thumb Code   130  main.o(i.main)
    osDelay                                  0x08008821   Thumb Code    26  cmsis_os2.o(i.osDelay)
    osKernelInitialize                       0x0800883d   Thumb Code    32  cmsis_os2.o(i.osKernelInitialize)
    osKernelStart                            0x08008861   Thumb Code    48  cmsis_os2.o(i.osKernelStart)
    osThreadNew                              0x08008899   Thumb Code   138  cmsis_os2.o(i.osThreadNew)
    pvPortMalloc                             0x080090b5   Thumb Code   216  heap_4.o(i.pvPortMalloc)
    pxPortInitialiseStack                    0x08009191   Thumb Code    40  port.o(i.pxPortInitialiseStack)
    uxListRemove                             0x080091bd   Thumb Code    38  list.o(i.uxListRemove)
    vApplicationGetIdleTaskMemory            0x080091e5   Thumb Code    16  cmsis_os2.o(i.vApplicationGetIdleTaskMemory)
    vApplicationGetTimerTaskMemory           0x080091f9   Thumb Code    18  cmsis_os2.o(i.vApplicationGetTimerTaskMemory)
    vListInitialise                          0x08009211   Thumb Code    22  list.o(i.vListInitialise)
    vListInitialiseItem                      0x08009227   Thumb Code     6  list.o(i.vListInitialiseItem)
    vListInsert                              0x0800922d   Thumb Code    48  list.o(i.vListInsert)
    vListInsertEnd                           0x0800925d   Thumb Code    24  list.o(i.vListInsertEnd)
    vPortEnterCritical                       0x08009275   Thumb Code    54  port.o(i.vPortEnterCritical)
    vPortExitCritical                        0x080092b5   Thumb Code    34  port.o(i.vPortExitCritical)
    vPortFree                                0x080092dd   Thumb Code    94  heap_4.o(i.vPortFree)
    vPortSetupTimerInterrupt                 0x08009341   Thumb Code    32  port.o(i.vPortSetupTimerInterrupt)
    vPortValidateInterruptPriority           0x08009365   Thumb Code    74  port.o(i.vPortValidateInterruptPriority)
    vQueueAddToRegistry                      0x080093b9   Thumb Code    34  queue.o(i.vQueueAddToRegistry)
    vQueueWaitForMessageRestricted           0x080093e1   Thumb Code    68  queue.o(i.vQueueWaitForMessageRestricted)
    vTaskDelay                               0x08009425   Thumb Code    66  tasks.o(i.vTaskDelay)
    vTaskInternalSetTimeOutState             0x08009471   Thumb Code    12  tasks.o(i.vTaskInternalSetTimeOutState)
    vTaskMissedYield                         0x08009481   Thumb Code     8  tasks.o(i.vTaskMissedYield)
    vTaskPlaceOnEventList                    0x0800948d   Thumb Code    44  tasks.o(i.vTaskPlaceOnEventList)
    vTaskPlaceOnEventListRestricted          0x080094bd   Thumb Code    52  tasks.o(i.vTaskPlaceOnEventListRestricted)
    vTaskStartScheduler                      0x080094f5   Thumb Code   118  tasks.o(i.vTaskStartScheduler)
    vTaskSuspendAll                          0x0800957d   Thumb Code    10  tasks.o(i.vTaskSuspendAll)
    vTaskSwitchContext                       0x0800958d   Thumb Code    90  tasks.o(i.vTaskSwitchContext)
    xPortStartScheduler                      0x080095f1   Thumb Code   222  port.o(i.xPortStartScheduler)
    xPortSysTickHandler                      0x080096e5   Thumb Code    38  port.o(i.xPortSysTickHandler)
    xQueueGenericCreateStatic                0x08009711   Thumb Code   102  queue.o(i.xQueueGenericCreateStatic)
    xQueueGenericReset                       0x08009779   Thumb Code   132  queue.o(i.xQueueGenericReset)
    xQueueGenericSend                        0x08009801   Thumb Code   346  queue.o(i.xQueueGenericSend)
    xQueueGenericSendFromISR                 0x08009961   Thumb Code   190  queue.o(i.xQueueGenericSendFromISR)
    xQueueReceive                            0x08009a21   Thumb Code   308  queue.o(i.xQueueReceive)
    xTaskCheckForTimeOut                     0x08009b59   Thumb Code   112  tasks.o(i.xTaskCheckForTimeOut)
    xTaskCreate                              0x08009bcd   Thumb Code    90  tasks.o(i.xTaskCreate)
    xTaskCreateStatic                        0x08009c27   Thumb Code    86  tasks.o(i.xTaskCreateStatic)
    xTaskGetSchedulerState                   0x08009c7d   Thumb Code    22  tasks.o(i.xTaskGetSchedulerState)
    xTaskGetTickCount                        0x08009c99   Thumb Code     6  tasks.o(i.xTaskGetTickCount)
    xTaskIncrementTick                       0x08009ca5   Thumb Code   192  tasks.o(i.xTaskIncrementTick)
    xTaskPriorityDisinherit                  0x08009d6d   Thumb Code   118  tasks.o(i.xTaskPriorityDisinherit)
    xTaskRemoveFromEventList                 0x08009ded   Thumb Code    98  tasks.o(i.xTaskRemoveFromEventList)
    xTaskResumeAll                           0x08009e5d   Thumb Code   182  tasks.o(i.xTaskResumeAll)
    xTimerCreateTimerTask                    0x08009f21   Thumb Code    78  timers.o(i.xTimerCreateTimerTask)
    xTimerGenericCommand                     0x08009f81   Thumb Code    98  timers.o(i.xTimerGenericCommand)
    __aeabi_d2f                              0x08009fe9   Thumb Code     0  d2f.o(x$fpl$d2f)
    _d2f                                     0x08009fe9   Thumb Code    98  d2f.o(x$fpl$d2f)
    __aeabi_dadd                             0x0800a04d   Thumb Code     0  daddsub_clz.o(x$fpl$dadd)
    _dadd                                    0x0800a04d   Thumb Code   332  daddsub_clz.o(x$fpl$dadd)
    __fpl_dcmp_Inf                           0x0800a19d   Thumb Code    24  dcmpi.o(x$fpl$dcmpinf)
    __aeabi_ddiv                             0x0800a1b5   Thumb Code     0  ddiv.o(x$fpl$ddiv)
    _ddiv                                    0x0800a1b5   Thumb Code   552  ddiv.o(x$fpl$ddiv)
    __aeabi_d2iz                             0x0800a465   Thumb Code     0  dfix.o(x$fpl$dfix)
    _dfix                                    0x0800a465   Thumb Code    94  dfix.o(x$fpl$dfix)
    __aeabi_cdcmple                          0x0800a4c5   Thumb Code     0  dleqf.o(x$fpl$dleqf)
    _dcmple                                  0x0800a4c5   Thumb Code   120  dleqf.o(x$fpl$dleqf)
    __fpl_dcmple_InfNaN                      0x0800a527   Thumb Code     0  dleqf.o(x$fpl$dleqf)
    __aeabi_dmul                             0x0800a53d   Thumb Code     0  dmul.o(x$fpl$dmul)
    _dmul                                    0x0800a53d   Thumb Code   332  dmul.o(x$fpl$dmul)
    __fpl_dnaninf                            0x0800a691   Thumb Code   156  dnaninf.o(x$fpl$dnaninf)
    _drem                                    0x0800a72d   Thumb Code   328  drem_clz.o(x$fpl$drem)
    __fpl_dretinf                            0x0800a87d   Thumb Code    12  dretinf.o(x$fpl$dretinf)
    __aeabi_cdrcmple                         0x0800a889   Thumb Code     0  drleqf.o(x$fpl$drleqf)
    _drcmple                                 0x0800a889   Thumb Code   108  drleqf.o(x$fpl$drleqf)
    __aeabi_drsub                            0x0800a8f5   Thumb Code     0  daddsub_clz.o(x$fpl$drsb)
    _drsb                                    0x0800a8f5   Thumb Code    22  daddsub_clz.o(x$fpl$drsb)
    __aeabi_dsub                             0x0800a90d   Thumb Code     0  daddsub_clz.o(x$fpl$dsub)
    _dsub                                    0x0800a90d   Thumb Code   464  daddsub_clz.o(x$fpl$dsub)
    __aeabi_f2d                              0x0800aae1   Thumb Code     0  f2d.o(x$fpl$f2d)
    _f2d                                     0x0800aae1   Thumb Code    86  f2d.o(x$fpl$f2d)
    __fpl_fnaninf                            0x0800ab37   Thumb Code   140  fnaninf.o(x$fpl$fnaninf)
    _fp_init                                 0x0800abc3   Thumb Code    10  fpinit.o(x$fpl$fpinit)
    __fplib_config_fpu_vfp                   0x0800abcb   Thumb Code     0  fpinit.o(x$fpl$fpinit)
    __fplib_config_pureend_doubles           0x0800abcb   Thumb Code     0  fpinit.o(x$fpl$fpinit)
    __fpl_fretinf                            0x0800abcd   Thumb Code    10  fretinf.o(x$fpl$fretinf)
    __I$use$fp                               0x0800abd6   Number         0  usenofp.o(x$fpl$usenofp)
    defaultTask_attributes                   0x0800abd8   Data          36  freertos.o(.constdata)
    LocateTask_attributes                    0x0800abfc   Data          36  freertos.o(.constdata)
    ChassisTask_attributes                   0x0800ac20   Data          36  freertos.o(.constdata)
    MonitorTask_attributes                   0x0800ac44   Data          36  freertos.o(.constdata)
    AHBPrescTable                            0x0800ac68   Data          16  system_stm32f4xx.o(.constdata)
    APBPrescTable                            0x0800ac78   Data           8  system_stm32f4xx.o(.constdata)
    g_CAN1_Prop_Count                        0x0800ae24   Data           1  can_proplist.o(.constdata)
    g_CAN2_Prop_Count                        0x0800ae25   Data           1  can_proplist.o(.constdata)
    g_My_USART1_Prop_Count                   0x0800ae26   Data           1  com_proplist.o(.constdata)
    g_My_USART2_Prop_Count                   0x0800ae27   Data           1  com_proplist.o(.constdata)
    g_My_USART3_Prop_Count                   0x0800ae28   Data           1  com_proplist.o(.constdata)
    g_My_USART4_Prop_Count                   0x0800ae29   Data           1  com_proplist.o(.constdata)
    area_two_blue                            0x0800aec4   Data        6160  area_2.o(.constdata)
    area_two_red                             0x0800c6d4   Data        6160  area_2.o(.constdata)
    area_three_blue                          0x0800dee4   Data        6328  area_3.o(.constdata)
    area_three_red                           0x0800f79c   Data        6160  area_3.o(.constdata)
    collide_ball1_blue                       0x08010fac   Data        4256  collide_ball.o(.constdata)
    collide_ball2_front_blue                 0x0801204c   Data        5012  collide_ball.o(.constdata)
    collide_ball2_middle_blue                0x080133e0   Data        5264  collide_ball.o(.constdata)
    collide_ball1_red                        0x08014870   Data        4256  collide_ball.o(.constdata)
    collide_ball2_front_red                  0x08015910   Data        5012  collide_ball.o(.constdata)
    collide_ball2_middle_red                 0x08016ca4   Data        5264  collide_ball.o(.constdata)
    reset_blue                               0x08018134   Data        5656  reset.o(.constdata)
    reset2_blue                              0x0801974c   Data        4004  reset.o(.constdata)
    reset_red                                0x0801a6f0   Data        5656  reset.o(.constdata)
    reset2_red                               0x0801bd08   Data        4004  reset.o(.constdata)
    test_blue                                0x0801ccac   Data       11508  test.o(.constdata)
    test_red                                 0x0801f9a0   Data       11508  test.o(.constdata)
    uphill_1_blue                            0x08022694   Data        3948  uphill_1.o(.constdata)
    uphill_1_red                             0x08023600   Data        3948  uphill_1.o(.constdata)
    uphill_2_blue                            0x0802456c   Data        1904  uphill_2.o(.constdata)
    uphill_2_red                             0x08024cdc   Data        1904  uphill_2.o(.constdata)
    sinTable_f32                             0x080255bc   Data        2052  arm_common_tables.o(.rodata.sinTable_f32)
    Region$$Table$$Base                      0x08025dc0   Number         0  anon$$obj.o(Region$$Table)
    Region$$Table$$Limit                     0x08025de0   Number         0  anon$$obj.o(Region$$Table)
    defaultTaskHandle                        0x20000000   Data           4  freertos.o(.data)
    LocateTaskHandle                         0x20000004   Data           4  freertos.o(.data)
    ChassisTaskHandle                        0x20000008   Data           4  freertos.o(.data)
    MonitorTaskHandle                        0x2000000c   Data           4  freertos.o(.data)
    data_uart_rec                            0x20000014   Data           1  usart.o(.data)
    uwTickFreq                               0x20000018   Data           1  stm32f4xx_hal.o(.data)
    uwTickPrio                               0x2000001c   Data           4  stm32f4xx_hal.o(.data)
    uwTick                                   0x20000020   Data           4  stm32f4xx_hal.o(.data)
    SystemCoreClock                          0x20000024   Data           4  system_stm32f4xx.o(.data)
    pxCurrentTCB                             0x20000028   Data           4  tasks.o(.data)
    delta                                    0x200000ac   Data           4  gyro.o(.data)
    pre_time                                 0x200000b0   Data           4  gyro.o(.data)
    now_time                                 0x200000b4   Data           4  gyro.o(.data)
    g_CAN1_Prop_Array                        0x200000c0   Data          24  can_proplist.o(.data)
    g_CAN2_Prop_Array                        0x200000d8   Data           8  can_proplist.o(.data)
    g_My_USART1_COM_Rec_Status               0x200000e0   Data           4  com_basic.o(.data)
    g_My_USART2_COM_Rec_Status               0x200000e4   Data           4  com_basic.o(.data)
    g_My_USART3_COM_Rec_Status               0x200000e8   Data           4  com_basic.o(.data)
    g_My_USART4_COM_Rec_Status               0x200000ec   Data           4  com_basic.o(.data)
    g_My_USART1_Prop_Array                   0x200000f4   Data           8  com_proplist.o(.data)
    g_My_USART2_Prop_Array                   0x200000fc   Data           8  com_proplist.o(.data)
    g_My_USART3_Prop_Array                   0x20000104   Data           8  com_proplist.o(.data)
    g_My_USART4_Prop_Array                   0x2000010c   Data          32  com_proplist.o(.data)
    nav_start                                0x2000012c   Data           1  taskchassis.o(.data)
    LED_num                                  0x2000012d   Data           1  taskchassis.o(.data)
    LED_count                                0x2000012e   Data           1  taskchassis.o(.data)
    num                                      0x20000130   Data           4  taskchassis.o(.data)
    Chassis_Start_X                          0x20000134   Data           4  taskchassis.o(.data)
    Chassis_Start_Y                          0x20000138   Data           4  taskchassis.o(.data)
    Chassis_Start_Alpha                      0x2000013c   Data           4  taskchassis.o(.data)
    Interval_R                               0x20000154   Data          16  parking.o(.data)
    Kp_R                                     0x20000164   Data          20  parking.o(.data)
    init_time                                0x20000178   Data           1  locate.o(.data)
    hadc1                                    0x2000017c   Data          72  adc.o(.bss)
    hcan1                                    0x200001c4   Data          40  can.o(.bss)
    hcan2                                    0x200001ec   Data          40  can.o(.bss)
    hspi1                                    0x20000214   Data          88  spi.o(.bss)
    hspi2                                    0x2000026c   Data          88  spi.o(.bss)
    htim2                                    0x200002c4   Data          72  tim.o(.bss)
    htim3                                    0x2000030c   Data          72  tim.o(.bss)
    htim4                                    0x20000354   Data          72  tim.o(.bss)
    htim5                                    0x2000039c   Data          72  tim.o(.bss)
    htim6                                    0x200003e4   Data          72  tim.o(.bss)
    htim10                                   0x2000042c   Data          72  tim.o(.bss)
    huart1                                   0x20000474   Data          68  usart.o(.bss)
    huart2                                   0x200004b8   Data          68  usart.o(.bss)
    huart6                                   0x200004fc   Data          68  usart.o(.bss)
    htim7                                    0x20000540   Data          72  stm32f4xx_hal_timebase_tim.o(.bss)
    xQueueRegistry                           0x20000588   Data          64  queue.o(.bss)
    g_CAN1_Frame_tsm                         0x20003970   Data          16  can_basic.o(.bss)
    g_CAN1_Frame_rcv                         0x20003980   Data          16  can_basic.o(.bss)
    g_CAN2_Frame_rcv                         0x20003990   Data          16  can_basic.o(.bss)
    Wheel_Speed                              0x200039a0   Data          16  can_commandlib.o(.bss)
    g_My_USART1_COM_Rec                      0x200039b0   Data         132  com_basic.o(.bss)
    g_My_USART2_COM_Rec                      0x20003a34   Data         132  com_basic.o(.bss)
    g_My_USART3_COM_Rec                      0x20003ab8   Data         132  com_basic.o(.bss)
    g_My_USART4_COM_Rec                      0x20003b3c   Data         132  com_basic.o(.bss)
    g_Chassis_Instance                       0x20003bc0   Data         132  taskchassis.o(.bss)
    g_AutoRun_Controller_Instance            0x20003c44   Data          96  taskchassis.o(.bss)
    g_Manual_Controller_Instance             0x20003ca4   Data          12  taskchassis.o(.bss)
    g_NaviController_Instance                0x20003cb0   Data         112  taskchassis.o(.bss)
    g_PathInforms                            0x20003d20   Data         900  taskchassis.o(.bss)
    g_Parking_Controller_Instance            0x200040a4   Data         104  taskchassis.o(.bss)
    g_Trajectory_Analyzer_Instance           0x2000410c   Data          24  trajactory_analyzer.o(.bss)
    LocateSystem                             0x20004124   Data          68  locate.o(.bss)
    GyroSystem                               0x20004168   Data          48  locate.o(.bss)
    ENCSystem                                0x20004198   Data          52  locate.o(.bss)
    EncoderSubSystem                         0x200041cc   Data          84  encodersubsys.o(.bss)
    __libspace_start                         0x20004220   Data          96  libspace.o(.bss)
    __temporary_stack_top$libspace           0x20004280   Data           0  libspace.o(.bss)



==============================================================================

Memory Map of the image

  Image Entry point : 0x08000189

  Load Region LR_IROM1 (Base: 0x08000000, Size: 0x00025f5c, Max: 0x00100000, ABSOLUTE, COMPRESSED[0x00025e4c])

    Execution Region ER_IROM1 (Exec base: 0x08000000, Load base: 0x08000000, Size: 0x00025de0, Max: 0x00100000, ABSOLUTE)

    Exec Addr    Load Addr    Size         Type   Attr      Idx    E Section Name        Object

    0x08000000   0x08000000   0x00000188   Data   RO            3    RESET               startup_stm32f405xx.o
    0x08000188   0x08000188   0x00000008   Code   RO         7622  * !!!main             c_w.l(__main.o)
    0x08000190   0x08000190   0x00000034   Code   RO         7963    !!!scatter          c_w.l(__scatter.o)
    0x080001c4   0x080001c4   0x0000003a   Code   RO         7961    !!dczerorl          c_w.l(__dczerorl.o)
    0x080001fe   0x080001fe   0x00000002   PAD
    0x08000200   0x08000200   0x0000001c   Code   RO         7965    !!handler_zi        c_w.l(__scatter_zi.o)
    0x0800021c   0x0800021c   0x00000002   Code   RO         7898    .ARM.Collect$$libinit$$00000000  c_w.l(libinit.o)
    0x0800021e   0x0800021e   0x00000004   Code   RO         7732    .ARM.Collect$$libinit$$00000001  c_w.l(libinit2.o)
    0x08000222   0x08000222   0x00000000   Code   RO         7735    .ARM.Collect$$libinit$$00000004  c_w.l(libinit2.o)
    0x08000222   0x08000222   0x00000000   Code   RO         7738    .ARM.Collect$$libinit$$0000000A  c_w.l(libinit2.o)
    0x08000222   0x08000222   0x00000000   Code   RO         7740    .ARM.Collect$$libinit$$0000000C  c_w.l(libinit2.o)
    0x08000222   0x08000222   0x00000000   Code   RO         7742    .ARM.Collect$$libinit$$0000000E  c_w.l(libinit2.o)
    0x08000222   0x08000222   0x00000000   Code   RO         7745    .ARM.Collect$$libinit$$00000011  c_w.l(libinit2.o)
    0x08000222   0x08000222   0x00000000   Code   RO         7747    .ARM.Collect$$libinit$$00000013  c_w.l(libinit2.o)
    0x08000222   0x08000222   0x00000000   Code   RO         7749    .ARM.Collect$$libinit$$00000015  c_w.l(libinit2.o)
    0x08000222   0x08000222   0x00000000   Code   RO         7751    .ARM.Collect$$libinit$$00000017  c_w.l(libinit2.o)
    0x08000222   0x08000222   0x00000000   Code   RO         7753    .ARM.Collect$$libinit$$00000019  c_w.l(libinit2.o)
    0x08000222   0x08000222   0x00000000   Code   RO         7755    .ARM.Collect$$libinit$$0000001B  c_w.l(libinit2.o)
    0x08000222   0x08000222   0x00000000   Code   RO         7757    .ARM.Collect$$libinit$$0000001D  c_w.l(libinit2.o)
    0x08000222   0x08000222   0x00000000   Code   RO         7759    .ARM.Collect$$libinit$$0000001F  c_w.l(libinit2.o)
    0x08000222   0x08000222   0x00000000   Code   RO         7761    .ARM.Collect$$libinit$$00000021  c_w.l(libinit2.o)
    0x08000222   0x08000222   0x00000000   Code   RO         7763    .ARM.Collect$$libinit$$00000023  c_w.l(libinit2.o)
    0x08000222   0x08000222   0x00000000   Code   RO         7765    .ARM.Collect$$libinit$$00000025  c_w.l(libinit2.o)
    0x08000222   0x08000222   0x00000000   Code   RO         7769    .ARM.Collect$$libinit$$0000002C  c_w.l(libinit2.o)
    0x08000222   0x08000222   0x00000000   Code   RO         7771    .ARM.Collect$$libinit$$0000002E  c_w.l(libinit2.o)
    0x08000222   0x08000222   0x00000000   Code   RO         7773    .ARM.Collect$$libinit$$00000030  c_w.l(libinit2.o)
    0x08000222   0x08000222   0x00000000   Code   RO         7775    .ARM.Collect$$libinit$$00000032  c_w.l(libinit2.o)
    0x08000222   0x08000222   0x00000002   Code   RO         7776    .ARM.Collect$$libinit$$00000033  c_w.l(libinit2.o)
    0x08000224   0x08000224   0x00000002   Code   RO         7958    .ARM.Collect$$libshutdown$$00000000  c_w.l(libshutdown.o)
    0x08000226   0x08000226   0x00000000   Code   RO         7916    .ARM.Collect$$libshutdown$$00000002  c_w.l(libshutdown2.o)
    0x08000226   0x08000226   0x00000000   Code   RO         7918    .ARM.Collect$$libshutdown$$00000004  c_w.l(libshutdown2.o)
    0x08000226   0x08000226   0x00000000   Code   RO         7921    .ARM.Collect$$libshutdown$$00000007  c_w.l(libshutdown2.o)
    0x08000226   0x08000226   0x00000000   Code   RO         7924    .ARM.Collect$$libshutdown$$0000000A  c_w.l(libshutdown2.o)
    0x08000226   0x08000226   0x00000000   Code   RO         7926    .ARM.Collect$$libshutdown$$0000000C  c_w.l(libshutdown2.o)
    0x08000226   0x08000226   0x00000000   Code   RO         7929    .ARM.Collect$$libshutdown$$0000000F  c_w.l(libshutdown2.o)
    0x08000226   0x08000226   0x00000002   Code   RO         7930    .ARM.Collect$$libshutdown$$00000010  c_w.l(libshutdown2.o)
    0x08000228   0x08000228   0x00000000   Code   RO         7690    .ARM.Collect$$rtentry$$00000000  c_w.l(__rtentry.o)
    0x08000228   0x08000228   0x00000000   Code   RO         7828    .ARM.Collect$$rtentry$$00000002  c_w.l(__rtentry2.o)
    0x08000228   0x08000228   0x00000006   Code   RO         7840    .ARM.Collect$$rtentry$$00000004  c_w.l(__rtentry4.o)
    0x0800022e   0x0800022e   0x00000000   Code   RO         7830    .ARM.Collect$$rtentry$$00000009  c_w.l(__rtentry2.o)
    0x0800022e   0x0800022e   0x00000004   Code   RO         7831    .ARM.Collect$$rtentry$$0000000A  c_w.l(__rtentry2.o)
    0x08000232   0x08000232   0x00000000   Code   RO         7833    .ARM.Collect$$rtentry$$0000000C  c_w.l(__rtentry2.o)
    0x08000232   0x08000232   0x00000008   Code   RO         7834    .ARM.Collect$$rtentry$$0000000D  c_w.l(__rtentry2.o)
    0x0800023a   0x0800023a   0x00000002   Code   RO         7903    .ARM.Collect$$rtexit$$00000000  c_w.l(rtexit.o)
    0x0800023c   0x0800023c   0x00000000   Code   RO         7934    .ARM.Collect$$rtexit$$00000002  c_w.l(rtexit2.o)
    0x0800023c   0x0800023c   0x00000004   Code   RO         7935    .ARM.Collect$$rtexit$$00000003  c_w.l(rtexit2.o)
    0x08000240   0x08000240   0x00000006   Code   RO         7936    .ARM.Collect$$rtexit$$00000004  c_w.l(rtexit2.o)
    0x08000246   0x08000246   0x00000002   PAD
    0x08000248   0x08000248   0x000000be   Code   RO         5834    .emb_text           port.o
    0x08000306   0x08000306   0x00000002   PAD
    0x08000308   0x08000308   0x00000040   Code   RO            4    .text               startup_stm32f405xx.o
    0x08000348   0x08000348   0x000000ee   Code   RO         7608    .text               c_w.l(lludivv7m.o)
    0x08000436   0x08000436   0x0000008a   Code   RO         7610    .text               c_w.l(rt_memcpy_v6.o)
    0x080004c0   0x080004c0   0x00000064   Code   RO         7612    .text               c_w.l(rt_memcpy_w.o)
    0x08000524   0x08000524   0x00000010   Code   RO         7616    .text               c_w.l(aeabi_memset.o)
    0x08000534   0x08000534   0x0000004e   Code   RO         7618    .text               c_w.l(rt_memclr_w.o)
    0x08000582   0x08000582   0x00000006   Code   RO         7620    .text               c_w.l(heapauxi.o)
    0x08000588   0x08000588   0x00000016   Code   RO         7726    .text               c_w.l(_rserrno.o)
    0x0800059e   0x0800059e   0x00000044   Code   RO         7728    .text               c_w.l(rt_memclr.o)
    0x080005e2   0x080005e2   0x00000002   PAD
    0x080005e4   0x080005e4   0x00000008   Code   RO         7824    .text               c_w.l(libspace.o)
    0x080005ec   0x080005ec   0x00000008   Code   RO         7847    .text               c_w.l(rt_errno_addr_intlibspace.o)
    0x080005f4   0x080005f4   0x00000002   Code   RO         7870    .text               c_w.l(use_no_semi.o)
    0x080005f6   0x080005f6   0x00000000   Code   RO         7872    .text               c_w.l(indicate_semi.o)
    0x080005f6   0x080005f6   0x0000004a   Code   RO         7873    .text               c_w.l(sys_stackheap_outer.o)
    0x08000640   0x08000640   0x00000012   Code   RO         7879    .text               c_w.l(exit.o)
    0x08000652   0x08000652   0x00000002   PAD
    0x08000654   0x08000654   0x0000000c   Code   RO         7901    .text               c_w.l(sys_exit.o)
    0x08000660   0x08000660   0x000000a0   Code   RO         7416    .text.arm_cos_f32   arm_cortexM4lf_math.lib(arm_cos_f32.o)
    0x08000700   0x08000700   0x00000098   Code   RO         7426    .text.arm_sin_f32   arm_cortexM4lf_math.lib(arm_sin_f32.o)
    0x08000798   0x08000798   0x0000000c   Code   RO          625    i.ADC_IRQHandler    stm32f4xx_it.o
    0x080007a4   0x080007a4   0x00000178   Code   RO          809    i.ADC_Init          stm32f4xx_hal_adc.o
    0x0800091c   0x0800091c   0x0000029c   Code   RO         6831    i.Auto_Run_Controller_CtrlCmd  auto_run.o
    0x08000bb8   0x08000bb8   0x00000074   Code   RO         6832    i.Auto_Run_Controller_Init  auto_run.o
    0x08000c2c   0x08000c2c   0x00000044   Code   RO         6833    i.Auto_Run_Controller_Reset  auto_run.o
    0x08000c70   0x08000c70   0x00000002   Code   RO          626    i.BusFault_Handler  stm32f4xx_it.o
    0x08000c72   0x08000c72   0x00000002   PAD
    0x08000c74   0x08000c74   0x0000000c   Code   RO          627    i.CAN1_RX0_IRQHandler  stm32f4xx_it.o
    0x08000c80   0x08000c80   0x00000024   Code   RO         6278    i.CAN1_Start        can_basic.o
    0x08000ca4   0x08000ca4   0x0000000c   Code   RO          628    i.CAN2_RX1_IRQHandler  stm32f4xx_it.o
    0x08000cb0   0x08000cb0   0x00000024   Code   RO         6279    i.CAN2_Start        can_basic.o
    0x08000cd4   0x08000cd4   0x00000040   Code   RO         6776    i.Chassis_Init      chassisinit.o
    0x08000d14   0x08000d14   0x000000a8   Code   RO         6834    i.Chassis_Lock      auto_run.o
    0x08000dbc   0x08000dbc   0x00000026   Code   RO         6800    i.Chassis_Motor_Drive  chassis_motor_drive.o
    0x08000de2   0x08000de2   0x00000002   PAD
    0x08000de4   0x08000de4   0x00000036   Code   RO         7042    i.Check_Speed       parking.o
    0x08000e1a   0x08000e1a   0x00000002   Code   RO          629    i.DebugMon_Handler  stm32f4xx_it.o
    0x08000e1c   0x08000e1c   0x00000048   Code   RO         6235    i.ENC_Init          encoder.o
    0x08000e64   0x08000e64   0x000000bc   Code   RO         6236    i.ENCx_Read         encoder.o
    0x08000f20   0x08000f20   0x0000002c   Code   RO         6237    i.ENCx_Reset        encoder.o
    0x08000f4c   0x08000f4c   0x00000016   Code   RO          630    i.EXTI9_5_IRQHandler  stm32f4xx_it.o
    0x08000f62   0x08000f62   0x00000004   Code   RO           13    i.Error_Handler     main.o
    0x08000f66   0x08000f66   0x00000002   Code   RO         6429    i.ExtID_Non_Protocol_CAN1  can_executelib.o
    0x08000f68   0x08000f68   0x00000074   Code   RO         5915    i.FastTableAtan     hust_math_lib.o
    0x08000fdc   0x08000fdc   0x000000bc   Code   RO         5916    i.FastTableAtan2    hust_math_lib.o
    0x08001098   0x08001098   0x00000024   Code   RO         6280    i.Find_Method_CAN   can_basic.o
    0x080010bc   0x080010bc   0x00000024   Code   RO         6508    i.Find_Method_COM   com_basic.o
    0x080010e0   0x080010e0   0x0000006c   Code   RO         6281    i.Get_Frame_CAN     can_basic.o
    0x0800114c   0x0800114c   0x000000bc   Code   RO         6509    i.Get_Frame_COM     com_basic.o
    0x08001208   0x08001208   0x000000c8   Code   RO         6431    i.Get_Train_Info    can_executelib.o
    0x080012d0   0x080012d0   0x0000001c   Code   RO         6003    i.GlobalAngle2RobotAngle  frame_change.o
    0x080012ec   0x080012ec   0x000000d8   Code   RO         6161    i.Gyro_ADC_Init     gyro.o
    0x080013c4   0x080013c4   0x0000007c   Code   RO         6162    i.Gyro_ADC_Write_Dat  gyro.o
    0x08001440   0x08001440   0x00000124   Code   RO         6163    i.Gyro_ADC_Write_Reg  gyro.o
    0x08001564   0x08001564   0x0000008c   Code   RO         6164    i.Gyro_Get_Data     gyro.o
    0x080015f0   0x080015f0   0x000000a0   Code   RO         6165    i.Gyro_Init         gyro.o
    0x08001690   0x08001690   0x00000070   Code   RO         6166    i.Gyro_Zero_Drift   gyro.o
    0x08001700   0x08001700   0x00000002   Code   RO          980    i.HAL_ADCEx_InjectedConvCpltCallback  stm32f4xx_hal_adc_ex.o
    0x08001702   0x08001702   0x00000002   PAD
    0x08001704   0x08001704   0x000001d4   Code   RO          811    i.HAL_ADC_ConfigChannel  stm32f4xx_hal_adc.o
    0x080018d8   0x080018d8   0x00000002   Code   RO          812    i.HAL_ADC_ConvCpltCallback  stm32f4xx_hal_adc.o
    0x080018da   0x080018da   0x00000002   Code   RO          815    i.HAL_ADC_ErrorCallback  stm32f4xx_hal_adc.o
    0x080018dc   0x080018dc   0x000001a4   Code   RO          819    i.HAL_ADC_IRQHandler  stm32f4xx_hal_adc.o
    0x08001a80   0x08001a80   0x00000220   Code   RO          820    i.HAL_ADC_Init      stm32f4xx_hal_adc.o
    0x08001ca0   0x08001ca0   0x00000002   Code   RO          821    i.HAL_ADC_LevelOutOfWindowCallback  stm32f4xx_hal_adc.o
    0x08001ca2   0x08001ca2   0x00000002   PAD
    0x08001ca4   0x08001ca4   0x00000070   Code   RO          342    i.HAL_ADC_MspInit   adc.o
    0x08001d14   0x08001d14   0x00000178   Code   RO          828    i.HAL_ADC_Start_IT  stm32f4xx_hal_adc.o
    0x08001e8c   0x08001e8c   0x00000078   Code   RO         2232    i.HAL_CAN_ActivateNotification  stm32f4xx_hal_can.o
    0x08001f04   0x08001f04   0x00000180   Code   RO         2233    i.HAL_CAN_AddTxMessage  stm32f4xx_hal_can.o
    0x08002084   0x08002084   0x000001f4   Code   RO         2234    i.HAL_CAN_ConfigFilter  stm32f4xx_hal_can.o
    0x08002278   0x08002278   0x00000002   Code   RO         2237    i.HAL_CAN_ErrorCallback  stm32f4xx_hal_can.o
    0x0800227a   0x0800227a   0x00000002   PAD
    0x0800227c   0x0800227c   0x00000140   Code   RO         2240    i.HAL_CAN_GetRxMessage  stm32f4xx_hal_can.o
    0x080023bc   0x080023bc   0x000001fc   Code   RO         2244    i.HAL_CAN_IRQHandler  stm32f4xx_hal_can.o
    0x080025b8   0x080025b8   0x000002d8   Code   RO         2245    i.HAL_CAN_Init      stm32f4xx_hal_can.o
    0x08002890   0x08002890   0x00000100   Code   RO          384    i.HAL_CAN_MspInit   can.o
    0x08002990   0x08002990   0x00000002   Code   RO         2252    i.HAL_CAN_RxFifo0FullCallback  stm32f4xx_hal_can.o
    0x08002992   0x08002992   0x00000002   PAD
    0x08002994   0x08002994   0x00000048   Code   RO         6282    i.HAL_CAN_RxFifo0MsgPendingCallback  can_basic.o
    0x080029dc   0x080029dc   0x00000002   Code   RO         2254    i.HAL_CAN_RxFifo1FullCallback  stm32f4xx_hal_can.o
    0x080029de   0x080029de   0x00000002   Code   RO         2255    i.HAL_CAN_RxFifo1MsgPendingCallback  stm32f4xx_hal_can.o
    0x080029e0   0x080029e0   0x00000002   Code   RO         2256    i.HAL_CAN_SleepCallback  stm32f4xx_hal_can.o
    0x080029e2   0x080029e2   0x00000002   PAD
    0x080029e4   0x080029e4   0x00000058   Code   RO         2257    i.HAL_CAN_Start     stm32f4xx_hal_can.o
    0x08002a3c   0x08002a3c   0x00000002   Code   RO         2259    i.HAL_CAN_TxMailbox0AbortCallback  stm32f4xx_hal_can.o
    0x08002a3e   0x08002a3e   0x00000002   Code   RO         2260    i.HAL_CAN_TxMailbox0CompleteCallback  stm32f4xx_hal_can.o
    0x08002a40   0x08002a40   0x00000002   Code   RO         2261    i.HAL_CAN_TxMailbox1AbortCallback  stm32f4xx_hal_can.o
    0x08002a42   0x08002a42   0x00000002   Code   RO         2262    i.HAL_CAN_TxMailbox1CompleteCallback  stm32f4xx_hal_can.o
    0x08002a44   0x08002a44   0x00000002   Code   RO         2263    i.HAL_CAN_TxMailbox2AbortCallback  stm32f4xx_hal_can.o
    0x08002a46   0x08002a46   0x00000002   Code   RO         2264    i.HAL_CAN_TxMailbox2CompleteCallback  stm32f4xx_hal_can.o
    0x08002a48   0x08002a48   0x00000002   Code   RO         2266    i.HAL_CAN_WakeUpFromRxMsgCallback  stm32f4xx_hal_can.o
    0x08002a4a   0x08002a4a   0x00000092   Code   RO         1561    i.HAL_DMA_Abort     stm32f4xx_hal_dma.o
    0x08002adc   0x08002adc   0x00000024   Code   RO         1562    i.HAL_DMA_Abort_IT  stm32f4xx_hal_dma.o
    0x08002b00   0x08002b00   0x00000002   Code   RO         1452    i.HAL_GPIO_EXTI_Callback  stm32f4xx_hal_gpio.o
    0x08002b02   0x08002b02   0x00000002   PAD
    0x08002b04   0x08002b04   0x00000018   Code   RO         1453    i.HAL_GPIO_EXTI_IRQHandler  stm32f4xx_hal_gpio.o
    0x08002b1c   0x08002b1c   0x000002f4   Code   RO         1454    i.HAL_GPIO_Init     stm32f4xx_hal_gpio.o
    0x08002e10   0x08002e10   0x00000058   Code   RO         1456    i.HAL_GPIO_ReadPin  stm32f4xx_hal_gpio.o
    0x08002e68   0x08002e68   0x0000006c   Code   RO         1458    i.HAL_GPIO_WritePin  stm32f4xx_hal_gpio.o
    0x08002ed4   0x08002ed4   0x0000000c   Code   RO         1986    i.HAL_GetTick       stm32f4xx_hal.o
    0x08002ee0   0x08002ee0   0x00000010   Code   RO         1992    i.HAL_IncTick       stm32f4xx_hal.o
    0x08002ef0   0x08002ef0   0x00000034   Code   RO         1993    i.HAL_Init          stm32f4xx_hal.o
    0x08002f24   0x08002f24   0x00000098   Code   RO          767    i.HAL_InitTick      stm32f4xx_hal_timebase_tim.o
    0x08002fbc   0x08002fbc   0x00000038   Code   RO          743    i.HAL_MspInit       stm32f4xx_hal_msp.o
    0x08002ff4   0x08002ff4   0x00000064   Code   RO         1843    i.HAL_NVIC_EnableIRQ  stm32f4xx_hal_cortex.o
    0x08003058   0x08003058   0x000000a0   Code   RO         1849    i.HAL_NVIC_SetPriority  stm32f4xx_hal_cortex.o
    0x080030f8   0x080030f8   0x00000080   Code   RO         1850    i.HAL_NVIC_SetPriorityGrouping  stm32f4xx_hal_cortex.o
    0x08003178   0x08003178   0x0000024c   Code   RO         1085    i.HAL_RCC_ClockConfig  stm32f4xx_hal_rcc.o
    0x080033c4   0x080033c4   0x00000040   Code   RO         1089    i.HAL_RCC_GetClockConfig  stm32f4xx_hal_rcc.o
    0x08003404   0x08003404   0x00000020   Code   RO         1092    i.HAL_RCC_GetPCLK1Freq  stm32f4xx_hal_rcc.o
    0x08003424   0x08003424   0x00000020   Code   RO         1093    i.HAL_RCC_GetPCLK2Freq  stm32f4xx_hal_rcc.o
    0x08003444   0x08003444   0x00000060   Code   RO         1094    i.HAL_RCC_GetSysClockFreq  stm32f4xx_hal_rcc.o
    0x080034a4   0x080034a4   0x000004a8   Code   RO         1097    i.HAL_RCC_OscConfig  stm32f4xx_hal_rcc.o
    0x0800394c   0x0800394c   0x0000024c   Code   RO         2476    i.HAL_SPI_Init      stm32f4xx_hal_spi.o
    0x08003b98   0x08003b98   0x000000d0   Code   RO          433    i.HAL_SPI_MspInit   spi.o
    0x08003c68   0x08003c68   0x00000228   Code   RO         2485    i.HAL_SPI_TransmitReceive  stm32f4xx_hal_spi.o
    0x08003e90   0x08003e90   0x00000002   Code   RO         3494    i.HAL_TIMEx_BreakCallback  stm32f4xx_hal_tim_ex.o
    0x08003e92   0x08003e92   0x00000002   Code   RO         3495    i.HAL_TIMEx_CommutCallback  stm32f4xx_hal_tim_ex.o
    0x08003e94   0x08003e94   0x00000150   Code   RO         3513    i.HAL_TIMEx_MasterConfigSynchronization  stm32f4xx_hal_tim_ex.o
    0x08003fe4   0x08003fe4   0x00000170   Code   RO         2789    i.HAL_TIM_Base_Init  stm32f4xx_hal_tim.o
    0x08004154   0x08004154   0x00000098   Code   RO          487    i.HAL_TIM_Base_MspInit  tim.o
    0x080041ec   0x080041ec   0x00000130   Code   RO         2794    i.HAL_TIM_Base_Start_IT  stm32f4xx_hal_tim.o
    0x0800431c   0x0800431c   0x00000410   Code   RO         2798    i.HAL_TIM_ConfigClockSource  stm32f4xx_hal_tim.o
    0x0800472c   0x0800472c   0x00000244   Code   RO         2810    i.HAL_TIM_Encoder_Init  stm32f4xx_hal_tim.o
    0x08004970   0x08004970   0x00000094   Code   RO          489    i.HAL_TIM_Encoder_MspInit  tim.o
    0x08004a04   0x08004a04   0x00000002   Code   RO         2823    i.HAL_TIM_IC_CaptureCallback  stm32f4xx_hal_tim.o
    0x08004a06   0x08004a06   0x00000166   Code   RO         2837    i.HAL_TIM_IRQHandler  stm32f4xx_hal_tim.o
    0x08004b6c   0x08004b6c   0x00000002   Code   RO         2840    i.HAL_TIM_OC_DelayElapsedCallback  stm32f4xx_hal_tim.o
    0x08004b6e   0x08004b6e   0x00000002   Code   RO         2867    i.HAL_TIM_PWM_PulseFinishedCallback  stm32f4xx_hal_tim.o
    0x08004b70   0x08004b70   0x00000030   Code   RO           14    i.HAL_TIM_PeriodElapsedCallback  main.o
    0x08004ba0   0x08004ba0   0x00000002   Code   RO         2880    i.HAL_TIM_TriggerCallback  stm32f4xx_hal_tim.o
    0x08004ba2   0x08004ba2   0x00000002   Code   RO         3772    i.HAL_UARTEx_RxEventCallback  stm32f4xx_hal_uart.o
    0x08004ba4   0x08004ba4   0x00000024   Code   RO         6510    i.HAL_UART_ErrorCallback  com_basic.o
    0x08004bc8   0x08004bc8   0x00000268   Code   RO         3789    i.HAL_UART_IRQHandler  stm32f4xx_hal_uart.o
    0x08004e30   0x08004e30   0x0000014c   Code   RO         3790    i.HAL_UART_Init     stm32f4xx_hal_uart.o
    0x08004f7c   0x08004f7c   0x0000010c   Code   RO          571    i.HAL_UART_MspInit  usart.o
    0x08005088   0x08005088   0x0000002a   Code   RO         3795    i.HAL_UART_Receive_IT  stm32f4xx_hal_uart.o
    0x080050b2   0x080050b2   0x00000002   PAD
    0x080050b4   0x080050b4   0x00000060   Code   RO         6511    i.HAL_UART_RxCpltCallback  com_basic.o
    0x08005114   0x08005114   0x00000002   Code   RO         3801    i.HAL_UART_TxCpltCallback  stm32f4xx_hal_uart.o
    0x08005116   0x08005116   0x00000002   Code   RO          631    i.HardFault_Handler  stm32f4xx_it.o
    0x08005118   0x08005118   0x00000030   Code   RO         6130    i.LED_Off           led.o
    0x08005148   0x08005148   0x00000030   Code   RO         6131    i.LED_On            led.o
    0x08005178   0x08005178   0x00000174   Code   RO         6946    i.Lateral_DecidePidParam  navigation.o
    0x080052ec   0x080052ec   0x00000158   Code   RO         6947    i.Linear_Navigation_CtrlCmd  navigation.o
    0x08005444   0x08005444   0x000000e0   Code   RO         7043    i.Linear_Parking_CtrlCmd  parking.o
    0x08005524   0x08005524   0x000000b4   Code   RO         7044    i.Linear_Parking_DecidePidParam  parking.o
    0x080055d8   0x080055d8   0x00000074   Code   RO         7116    i.LocateSysInit     locate.o
    0x0800564c   0x0800564c   0x00000068   Code   RO         5918    i.LookUpAtanTable   hust_math_lib.o
    0x080056b4   0x080056b4   0x00000064   Code   RO          343    i.MX_ADC1_Init      adc.o
    0x08005718   0x08005718   0x00000044   Code   RO          385    i.MX_CAN1_Init      can.o
    0x0800575c   0x0800575c   0x00000044   Code   RO          386    i.MX_CAN2_Init      can.o
    0x080057a0   0x080057a0   0x00000054   Code   RO          298    i.MX_FREERTOS_Init  freertos.o
    0x080057f4   0x080057f4   0x00000118   Code   RO          274    i.MX_GPIO_Init      gpio.o
    0x0800590c   0x0800590c   0x00000048   Code   RO          434    i.MX_SPI1_Init      spi.o
    0x08005954   0x08005954   0x00000048   Code   RO          435    i.MX_SPI2_Init      spi.o
    0x0800599c   0x0800599c   0x00000034   Code   RO          490    i.MX_TIM10_Init     tim.o
    0x080059d0   0x080059d0   0x00000064   Code   RO          491    i.MX_TIM2_Init      tim.o
    0x08005a34   0x08005a34   0x0000006c   Code   RO          492    i.MX_TIM3_Init      tim.o
    0x08005aa0   0x08005aa0   0x0000006c   Code   RO          493    i.MX_TIM4_Init      tim.o
    0x08005b0c   0x08005b0c   0x00000068   Code   RO          494    i.MX_TIM5_Init      tim.o
    0x08005b74   0x08005b74   0x00000044   Code   RO          495    i.MX_TIM6_Init      tim.o
    0x08005bb8   0x08005bb8   0x0000003c   Code   RO          572    i.MX_USART1_UART_Init  usart.o
    0x08005bf4   0x08005bf4   0x0000003c   Code   RO          573    i.MX_USART2_UART_Init  usart.o
    0x08005c30   0x08005c30   0x0000003c   Code   RO          574    i.MX_USART6_UART_Init  usart.o
    0x08005c6c   0x08005c6c   0x00000036   Code   RO         6875    i.Manual_Controller_CtrlCmd  manual_operation.o
    0x08005ca2   0x08005ca2   0x00000002   PAD
    0x08005ca4   0x08005ca4   0x0000001c   Code   RO         6876    i.Manual_Controller_Init  manual_operation.o
    0x08005cc0   0x08005cc0   0x00000014   Code   RO         6877    i.Manual_Controller_Reset  manual_operation.o
    0x08005cd4   0x08005cd4   0x00000002   Code   RO          632    i.MemManage_Handler  stm32f4xx_it.o
    0x08005cd6   0x08005cd6   0x00000002   Code   RO          633    i.NMI_Handler       stm32f4xx_it.o
    0x08005cd8   0x08005cd8   0x0000007c   Code   RO         6948    i.NaviController_Init  navigation.o
    0x08005d54   0x08005d54   0x00000048   Code   RO         6949    i.NaviController_Reset  navigation.o
    0x08005d9c   0x08005d9c   0x0000005c   Code   RO         5968    i.NormalizeAngle    hust_math_lib.o
    0x08005df8   0x08005df8   0x00000020   Code   RO         5919    i.OptimizeArm_sin_f32  hust_math_lib.o
    0x08005e18   0x08005e18   0x00000120   Code   RO         7045    i.Parking_Controller_CtrlCmd  parking.o
    0x08005f38   0x08005f38   0x00000094   Code   RO         7046    i.Parking_Controller_Init  parking.o
    0x08005fcc   0x08005fcc   0x00000050   Code   RO         7047    i.Parking_Controller_Reset  parking.o
    0x0800601c   0x0800601c   0x00000090   Code   RO         7048    i.Parking_Controller_Update  parking.o
    0x080060ac   0x080060ac   0x00000148   Code   RO         6918    i.Path_Init         path.o
    0x080061f4   0x080061f4   0x00000098   Code   RO         6112    i.Pid_Regulate      pid.o
    0x0800628c   0x0800628c   0x0000004c   Code   RO         6283    i.Process_Frame_CAN  can_basic.o
    0x080062d8   0x080062d8   0x00000060   Code   RO         6512    i.Process_Frame_COM  com_basic.o
    0x08006338   0x08006338   0x0000008c   Code   RO         6167    i.Read_Gyro_Rate    gyro.o
    0x080063c4   0x080063c4   0x0000019c   Code   RO         6168    i.Read_Gyro_Rate_Reg  gyro.o
    0x08006560   0x08006560   0x00000014   Code   RO         6633    i.Reset             com_executelib.o
    0x08006574   0x08006574   0x0000001c   Code   RO         6004    i.RobotAngle2GlobalAngle  frame_change.o
    0x08006590   0x08006590   0x000002c0   Code   RO         6950    i.Rotate_Navigation_CtrlCmd  navigation.o
    0x08006850   0x08006850   0x0000011c   Code   RO         7049    i.Rotate_Parking_CtrlCmd  parking.o
    0x0800696c   0x0800696c   0x00000098   Code   RO         7050    i.Rotate_Parking_DecidePidParam  parking.o
    0x08006a04   0x08006a04   0x00000010   Code   RO         6634    i.Run               com_executelib.o
    0x08006a14   0x08006a14   0x00000058   Code   RO         2514    i.SPI_EndRxTxTransaction  stm32f4xx_hal_spi.o
    0x08006a6c   0x08006a6c   0x00000032   Code   RO          436    i.SPI_ReadWriteByte  spi.o
    0x08006a9e   0x08006a9e   0x00000002   PAD
    0x08006aa0   0x08006aa0   0x000000b8   Code   RO         2519    i.SPI_WaitFlagStateUntilTimeout  stm32f4xx_hal_spi.o
    0x08006b58   0x08006b58   0x000000b4   Code   RO         6284    i.Send_Frame_CAN    can_basic.o
    0x08006c0c   0x08006c0c   0x00000094   Code   RO         6382    i.Set_Train_Info    can_commandlib.o
    0x08006ca0   0x08006ca0   0x00000008   Code   RO          299    i.StartDefaultTask  freertos.o
    0x08006ca8   0x08006ca8   0x00000002   Code   RO         6432    i.StdID_Non_Protocol_CAN1  can_executelib.o
    0x08006caa   0x08006caa   0x0000001a   Code   RO         5266    i.SysTick_Handler   cmsis_os2.o
    0x08006cc4   0x08006cc4   0x0000008c   Code   RO           15    i.SystemClock_Config  main.o
    0x08006d50   0x08006d50   0x00000010   Code   RO         4119    i.SystemInit        system_stm32f4xx.o
    0x08006d60   0x08006d60   0x0000000c   Code   RO          634    i.TIM1_UP_TIM10_IRQHandler  stm32f4xx_it.o
    0x08006d6c   0x08006d6c   0x0000000c   Code   RO          635    i.TIM5_IRQHandler   stm32f4xx_it.o
    0x08006d78   0x08006d78   0x0000000c   Code   RO          636    i.TIM7_IRQHandler   stm32f4xx_it.o
    0x08006d84   0x08006d84   0x000000c8   Code   RO         2882    i.TIM_Base_SetConfig  stm32f4xx_hal_tim.o
    0x08006e4c   0x08006e4c   0x00000014   Code   RO         2893    i.TIM_ETR_SetConfig  stm32f4xx_hal_tim.o
    0x08006e60   0x08006e60   0x00000010   Code   RO         2894    i.TIM_ITRx_SetConfig  stm32f4xx_hal_tim.o
    0x08006e70   0x08006e70   0x00000022   Code   RO         2900    i.TIM_TI1_ConfigInputStage  stm32f4xx_hal_tim.o
    0x08006e92   0x08006e92   0x00000024   Code   RO         2902    i.TIM_TI2_ConfigInputStage  stm32f4xx_hal_tim.o
    0x08006eb6   0x08006eb6   0x00000002   PAD
    0x08006eb8   0x08006eb8   0x00000140   Code   RO         6718    i.TaskChassis       taskchassis.o
    0x08006ff8   0x08006ff8   0x0000000c   Code   RO         6719    i.TaskLocate        taskchassis.o
    0x08007004   0x08007004   0x00000044   Code   RO         6720    i.TaskMonitor       taskchassis.o
    0x08007048   0x08007048   0x000002c4   Code   RO         6994    i.Trajectory_Analyzer_GetAimPointIndex  trajactory_analyzer.o
    0x0800730c   0x0800730c   0x00000028   Code   RO         6995    i.Trajectory_Analyzer_Init  trajactory_analyzer.o
    0x08007334   0x08007334   0x00000028   Code   RO         6996    i.Trajectory_Analyzer_Reset  trajactory_analyzer.o
    0x0800735c   0x0800735c   0x0000003c   Code   RO         6997    i.Trajectory_Analyzer_SetPathNum  trajactory_analyzer.o
    0x08007398   0x08007398   0x00000010   Code   RO         3803    i.UART_DMAAbortOnError  stm32f4xx_hal_uart.o
    0x080073a8   0x080073a8   0x0000004e   Code   RO         3813    i.UART_EndRxTransfer  stm32f4xx_hal_uart.o
    0x080073f6   0x080073f6   0x000000c0   Code   RO         3815    i.UART_Receive_IT   stm32f4xx_hal_uart.o
    0x080074b6   0x080074b6   0x00000002   PAD
    0x080074b8   0x080074b8   0x000001a0   Code   RO         3816    i.UART_SetConfig    stm32f4xx_hal_uart.o
    0x08007658   0x08007658   0x0000003a   Code   RO         3818    i.UART_Start_Receive_IT  stm32f4xx_hal_uart.o
    0x08007692   0x08007692   0x00000002   PAD
    0x08007694   0x08007694   0x0000000c   Code   RO          637    i.USART1_IRQHandler  stm32f4xx_it.o
    0x080076a0   0x080076a0   0x0000000c   Code   RO          638    i.USART2_IRQHandler  stm32f4xx_it.o
    0x080076ac   0x080076ac   0x0000000c   Code   RO          639    i.USART6_IRQHandler  stm32f4xx_it.o
    0x080076b8   0x080076b8   0x0000008c   Code   RO         7117    i.UpdateLocateInfo  locate.o
    0x08007744   0x08007744   0x00000054   Code   RO         6635    i.Update_Aim_Angular_Velocity  com_executelib.o
    0x08007798   0x08007798   0x000001b0   Code   RO         6636    i.Update_Aim_Velocity  com_executelib.o
    0x08007948   0x08007948   0x00000002   Code   RO          640    i.UsageFault_Handler  stm32f4xx_it.o
    0x0800794a   0x0800794a   0x00000002   PAD
    0x0800794c   0x0800794c   0x000001b4   Code   RO         6878    i.Velocity_Merging  manual_operation.o
    0x08007b00   0x08007b00   0x00000026   Code   RO         7806    i.__ARM_fpclassifyf  m_wm.l(fpclassifyf.o)
    0x08007b26   0x08007b26   0x00000020   Code   RO         1856    i.__NVIC_SetPriority  stm32f4xx_hal_cortex.o
    0x08007b46   0x08007b46   0x00000002   PAD
    0x08007b48   0x08007b48   0x00000118   Code   RO         7644    i.__hardfp_floor    m_wm.l(floor.o)
    0x08007c60   0x08007c60   0x00000104   Code   RO         7650    i.__hardfp_fmod     m_wm.l(fmod.o)
    0x08007d64   0x08007d64   0x00000664   Code   RO         7662    i.__hardfp_powf     m_wm.l(powf.o)
    0x080083c8   0x080083c8   0x0000003a   Code   RO         7676    i.__hardfp_sqrtf    m_wm.l(sqrtf.o)
    0x08008402   0x08008402   0x00000006   PAD
    0x08008408   0x08008408   0x00000020   Code   RO         7795    i.__mathlib_dbl_invalid  m_wm.l(dunder.o)
    0x08008428   0x08008428   0x00000014   Code   RO         7808    i.__mathlib_flt_divzero  m_wm.l(funder.o)
    0x0800843c   0x0800843c   0x00000006   Code   RO         7810    i.__mathlib_flt_infnan2  m_wm.l(funder.o)
    0x08008442   0x08008442   0x00000002   PAD
    0x08008444   0x08008444   0x00000010   Code   RO         7811    i.__mathlib_flt_invalid  m_wm.l(funder.o)
    0x08008454   0x08008454   0x00000010   Code   RO         7812    i.__mathlib_flt_overflow  m_wm.l(funder.o)
    0x08008464   0x08008464   0x00000010   Code   RO         7814    i.__mathlib_flt_underflow  m_wm.l(funder.o)
    0x08008474   0x08008474   0x00000002   Code   RO           16    i.assert_failed     main.o
    0x08008476   0x08008476   0x00000002   PAD
    0x08008478   0x08008478   0x00000040   Code   RO         7163    i.encoder2Global    encodersubsys.o
    0x080084b8   0x080084b8   0x000000a8   Code   RO         7164    i.encoderSysInit    encodersubsys.o
    0x08008560   0x08008560   0x000001b0   Code   RO         7165    i.encoderSysLocate  encodersubsys.o
    0x08008710   0x08008710   0x00000038   Code   RO         6285    i.filter1_init      can_basic.o
    0x08008748   0x08008748   0x00000038   Code   RO         6286    i.filter2_init      can_basic.o
    0x08008780   0x08008780   0x000000a0   Code   RO           17    i.main              main.o
    0x08008820   0x08008820   0x0000001a   Code   RO         5268    i.osDelay           cmsis_os2.o
    0x0800883a   0x0800883a   0x00000002   PAD
    0x0800883c   0x0800883c   0x00000024   Code   RO         5282    i.osKernelInitialize  cmsis_os2.o
    0x08008860   0x08008860   0x00000038   Code   RO         5285    i.osKernelStart     cmsis_os2.o
    0x08008898   0x08008898   0x0000008a   Code   RO         5327    i.osThreadNew       cmsis_os2.o
    0x08008922   0x08008922   0x00000002   PAD
    0x08008924   0x08008924   0x0000005c   Code   RO         4727    i.prvAddCurrentTaskToDelayedList  tasks.o
    0x08008980   0x08008980   0x000000d0   Code   RO         4728    i.prvAddNewTaskToReadyList  tasks.o
    0x08008a50   0x08008a50   0x00000058   Code   RO         5092    i.prvCheckForValidListAndQueue  timers.o
    0x08008aa8   0x08008aa8   0x00000026   Code   RO         4324    i.prvCopyDataFromQueue  queue.o
    0x08008ace   0x08008ace   0x0000006c   Code   RO         4325    i.prvCopyDataToQueue  queue.o
    0x08008b3a   0x08008b3a   0x00000034   Code   RO         4729    i.prvDeleteTCB      tasks.o
    0x08008b6e   0x08008b6e   0x00000002   PAD
    0x08008b70   0x08008b70   0x00000048   Code   RO         5779    i.prvHeapInit       heap_4.o
    0x08008bb8   0x08008bb8   0x00000060   Code   RO         4730    i.prvIdleTask       tasks.o
    0x08008c18   0x08008c18   0x00000022   Code   RO         4327    i.prvInitialiseNewQueue  queue.o
    0x08008c3a   0x08008c3a   0x00000002   PAD
    0x08008c3c   0x08008c3c   0x000000b0   Code   RO         4731    i.prvInitialiseNewTask  tasks.o
    0x08008cec   0x08008cec   0x0000004c   Code   RO         5780    i.prvInsertBlockIntoFreeList  heap_4.o
    0x08008d38   0x08008d38   0x00000038   Code   RO         5094    i.prvInsertTimerInActiveList  timers.o
    0x08008d70   0x08008d70   0x0000001c   Code   RO         4328    i.prvIsQueueEmpty   queue.o
    0x08008d8c   0x08008d8c   0x000000fc   Code   RO         5095    i.prvProcessReceivedCommands  timers.o
    0x08008e88   0x08008e88   0x000000c0   Code   RO         5096    i.prvProcessTimerOrBlockTask  timers.o
    0x08008f48   0x08008f48   0x00000020   Code   RO         4733    i.prvResetNextTaskUnblockTime  tasks.o
    0x08008f68   0x08008f68   0x00000028   Code   RO         5097    i.prvSampleTimeNow  timers.o
    0x08008f90   0x08008f90   0x0000006c   Code   RO         5098    i.prvSwitchTimerLists  timers.o
    0x08008ffc   0x08008ffc   0x00000028   Code   RO         5835    i.prvTaskExitError  port.o
    0x08009024   0x08009024   0x00000024   Code   RO         5099    i.prvTimerTask      timers.o
    0x08009048   0x08009048   0x0000006a   Code   RO         4329    i.prvUnlockQueue    queue.o
    0x080090b2   0x080090b2   0x00000002   PAD
    0x080090b4   0x080090b4   0x000000dc   Code   RO         5781    i.pvPortMalloc      heap_4.o
    0x08009190   0x08009190   0x0000002c   Code   RO         5836    i.pxPortInitialiseStack  port.o
    0x080091bc   0x080091bc   0x00000026   Code   RO         4284    i.uxListRemove      list.o
    0x080091e2   0x080091e2   0x00000002   PAD
    0x080091e4   0x080091e4   0x00000014   Code   RO         5339    i.vApplicationGetIdleTaskMemory  cmsis_os2.o
    0x080091f8   0x080091f8   0x00000018   Code   RO         5340    i.vApplicationGetTimerTaskMemory  cmsis_os2.o
    0x08009210   0x08009210   0x00000016   Code   RO         4285    i.vListInitialise   list.o
    0x08009226   0x08009226   0x00000006   Code   RO         4286    i.vListInitialiseItem  list.o
    0x0800922c   0x0800922c   0x00000030   Code   RO         4287    i.vListInsert       list.o
    0x0800925c   0x0800925c   0x00000018   Code   RO         4288    i.vListInsertEnd    list.o
    0x08009274   0x08009274   0x00000040   Code   RO         5838    i.vPortEnterCritical  port.o
    0x080092b4   0x080092b4   0x00000028   Code   RO         5839    i.vPortExitCritical  port.o
    0x080092dc   0x080092dc   0x00000064   Code   RO         5782    i.vPortFree         heap_4.o
    0x08009340   0x08009340   0x00000024   Code   RO         5840    i.vPortSetupTimerInterrupt  port.o
    0x08009364   0x08009364   0x00000054   Code   RO         5841    i.vPortValidateInterruptPriority  port.o
    0x080093b8   0x080093b8   0x00000028   Code   RO         4335    i.vQueueAddToRegistry  queue.o
    0x080093e0   0x080093e0   0x00000044   Code   RO         4339    i.vQueueWaitForMessageRestricted  queue.o
    0x08009424   0x08009424   0x0000004c   Code   RO         4746    i.vTaskDelay        tasks.o
    0x08009470   0x08009470   0x00000010   Code   RO         4751    i.vTaskInternalSetTimeOutState  tasks.o
    0x08009480   0x08009480   0x0000000c   Code   RO         4752    i.vTaskMissedYield  tasks.o
    0x0800948c   0x0800948c   0x00000030   Code   RO         4754    i.vTaskPlaceOnEventList  tasks.o
    0x080094bc   0x080094bc   0x00000038   Code   RO         4755    i.vTaskPlaceOnEventListRestricted  tasks.o
    0x080094f4   0x080094f4   0x00000088   Code   RO         4763    i.vTaskStartScheduler  tasks.o
    0x0800957c   0x0800957c   0x00000010   Code   RO         4765    i.vTaskSuspendAll   tasks.o
    0x0800958c   0x0800958c   0x00000064   Code   RO         4766    i.vTaskSwitchContext  tasks.o
    0x080095f0   0x080095f0   0x000000f4   Code   RO         5842    i.xPortStartScheduler  port.o
    0x080096e4   0x080096e4   0x0000002c   Code   RO         5843    i.xPortSysTickHandler  port.o
    0x08009710   0x08009710   0x00000066   Code   RO         4345    i.xQueueGenericCreateStatic  queue.o
    0x08009776   0x08009776   0x00000002   PAD
    0x08009778   0x08009778   0x00000088   Code   RO         4346    i.xQueueGenericReset  queue.o
    0x08009800   0x08009800   0x00000160   Code   RO         4347    i.xQueueGenericSend  queue.o
    0x08009960   0x08009960   0x000000be   Code   RO         4348    i.xQueueGenericSendFromISR  queue.o
    0x08009a1e   0x08009a1e   0x00000002   PAD
    0x08009a20   0x08009a20   0x00000138   Code   RO         4357    i.xQueueReceive     queue.o
    0x08009b58   0x08009b58   0x00000074   Code   RO         4768    i.xTaskCheckForTimeOut  tasks.o
    0x08009bcc   0x08009bcc   0x0000005a   Code   RO         4769    i.xTaskCreate       tasks.o
    0x08009c26   0x08009c26   0x00000056   Code   RO         4770    i.xTaskCreateStatic  tasks.o
    0x08009c7c   0x08009c7c   0x0000001c   Code   RO         4774    i.xTaskGetSchedulerState  tasks.o
    0x08009c98   0x08009c98   0x0000000c   Code   RO         4775    i.xTaskGetTickCount  tasks.o
    0x08009ca4   0x08009ca4   0x000000c8   Code   RO         4777    i.xTaskIncrementTick  tasks.o
    0x08009d6c   0x08009d6c   0x00000080   Code   RO         4780    i.xTaskPriorityDisinherit  tasks.o
    0x08009dec   0x08009dec   0x00000070   Code   RO         4782    i.xTaskRemoveFromEventList  tasks.o
    0x08009e5c   0x08009e5c   0x000000c4   Code   RO         4783    i.xTaskResumeAll    tasks.o
    0x08009f20   0x08009f20   0x00000060   Code   RO         5108    i.xTimerCreateTimerTask  timers.o
    0x08009f80   0x08009f80   0x00000068   Code   RO         5109    i.xTimerGenericCommand  timers.o
    0x08009fe8   0x08009fe8   0x00000062   Code   RO         7624    x$fpl$d2f           fz_wm.l(d2f.o)
    0x0800a04a   0x0800a04a   0x00000002   PAD
    0x0800a04c   0x0800a04c   0x00000150   Code   RO         7626    x$fpl$dadd          fz_wm.l(daddsub_clz.o)
    0x0800a19c   0x0800a19c   0x00000018   Code   RO         7899    x$fpl$dcmpinf       fz_wm.l(dcmpi.o)
    0x0800a1b4   0x0800a1b4   0x000002b0   Code   RO         7633    x$fpl$ddiv          fz_wm.l(ddiv.o)
    0x0800a464   0x0800a464   0x0000005e   Code   RO         7636    x$fpl$dfix          fz_wm.l(dfix.o)
    0x0800a4c2   0x0800a4c2   0x00000002   PAD
    0x0800a4c4   0x0800a4c4   0x00000078   Code   RO         7866    x$fpl$dleqf         fz_wm.l(dleqf.o)
    0x0800a53c   0x0800a53c   0x00000154   Code   RO         7640    x$fpl$dmul          fz_wm.l(dmul.o)
    0x0800a690   0x0800a690   0x0000009c   Code   RO         7777    x$fpl$dnaninf       fz_wm.l(dnaninf.o)
    0x0800a72c   0x0800a72c   0x00000150   Code   RO         7779    x$fpl$drem          fz_wm.l(drem_clz.o)
    0x0800a87c   0x0800a87c   0x0000000c   Code   RO         7781    x$fpl$dretinf       fz_wm.l(dretinf.o)
    0x0800a888   0x0800a888   0x0000006c   Code   RO         7783    x$fpl$drleqf        fz_wm.l(drleqf.o)
    0x0800a8f4   0x0800a8f4   0x00000016   Code   RO         7627    x$fpl$drsb          fz_wm.l(daddsub_clz.o)
    0x0800a90a   0x0800a90a   0x00000002   PAD
    0x0800a90c   0x0800a90c   0x000001d4   Code   RO         7628    x$fpl$dsub          fz_wm.l(daddsub_clz.o)
    0x0800aae0   0x0800aae0   0x00000056   Code   RO         7642    x$fpl$f2d           fz_wm.l(f2d.o)
    0x0800ab36   0x0800ab36   0x0000008c   Code   RO         7785    x$fpl$fnaninf       fz_wm.l(fnaninf.o)
    0x0800abc2   0x0800abc2   0x0000000a   Code   RO         7868    x$fpl$fpinit        fz_wm.l(fpinit.o)
    0x0800abcc   0x0800abcc   0x0000000a   Code   RO         7787    x$fpl$fretinf       fz_wm.l(fretinf.o)
    0x0800abd6   0x0800abd6   0x00000000   Code   RO         7791    x$fpl$usenofp       fz_wm.l(usenofp.o)
    0x0800abd6   0x0800abd6   0x00000002   PAD
    0x0800abd8   0x0800abd8   0x00000090   Data   RO          300    .constdata          freertos.o
    0x0800ac68   0x0800ac68   0x00000010   Data   RO         4120    .constdata          system_stm32f4xx.o
    0x0800ac78   0x0800ac78   0x00000008   Data   RO         4121    .constdata          system_stm32f4xx.o
    0x0800ac80   0x0800ac80   0x00000194   Data   RO         5920    .constdata          hust_math_lib.o
    0x0800ae14   0x0800ae14   0x00000010   Data   RO         6385    .constdata          can_commandlib.o
    0x0800ae24   0x0800ae24   0x00000001   Data   RO         6477    .constdata          can_proplist.o
    0x0800ae25   0x0800ae25   0x00000001   Data   RO         6478    .constdata          can_proplist.o
    0x0800ae26   0x0800ae26   0x00000001   Data   RO         6687    .constdata          com_proplist.o
    0x0800ae27   0x0800ae27   0x00000001   Data   RO         6688    .constdata          com_proplist.o
    0x0800ae28   0x0800ae28   0x00000001   Data   RO         6689    .constdata          com_proplist.o
    0x0800ae29   0x0800ae29   0x00000001   Data   RO         6690    .constdata          com_proplist.o
    0x0800ae2a   0x0800ae2a   0x00000002   PAD
    0x0800ae2c   0x0800ae2c   0x00000020   Data   RO         6835    .constdata          auto_run.o
    0x0800ae4c   0x0800ae4c   0x00000010   Data   RO         6879    .constdata          manual_operation.o
    0x0800ae5c   0x0800ae5c   0x00000024   Data   RO         6951    .constdata          navigation.o
    0x0800ae80   0x0800ae80   0x00000044   Data   RO         7051    .constdata          parking.o
    0x0800aec4   0x0800aec4   0x00001810   Data   RO         7205    .constdata          area_2.o
    0x0800c6d4   0x0800c6d4   0x00001810   Data   RO         7206    .constdata          area_2.o
    0x0800dee4   0x0800dee4   0x000018b8   Data   RO         7231    .constdata          area_3.o
    0x0800f79c   0x0800f79c   0x00001810   Data   RO         7232    .constdata          area_3.o
    0x08010fac   0x08010fac   0x000010a0   Data   RO         7257    .constdata          collide_ball.o
    0x0801204c   0x0801204c   0x00001394   Data   RO         7258    .constdata          collide_ball.o
    0x080133e0   0x080133e0   0x00001490   Data   RO         7259    .constdata          collide_ball.o
    0x08014870   0x08014870   0x000010a0   Data   RO         7260    .constdata          collide_ball.o
    0x08015910   0x08015910   0x00001394   Data   RO         7261    .constdata          collide_ball.o
    0x08016ca4   0x08016ca4   0x00001490   Data   RO         7262    .constdata          collide_ball.o
    0x08018134   0x08018134   0x00001618   Data   RO         7312    .constdata          reset.o
    0x0801974c   0x0801974c   0x00000fa4   Data   RO         7313    .constdata          reset.o
    0x0801a6f0   0x0801a6f0   0x00001618   Data   RO         7314    .constdata          reset.o
    0x0801bd08   0x0801bd08   0x00000fa4   Data   RO         7315    .constdata          reset.o
    0x0801ccac   0x0801ccac   0x00002cf4   Data   RO         7340    .constdata          test.o
    0x0801f9a0   0x0801f9a0   0x00002cf4   Data   RO         7341    .constdata          test.o
    0x08022694   0x08022694   0x00000f6c   Data   RO         7366    .constdata          uphill_1.o
    0x08023600   0x08023600   0x00000f6c   Data   RO         7367    .constdata          uphill_1.o
    0x0802456c   0x0802456c   0x00000770   Data   RO         7392    .constdata          uphill_2.o
    0x08024cdc   0x08024cdc   0x00000770   Data   RO         7393    .constdata          uphill_2.o
    0x0802544c   0x0802544c   0x00000140   Data   RO         7665    .constdata          m_wm.l(powf.o)
    0x0802558c   0x0802558c   0x00000030   Data   RO          301    .conststring        freertos.o
    0x080255bc   0x080255bc   0x00000804   Data   RO         7542    .rodata.sinTable_f32  arm_cortexM4lf_math.lib(arm_common_tables.o)
    0x08025dc0   0x08025dc0   0x00000020   Data   RO         7959    Region$$Table       anon$$obj.o


    Execution Region RW_IRAM1 (Exec base: 0x20000000, Load base: 0x08025de0, Size: 0x00004880, Max: 0x0001c000, ABSOLUTE, COMPRESSED[0x0000006c])

    Exec Addr    Load Addr    Size         Type   Attr      Idx    E Section Name        Object

    0x20000000   COMPRESSED   0x00000010   Data   RW          302    .data               freertos.o
    0x20000010   COMPRESSED   0x00000004   Data   RW          388    .data               can.o
    0x20000014   COMPRESSED   0x00000001   Data   RW          576    .data               usart.o
    0x20000015   COMPRESSED   0x00000003   PAD
    0x20000018   COMPRESSED   0x0000000c   Data   RW         2000    .data               stm32f4xx_hal.o
    0x20000024   COMPRESSED   0x00000004   Data   RW         4122    .data               system_stm32f4xx.o
    0x20000028   COMPRESSED   0x0000003c   Data   RW         4786    .data               tasks.o
    0x20000064   COMPRESSED   0x00000014   Data   RW         5117    .data               timers.o
    0x20000078   COMPRESSED   0x00000004   Data   RW         5342    .data               cmsis_os2.o
    0x2000007c   COMPRESSED   0x00000020   Data   RW         5788    .data               heap_4.o
    0x2000009c   COMPRESSED   0x0000000c   Data   RW         5844    .data               port.o
    0x200000a8   COMPRESSED   0x00000018   Data   RW         6169    .data               gyro.o
    0x200000c0   COMPRESSED   0x00000018   Data   RW         6479    .data               can_proplist.o
    0x200000d8   COMPRESSED   0x00000008   Data   RW         6480    .data               can_proplist.o
    0x200000e0   COMPRESSED   0x00000010   Data   RW         6515    .data               com_basic.o
    0x200000f0   COMPRESSED   0x00000004   Data   RW         6637    .data               com_executelib.o
    0x200000f4   COMPRESSED   0x00000008   Data   RW         6691    .data               com_proplist.o
    0x200000fc   COMPRESSED   0x00000008   Data   RW         6692    .data               com_proplist.o
    0x20000104   COMPRESSED   0x00000008   Data   RW         6693    .data               com_proplist.o
    0x2000010c   COMPRESSED   0x00000020   Data   RW         6694    .data               com_proplist.o
    0x2000012c   COMPRESSED   0x00000008   Data   RW         6722    .data               taskchassis.o
    0x20000134   COMPRESSED   0x00000004   Data   RW         6723    .data               taskchassis.o
    0x20000138   COMPRESSED   0x00000004   Data   RW         6724    .data               taskchassis.o
    0x2000013c   COMPRESSED   0x00000004   Data   RW         6725    .data               taskchassis.o
    0x20000140   COMPRESSED   0x00000014   Data   RW         6836    .data               auto_run.o
    0x20000154   COMPRESSED   0x00000024   Data   RW         7052    .data               parking.o
    0x20000178   COMPRESSED   0x00000001   Data   RW         7119    .data               locate.o
    0x20000179   COMPRESSED   0x00000003   PAD
    0x2000017c        -       0x00000048   Zero   RW          344    .bss                adc.o
    0x200001c4        -       0x00000050   Zero   RW          387    .bss                can.o
    0x20000214        -       0x000000b0   Zero   RW          437    .bss                spi.o
    0x200002c4        -       0x000001b0   Zero   RW          496    .bss                tim.o
    0x20000474        -       0x000000cc   Zero   RW          575    .bss                usart.o
    0x20000540        -       0x00000048   Zero   RW          770    .bss                stm32f4xx_hal_timebase_tim.o
    0x20000588        -       0x00000040   Zero   RW         4361    .bss                queue.o
    0x200005c8        -       0x000004c4   Zero   RW         4785    .bss                tasks.o
    0x20000a8c        -       0x00000118   Zero   RW         5116    .bss                timers.o
    0x20000ba4        -       0x000006b8   Zero   RW         5341    .bss                cmsis_os2.o
    0x2000125c        -       0x00002710   Zero   RW         5787    .bss                heap_4.o
    0x2000396c   COMPRESSED   0x00000004   PAD
    0x20003970        -       0x00000010   Zero   RW         6287    .bss                can_basic.o
    0x20003980        -       0x00000020   Zero   RW         6288    .bss                can_basic.o
    0x200039a0        -       0x00000010   Zero   RW         6384    .bss                can_commandlib.o
    0x200039b0        -       0x00000210   Zero   RW         6514    .bss                com_basic.o
    0x20003bc0        -       0x0000054c   Zero   RW         6721    .bss                taskchassis.o
    0x2000410c        -       0x00000018   Zero   RW         6998    .bss                trajactory_analyzer.o
    0x20004124        -       0x000000a8   Zero   RW         7118    .bss                locate.o
    0x200041cc        -       0x00000054   Zero   RW         7166    .bss                encodersubsys.o
    0x20004220        -       0x00000060   Zero   RW         7825    .bss                c_w.l(libspace.o)
    0x20004280        -       0x00000200   Zero   RW            2    HEAP                startup_stm32f405xx.o
    0x20004480        -       0x00000400   Zero   RW            1    STACK               startup_stm32f405xx.o


    Execution Region RW_IRAM2 (Exec base: 0x2001c000, Load base: 0x08025e4c, Size: 0x00000000, Max: 0x00004000, ABSOLUTE)

    **** No section assigned to this execution region ****


==============================================================================

Image component sizes


      Code (inc. data)   RO Data    RW Data    ZI Data      Debug   Object Name

       212         22          0          0         72       1757   adc.o
         0          0      12320          0          0        565   area_2.o
         0          0      12488          0          0        573   area_3.o
      1020         78         32         20          0       4172   auto_run.o
       392         44          0          4         80       2546   can.o
       656         72          0          0         48       8377   can_basic.o
       148         24         16          0         16       2621   can_commandlib.o
       204         18          0          0          0       1773   can_executelib.o
         0          0          2         32          0       1944   can_proplist.o
        38          0          0          0          0       1054   chassis_motor_drive.o
        64         18          0          0          0        895   chassisinit.o
       326         22          0          4       1720      65227   cmsis_os2.o
         0          0      29064          0          0        923   collide_ball.o
       452         76          0         16        528       6127   com_basic.o
         0          0          0          0          0       1000   com_commandlib.o
       552         88          0          4          0       3230   com_executelib.o
         0          0          4         56          0       1074   com_proplist.o
       304         38          0          0          0       2684   encoder.o
       664         68          0          0         84       4212   encodersubsys.o
         0          0          0          0          0      19480   event_groups.o
        56         20          0          0          0       1210   frame_change.o
        92         24        192         16          0       2098   freertos.o
       280         18          0          0          0       1051   gpio.o
      1596        110          0         24          0       6851   gyro.o
       468         22          0         32      10000       4923   heap_4.o
       532         70        404          0          0       4736   hust_math_lib.o
        96         18          0          0          0       1071   led.o
       138          0          0          0          0       3598   list.o
       256         44          0          1        168       4009   locate.o
       354         54          0          0          0     698070   main.o
       538         36         16          0          0       3430   manual_operation.o
      1616        184         36          0          0       5641   navigation.o
      1554         86         68         36          0       8256   parking.o
       328         82          0          0          0       1216   path.o
       152          4          0          0          0       1651   pid.o
       786         82          0         12          0      11633   port.o
      1514         20          0          0         64      17576   queue.o
         0          0      19320          0          0        654   reset.o
       402         44          0          0        176       3102   spi.o
        64         26        392          0       1536        856   startup_stm32f405xx.o
        80         14          0         12          0       8146   stm32f4xx_hal.o
      2190        358          0          0          0       6729   stm32f4xx_hal_adc.o
         2          0          0          0          0       1005   stm32f4xx_hal_adc_ex.o
      2672        304          0          0          0      14891   stm32f4xx_hal_can.o
       420        196          0          0          0      33350   stm32f4xx_hal_cortex.o
       182          0          0          0          0       2135   stm32f4xx_hal_dma.o
       978        238          0          0          0       4299   stm32f4xx_hal_gpio.o
        56          4          0          0          0        890   stm32f4xx_hal_msp.o
      2004        194          0          0          0       6169   stm32f4xx_hal_rcc.o
      1412        138          0          0          0       5049   stm32f4xx_hal_spi.o
      2964        452          0          0          0      11722   stm32f4xx_hal_tim.o
       340         94          0          0          0       2569   stm32f4xx_hal_tim_ex.o
       152         20          0          0         72       1511   stm32f4xx_hal_timebase_tim.o
      1754        164          0          0          0       8907   stm32f4xx_hal_uart.o
       142         54          0          0          0       7690   stm32f4xx_it.o
         0          0          0          0          0        376   stream_buffer.o
        16          4         24          4          0       1163   system_stm32f4xx.o
       400         32          0         20       1356       6147   taskchassis.o
      2084        168          0         60       1220      27180   tasks.o
         0          0      23016          0          0        545   test.o
       840         86          0          0        432       5863   tim.o
       972         80          0         20        280      32299   timers.o
       848         38          0          0         24       4748   trajactory_analyzer.o
         0          0       7896          0          0        573   uphill_1.o
         0          0       3808          0          0        569   uphill_2.o
       448         48          0          1        204       3246   usart.o

    ----------------------------------------------------------------------
     36862       4198     109132        380      18084    1109637   Object Totals
         0          0         32          0          0          0   (incl. Generated)
        52          0          2          6          4          0   (incl. Padding)

    ----------------------------------------------------------------------

      Code (inc. data)   RO Data    RW Data    ZI Data      Debug   Library Member Name

         0          0       2052          0          0       4961   arm_common_tables.o
       160         12          0          0          0       1103   arm_cos_f32.o
       152         12          0          0          0       1098   arm_sin_f32.o
        58          0          0          0          0          0   __dczerorl.o
         8          0          0          0          0         68   __main.o
         0          0          0          0          0          0   __rtentry.o
        12          0          0          0          0          0   __rtentry2.o
         6          0          0          0          0          0   __rtentry4.o
        52          8          0          0          0          0   __scatter.o
        28          0          0          0          0          0   __scatter_zi.o
        22          0          0          0          0        100   _rserrno.o
        16          0          0          0          0         68   aeabi_memset.o
        18          0          0          0          0         80   exit.o
         6          0          0          0          0        152   heapauxi.o
         0          0          0          0          0          0   indicate_semi.o
         2          0          0          0          0          0   libinit.o
         6          0          0          0          0          0   libinit2.o
         2          0          0          0          0          0   libshutdown.o
         2          0          0          0          0          0   libshutdown2.o
         8          4          0          0         96         68   libspace.o
       238          0          0          0          0        100   lludivv7m.o
         8          4          0          0          0         68   rt_errno_addr_intlibspace.o
        68          0          0          0          0         68   rt_memclr.o
        78          0          0          0          0         80   rt_memclr_w.o
       138          0          0          0          0         68   rt_memcpy_v6.o
       100          0          0          0          0         80   rt_memcpy_w.o
         2          0          0          0          0          0   rtexit.o
        10          0          0          0          0          0   rtexit2.o
        12          4          0          0          0         68   sys_exit.o
        74          0          0          0          0         80   sys_stackheap_outer.o
         2          0          0          0          0         68   use_no_semi.o
        98          4          0          0          0        140   d2f.o
       826         16          0          0          0        492   daddsub_clz.o
        24          0          0          0          0        116   dcmpi.o
       688        140          0          0          0        256   ddiv.o
        94          4          0          0          0        140   dfix.o
       120          4          0          0          0        140   dleqf.o
       340         12          0          0          0        152   dmul.o
       156          4          0          0          0        140   dnaninf.o
       336         12          0          0          0        136   drem_clz.o
        12          0          0          0          0        116   dretinf.o
       108          0          0          0          0        128   drleqf.o
        86          4          0          0          0        132   f2d.o
       140          4          0          0          0        132   fnaninf.o
        10          0          0          0          0        116   fpinit.o
        10          0          0          0          0        116   fretinf.o
         0          0          0          0          0          0   usenofp.o
        32          8          0          0          0        124   dunder.o
       280         28          0          0          0        156   floor.o
       260          6          0          0          0        144   fmod.o
        38          0          0          0          0        116   fpclassifyf.o
        74         24          0          0          0        580   funder.o
      1636        110        320          0          0        372   powf.o
        58          0          0          0          0        136   sqrtf.o

    ----------------------------------------------------------------------
      6738        424       2372          0         96      12458   Library Totals
        24          0          0          0          0          0   (incl. Padding)

    ----------------------------------------------------------------------

      Code (inc. data)   RO Data    RW Data    ZI Data      Debug   Library Name

       312         24       2052          0          0       7162   arm_cortexM4lf_math.lib
       976         20          0          0         96       1216   c_w.l
      3048        204          0          0          0       2452   fz_wm.l
      2378        176        320          0          0       1628   m_wm.l

    ----------------------------------------------------------------------
      6738        424       2372          0         96      12458   Library Totals

    ----------------------------------------------------------------------

==============================================================================


      Code (inc. data)   RO Data    RW Data    ZI Data      Debug   

     43600       4622     111504        380      18180    1092607   Grand Totals
     43600       4622     111504        108      18180    1092607   ELF Image Totals (compressed)
     43600       4622     111504        108          0          0   ROM Totals

==============================================================================

    Total RO  Size (Code + RO Data)               155104 ( 151.47kB)
    Total RW  Size (RW Data + ZI Data)             18560 (  18.13kB)
    Total ROM Size (Code + RO Data + RW Data)     155212 ( 151.57kB)

==============================================================================

