Component: ARM Compiler 5.06 update 6 (build 750) Tool: armlink [4d35ed]

==============================================================================

Section Cross References

    startup_stm32f405xx.o(STACK) refers (Special) to heapauxi.o(.text) for __use_two_region_memory
    startup_stm32f405xx.o(HEAP) refers (Special) to heapauxi.o(.text) for __use_two_region_memory
    startup_stm32f405xx.o(RESET) refers (Special) to heapauxi.o(.text) for __use_two_region_memory
    startup_stm32f405xx.o(RESET) refers to startup_stm32f405xx.o(STACK) for __initial_sp
    startup_stm32f405xx.o(RESET) refers to startup_stm32f405xx.o(.text) for Reset_Handler
    startup_stm32f405xx.o(RESET) refers to stm32f4xx_it.o(i.NMI_Handler) for NMI_Handler
    startup_stm32f405xx.o(RESET) refers to stm32f4xx_it.o(i.HardFault_Handler) for HardFault_Handler
    startup_stm32f405xx.o(RESET) refers to stm32f4xx_it.o(i.MemManage_Handler) for MemManage_Handler
    startup_stm32f405xx.o(RESET) refers to stm32f4xx_it.o(i.BusFault_Handler) for BusFault_Handler
    startup_stm32f405xx.o(RESET) refers to stm32f4xx_it.o(i.UsageFault_Handler) for UsageFault_Handler
    startup_stm32f405xx.o(RESET) refers to port.o(.emb_text) for SVC_Handler
    startup_stm32f405xx.o(RESET) refers to stm32f4xx_it.o(i.DebugMon_Handler) for DebugMon_Handler
    startup_stm32f405xx.o(RESET) refers to cmsis_os2.o(i.SysTick_Handler) for SysTick_Handler
    startup_stm32f405xx.o(RESET) refers to stm32f4xx_it.o(i.ADC_IRQHandler) for ADC_IRQHandler
    startup_stm32f405xx.o(RESET) refers to stm32f4xx_it.o(i.CAN1_RX0_IRQHandler) for CAN1_RX0_IRQHandler
    startup_stm32f405xx.o(RESET) refers to stm32f4xx_it.o(i.EXTI9_5_IRQHandler) for EXTI9_5_IRQHandler
    startup_stm32f405xx.o(RESET) refers to stm32f4xx_it.o(i.TIM1_UP_TIM10_IRQHandler) for TIM1_UP_TIM10_IRQHandler
    startup_stm32f405xx.o(RESET) refers to stm32f4xx_it.o(i.USART1_IRQHandler) for USART1_IRQHandler
    startup_stm32f405xx.o(RESET) refers to stm32f4xx_it.o(i.USART2_IRQHandler) for USART2_IRQHandler
    startup_stm32f405xx.o(RESET) refers to stm32f4xx_it.o(i.TIM5_IRQHandler) for TIM5_IRQHandler
    startup_stm32f405xx.o(RESET) refers to stm32f4xx_it.o(i.TIM7_IRQHandler) for TIM7_IRQHandler
    startup_stm32f405xx.o(RESET) refers to stm32f4xx_it.o(i.CAN2_RX1_IRQHandler) for CAN2_RX1_IRQHandler
    startup_stm32f405xx.o(RESET) refers to stm32f4xx_it.o(i.USART6_IRQHandler) for USART6_IRQHandler
    startup_stm32f405xx.o(.text) refers (Special) to heapauxi.o(.text) for __use_two_region_memory
    startup_stm32f405xx.o(.text) refers to system_stm32f4xx.o(i.SystemInit) for SystemInit
    startup_stm32f405xx.o(.text) refers to __main.o(!!!main) for __main
    startup_stm32f405xx.o(.text) refers to startup_stm32f405xx.o(HEAP) for Heap_Mem
    startup_stm32f405xx.o(.text) refers to startup_stm32f405xx.o(STACK) for Stack_Mem
    main.o(i.HAL_TIM_PeriodElapsedCallback) refers to locate.o(i.UpdateLocateInfo) for UpdateLocateInfo
    main.o(i.HAL_TIM_PeriodElapsedCallback) refers to stm32f4xx_hal.o(i.HAL_IncTick) for HAL_IncTick
    main.o(i.HAL_TIM_PeriodElapsedCallback) refers to tim.o(.bss) for htim5
    main.o(i.HAL_TIM_PeriodElapsedCallback) refers to taskchassis.o(.bss) for g_Chassis_Instance
    main.o(i.SystemClock_Config) refers to rt_memclr_w.o(.text) for __aeabi_memclr4
    main.o(i.SystemClock_Config) refers to stm32f4xx_hal_rcc.o(i.HAL_RCC_OscConfig) for HAL_RCC_OscConfig
    main.o(i.SystemClock_Config) refers to stm32f4xx_hal_rcc.o(i.HAL_RCC_ClockConfig) for HAL_RCC_ClockConfig
    main.o(i.main) refers to stm32f4xx_hal.o(i.HAL_Init) for HAL_Init
    main.o(i.main) refers to main.o(i.SystemClock_Config) for SystemClock_Config
    main.o(i.main) refers to gpio.o(i.MX_GPIO_Init) for MX_GPIO_Init
    main.o(i.main) refers to can.o(i.MX_CAN1_Init) for MX_CAN1_Init
    main.o(i.main) refers to spi.o(i.MX_SPI2_Init) for MX_SPI2_Init
    main.o(i.main) refers to can.o(i.MX_CAN2_Init) for MX_CAN2_Init
    main.o(i.main) refers to usart.o(i.MX_USART1_UART_Init) for MX_USART1_UART_Init
    main.o(i.main) refers to spi.o(i.MX_SPI1_Init) for MX_SPI1_Init
    main.o(i.main) refers to usart.o(i.MX_USART2_UART_Init) for MX_USART2_UART_Init
    main.o(i.main) refers to usart.o(i.MX_USART6_UART_Init) for MX_USART6_UART_Init
    main.o(i.main) refers to tim.o(i.MX_TIM6_Init) for MX_TIM6_Init
    main.o(i.main) refers to tim.o(i.MX_TIM3_Init) for MX_TIM3_Init
    main.o(i.main) refers to tim.o(i.MX_TIM4_Init) for MX_TIM4_Init
    main.o(i.main) refers to tim.o(i.MX_TIM5_Init) for MX_TIM5_Init
    main.o(i.main) refers to adc.o(i.MX_ADC1_Init) for MX_ADC1_Init
    main.o(i.main) refers to tim.o(i.MX_TIM2_Init) for MX_TIM2_Init
    main.o(i.main) refers to tim.o(i.MX_TIM10_Init) for MX_TIM10_Init
    main.o(i.main) refers to stm32f4xx_hal_tim.o(i.HAL_TIM_Base_Start_IT) for HAL_TIM_Base_Start_IT
    main.o(i.main) refers to stm32f4xx_hal_uart.o(i.HAL_UART_Receive_IT) for HAL_UART_Receive_IT
[...]
    HAL_RCC_GetSysClockFreq                  0x08003425   Thumb Code    88  stm32f4xx_hal_rcc.o(i.HAL_RCC_GetSysClockFreq)
    HAL_RCC_OscConfig                        0x08003485   Thumb Code  1192  stm32f4xx_hal_rcc.o(i.HAL_RCC_OscConfig)
    HAL_SPI_Init                             0x0800392d   Thumb Code   518  stm32f4xx_hal_spi.o(i.HAL_SPI_Init)
    HAL_SPI_MspInit                          0x08003b79   Thumb Code   184  spi.o(i.HAL_SPI_MspInit)
    HAL_SPI_TransmitReceive                  0x08003c49   Thumb Code   496  stm32f4xx_hal_spi.o(i.HAL_SPI_TransmitReceive)
    HAL_TIMEx_BreakCallback                  0x08003e71   Thumb Code     2  stm32f4xx_hal_tim_ex.o(i.HAL_TIMEx_BreakCallback)
    HAL_TIMEx_CommutCallback                 0x08003e73   Thumb Code     2  stm32f4xx_hal_tim_ex.o(i.HAL_TIMEx_CommutCallback)
    HAL_TIMEx_MasterConfigSynchronization    0x08003e75   Thumb Code   242  stm32f4xx_hal_tim_ex.o(i.HAL_TIMEx_MasterConfigSynchronization)
    HAL_TIM_Base_Init                        0x08003fc5   Thumb Code   260  stm32f4xx_hal_tim.o(i.HAL_TIM_Base_Init)
    HAL_TIM_Base_MspInit                     0x08004135   Thumb Code   134  tim.o(i.HAL_TIM_Base_MspInit)
    HAL_TIM_Base_Start_IT                    0x080041cd   Thumb Code   200  stm32f4xx_hal_tim.o(i.HAL_TIM_Base_Start_IT)
    HAL_TIM_ConfigClockSource                0x080042fd   Thumb Code   930  stm32f4xx_hal_tim.o(i.HAL_TIM_ConfigClockSource)
    HAL_TIM_Encoder_Init                     0x0800470d   Thumb Code   494  stm32f4xx_hal_tim.o(i.HAL_TIM_Encoder_Init)
    HAL_TIM_Encoder_MspInit                  0x08004951   Thumb Code   130  tim.o(i.HAL_TIM_Encoder_MspInit)
    HAL_TIM_IC_CaptureCallback               0x080049e5   Thumb Code     2  stm32f4xx_hal_tim.o(i.HAL_TIM_IC_CaptureCallback)
    HAL_TIM_IRQHandler                       0x080049e7   Thumb Code   358  stm32f4xx_hal_tim.o(i.HAL_TIM_IRQHandler)
    HAL_TIM_OC_DelayElapsedCallback          0x08004b4d   Thumb Code     2  stm32f4xx_hal_tim.o(i.HAL_TIM_OC_DelayElapsedCallback)
    HAL_TIM_PWM_PulseFinishedCallback        0x08004b4f   Thumb Code     2  stm32f4xx_hal_tim.o(i.HAL_TIM_PWM_PulseFinishedCallback)
    HAL_TIM_PeriodElapsedCallback            0x08004b51   Thumb Code    34  main.o(i.HAL_TIM_PeriodElapsedCallback)
    HAL_TIM_TriggerCallback                  0x08004b81   Thumb Code     2  stm32f4xx_hal_tim.o(i.HAL_TIM_TriggerCallback)
    HAL_UARTEx_RxEventCallback               0x08004b83   Thumb Code     2  stm32f4xx_hal_uart.o(i.HAL_UARTEx_RxEventCallback)
    HAL_UART_ErrorCallback                   0x08004b85   Thumb Code    32  com_basic.o(i.HAL_UART_ErrorCallback)
    HAL_UART_IRQHandler                      0x08004ba9   Thumb Code   610  stm32f4xx_hal_uart.o(i.HAL_UART_IRQHandler)
    HAL_UART_Init                            0x08004e11   Thumb Code   246  stm32f4xx_hal_uart.o(i.HAL_UART_Init)
    HAL_UART_MspInit                         0x08004f5d   Thumb Code   244  usart.o(i.HAL_UART_MspInit)
    HAL_UART_Receive_IT                      0x08005069   Thumb Code    42  stm32f4xx_hal_uart.o(i.HAL_UART_Receive_IT)
    HAL_UART_RxCpltCallback                  0x08005095   Thumb Code    78  com_basic.o(i.HAL_UART_RxCpltCallback)
    HAL_UART_TxCpltCallback                  0x080050f5   Thumb Code     2  stm32f4xx_hal_uart.o(i.HAL_UART_TxCpltCallback)
    HardFault_Handler                        0x080050f7   Thumb Code     2  stm32f4xx_it.o(i.HardFault_Handler)
    LED_Off                                  0x080050f9   Thumb Code    40  led.o(i.LED_Off)
    LED_On                                   0x08005129   Thumb Code    38  led.o(i.LED_On)
    Linear_Navigation_CtrlCmd                0x080051d9   Thumb Code   316  navigation.o(i.Linear_Navigation_CtrlCmd)
    Linear_Parking_CtrlCmd                   0x08005331   Thumb Code   216  parking.o(i.Linear_Parking_CtrlCmd)
    LocateSysInit                            0x080054c5   Thumb Code    62  locate.o(i.LocateSysInit)
    MX_ADC1_Init                             0x08005585   Thumb Code    90  adc.o(i.MX_ADC1_Init)
    MX_CAN1_Init                             0x080055e9   Thumb Code    58  can.o(i.MX_CAN1_Init)
    MX_CAN2_Init                             0x0800562d   Thumb Code    58  can.o(i.MX_CAN2_Init)
    MX_FREERTOS_Init                         0x08005671   Thumb Code    60  freertos.o(i.MX_FREERTOS_Init)
    MX_GPIO_Init                             0x080056c5   Thumb Code   262  gpio.o(i.MX_GPIO_Init)
    MX_SPI1_Init                             0x080057dd   Thumb Code    62  spi.o(i.MX_SPI1_Init)
    MX_SPI2_Init                             0x08005825   Thumb Code    62  spi.o(i.MX_SPI2_Init)
    MX_TIM10_Init                            0x0800586d   Thumb Code    44  tim.o(i.MX_TIM10_Init)
    MX_TIM2_Init                             0x080058a1   Thumb Code    96  tim.o(i.MX_TIM2_Init)
    MX_TIM3_Init                             0x08005905   Thumb Code    98  tim.o(i.MX_TIM3_Init)
    MX_TIM4_Init                             0x08005971   Thumb Code    98  tim.o(i.MX_TIM4_Init)
    MX_TIM5_Init                             0x080059dd   Thumb Code    94  tim.o(i.MX_TIM5_Init)
    MX_TIM6_Init                             0x08005a45   Thumb Code    60  tim.o(i.MX_TIM6_Init)
    MX_USART1_UART_Init                      0x08005a89   Thumb Code    52  usart.o(i.MX_USART1_UART_Init)
    MX_USART2_UART_Init                      0x08005ac5   Thumb Code    52  usart.o(i.MX_USART2_UART_Init)
    MX_USART6_UART_Init                      0x08005b01   Thumb Code    52  usart.o(i.MX_USART6_UART_Init)
    Manual_Controller_CtrlCmd                0x08005b3d   Thumb Code    54  manual_operation.o(i.Manual_Controller_CtrlCmd)
    Manual_Controller_Init                   0x08005b75   Thumb Code    24  manual_operation.o(i.Manual_Controller_Init)
    Manual_Controller_Reset                  0x08005b91   Thumb Code    16  manual_operation.o(i.Manual_Controller_Reset)
    MemManage_Handler                        0x08005ba5   Thumb Code     2  stm32f4xx_it.o(i.MemManage_Handler)
    NMI_Handler                              0x08005ba7   Thumb Code     2  stm32f4xx_it.o(i.NMI_Handler)
    NaviController_Init                      0x08005ba9   Thumb Code   112  navigation.o(i.NaviController_Init)
    NaviController_Reset                     0x08005c25   Thumb Code    68  navigation.o(i.NaviController_Reset)
    NormalizeAngle                           0x08005c6d   Thumb Code    74  hust_math_lib.o(i.NormalizeAngle)
    OptimizeArm_sin_f32                      0x08005cc9   Thumb Code    22  hust_math_lib.o(i.OptimizeArm_sin_f32)
    Parking_Controller_CtrlCmd               0x08005ce9   Thumb Code   284  parking.o(i.Parking_Controller_CtrlCmd)
    Parking_Controller_Init                  0x08005e09   Thumb Code   126  parking.o(i.Parking_Controller_Init)
    Parking_Controller_Reset                 0x08005e9d   Thumb Code    74  parking.o(i.Parking_Controller_Reset)
    Parking_Controller_Update                0x08005eed   Thumb Code   136  parking.o(i.Parking_Controller_Update)
    Path_Init                                0x08005f7d   Thumb Code   246  path.o(i.Path_Init)
    Pid_Regulate                             0x080060c5   Thumb Code   148  pid.o(i.Pid_Regulate)
    Process_Frame_CAN                        0x0800615d   Thumb Code    60  can_basic.o(i.Process_Frame_CAN)
    Process_Frame_COM                        0x080061a9   Thumb Code    62  com_basic.o(i.Process_Frame_COM)
    Read_Gyro_Rate                           0x08006209   Thumb Code   136  gyro.o(i.Read_Gyro_Rate)
    Read_Gyro_Rate_Reg                       0x08006295   Thumb Code   398  gyro.o(i.Read_Gyro_Rate_Reg)
    Reset                                    0x08006431   Thumb Code    16  com_executelib.o(i.Reset)
    RobotAngle2GlobalAngle                   0x08006445   Thumb Code    18  frame_change.o(i.RobotAngle2GlobalAngle)
    Rotate_Navigation_CtrlCmd                0x08006461   Thumb Code   588  navigation.o(i.Rotate_Navigation_CtrlCmd)
    Rotate_Parking_CtrlCmd                   0x080066ed   Thumb Code   264  parking.o(i.Rotate_Parking_CtrlCmd)
    Run                                      0x080068a1   Thumb Code    10  com_executelib.o(i.Run)
    SPI_ReadWriteByte                        0x08006909   Thumb Code    50  spi.o(i.SPI_ReadWriteByte)
    Send_Frame_CAN                           0x080069f5   Thumb Code   170  can_basic.o(i.Send_Frame_CAN)
    Set_Train_Info                           0x08006aa9   Thumb Code   124  can_commandlib.o(i.Set_Train_Info)
    StartDefaultTask                         0x08006b3d   Thumb Code     8  freertos.o(i.StartDefaultTask)
    StdID_Non_Protocol_CAN1                  0x08006b45   Thumb Code     2  can_executelib.o(i.StdID_Non_Protocol_CAN1)
    SysTick_Handler                          0x08006b47   Thumb Code    26  cmsis_os2.o(i.SysTick_Handler)
    SystemClock_Config                       0x08006b61   Thumb Code   130  main.o(i.SystemClock_Config)
    SystemInit                               0x08006bed   Thumb Code    12  system_stm32f4xx.o(i.SystemInit)
    TIM1_UP_TIM10_IRQHandler                 0x08006bfd   Thumb Code     6  stm32f4xx_it.o(i.TIM1_UP_TIM10_IRQHandler)
    TIM5_IRQHandler                          0x08006c09   Thumb Code     6  stm32f4xx_it.o(i.TIM5_IRQHandler)
    TIM7_IRQHandler                          0x08006c15   Thumb Code     6  stm32f4xx_it.o(i.TIM7_IRQHandler)
    TIM_Base_SetConfig                       0x08006c21   Thumb Code   156  stm32f4xx_hal_tim.o(i.TIM_Base_SetConfig)
    TIM_ETR_SetConfig                        0x08006ce9   Thumb Code    20  stm32f4xx_hal_tim.o(i.TIM_ETR_SetConfig)
    TaskChassis                              0x08006d55   Thumb Code   276  taskchassis.o(i.TaskChassis)
    TaskLocate                               0x08006e7d   Thumb Code    12  taskchassis.o(i.TaskLocate)
    TaskMonitor                              0x08006e89   Thumb Code    64  taskchassis.o(i.TaskMonitor)
    Trajectory_Analyzer_GetAimPointIndex     0x08006ecd   Thumb Code   666  trajactory_analyzer.o(i.Trajectory_Analyzer_GetAimPointIndex)
    Trajectory_Analyzer_Init                 0x08007175   Thumb Code    34  trajactory_analyzer.o(i.Trajectory_Analyzer_Init)
    Trajectory_Analyzer_Reset                0x0800719d   Thumb Code    34  trajactory_analyzer.o(i.Trajectory_Analyzer_Reset)
    Trajectory_Analyzer_SetPathNum           0x080071c5   Thumb Code    56  trajactory_analyzer.o(i.Trajectory_Analyzer_SetPathNum)
    UART_Start_Receive_IT                    0x080074c1   Thumb Code    58  stm32f4xx_hal_uart.o(i.UART_Start_Receive_IT)
    USART1_IRQHandler                        0x080074fd   Thumb Code     6  stm32f4xx_it.o(i.USART1_IRQHandler)
    USART2_IRQHandler                        0x08007509   Thumb Code     6  stm32f4xx_it.o(i.USART2_IRQHandler)
    USART6_IRQHandler                        0x08007515   Thumb Code     6  stm32f4xx_it.o(i.USART6_IRQHandler)
    UpdateLocateInfo                         0x08007521   Thumb Code   132  locate.o(i.UpdateLocateInfo)
    Update_Aim_Angular_Velocity              0x080075ad   Thumb Code    64  com_executelib.o(i.Update_Aim_Angular_Velocity)
    Update_Aim_Velocity                      0x08007601   Thumb Code   374  com_executelib.o(i.Update_Aim_Velocity)
    UsageFault_Handler                       0x080077b1   Thumb Code     2  stm32f4xx_it.o(i.UsageFault_Handler)
    Velocity_Merging                         0x080077b5   Thumb Code   408  manual_operation.o(i.Velocity_Merging)
    __ARM_fpclassifyf                        0x08007969   Thumb Code    38  fpclassifyf.o(i.__ARM_fpclassifyf)
    __hardfp_floor                           0x080079b1   Thumb Code   252  floor.o(i.__hardfp_floor)
    __hardfp_fmod                            0x08007ac9   Thumb Code   254  fmod.o(i.__hardfp_fmod)
    __hardfp_powf                            0x08007bcd   Thumb Code  1606  powf.o(i.__hardfp_powf)
    __mathlib_powf                           0x08007bcd   Thumb Code     0  powf.o(i.__hardfp_powf)
    __hardfp_sqrtf                           0x08008231   Thumb Code    58  sqrtf.o(i.__hardfp_sqrtf)
    __mathlib_dbl_invalid                    0x08008271   Thumb Code    24  dunder.o(i.__mathlib_dbl_invalid)
    __mathlib_flt_divzero                    0x08008291   Thumb Code    14  funder.o(i.__mathlib_flt_divzero)
    __mathlib_flt_infnan2                    0x080082a5   Thumb Code     6  funder.o(i.__mathlib_flt_infnan2)
    __mathlib_flt_invalid                    0x080082ad   Thumb Code    10  funder.o(i.__mathlib_flt_invalid)
    __mathlib_flt_overflow                   0x080082bd   Thumb Code    10  funder.o(i.__mathlib_flt_overflow)
    __mathlib_flt_underflow                  0x080082cd   Thumb Code    10  funder.o(i.__mathlib_flt_underflow)
    assert_failed                            0x080082dd   Thumb Code     2  main.o(i.assert_failed)
    encoder2Global                           0x080082e1   Thumb Code    56  encodersubsys.o(i.encoder2Global)
    encoderSysInit                           0x08008321   Thumb Code   128  encodersubsys.o(i.encoderSysInit)
    encoderSysLocate                         0x080083b5   Thumb Code   400  encodersubsys.o(i.encoderSysLocate)
    filter1_init                             0x08008565   Thumb Code    50  can_basic.o(i.filter1_init)
    filter2_init                             0x0800859d   Thumb Code    50  can_basic.o(i.filter2_init)
    main                                     0x080085d5   Thumb Code   130  main.o(i.main)
    osDelay                                  0x08008675   Thumb Code    26  cmsis_os2.o(i.osDelay)
    osKernelInitialize                       0x08008691   Thumb Code    32  cmsis_os2.o(i.osKernelInitialize)
    osKernelStart                            0x080086b5   Thumb Code    48  cmsis_os2.o(i.osKernelStart)
    osThreadNew                              0x080086ed   Thumb Code   138  cmsis_os2.o(i.osThreadNew)
    pvPortMalloc                             0x08008f09   Thumb Code   216  heap_4.o(i.pvPortMalloc)
    pxPortInitialiseStack                    0x08008fe5   Thumb Code    40  port.o(i.pxPortInitialiseStack)
    uxListRemove                             0x08009011   Thumb Code    38  list.o(i.uxListRemove)
    vApplicationGetIdleTaskMemory            0x08009039   Thumb Code    16  cmsis_os2.o(i.vApplicationGetIdleTaskMemory)
    vApplicationGetTimerTaskMemory           0x0800904d   Thumb Code    18  cmsis_os2.o(i.vApplicationGetTimerTaskMemory)
    vListInitialise                          0x08009065   Thumb Code    22  list.o(i.vListInitialise)
    vListInitialiseItem                      0x0800907b   Thumb Code     6  list.o(i.vListInitialiseItem)
    vListInsert                              0x08009081   Thumb Code    48  list.o(i.vListInsert)
    vListInsertEnd                           0x080090b1   Thumb Code    24  list.o(i.vListInsertEnd)
    vPortEnterCritical                       0x080090c9   Thumb Code    54  port.o(i.vPortEnterCritical)
    vPortExitCritical                        0x08009109   Thumb Code    34  port.o(i.vPortExitCritical)
    vPortFree                                0x08009131   Thumb Code    94  heap_4.o(i.vPortFree)
    vPortSetupTimerInterrupt                 0x08009195   Thumb Code    32  port.o(i.vPortSetupTimerInterrupt)
    vPortValidateInterruptPriority           0x080091b9   Thumb Code    74  port.o(i.vPortValidateInterruptPriority)
    vQueueAddToRegistry                      0x0800920d   Thumb Code    34  queue.o(i.vQueueAddToRegistry)
    vQueueWaitForMessageRestricted           0x08009235   Thumb Code    68  queue.o(i.vQueueWaitForMessageRestricted)
    vTaskDelay                               0x08009279   Thumb Code    66  tasks.o(i.vTaskDelay)
    vTaskInternalSetTimeOutState             0x080092c5   Thumb Code    12  tasks.o(i.vTaskInternalSetTimeOutState)
    vTaskMissedYield                         0x080092d5   Thumb Code     8  tasks.o(i.vTaskMissedYield)
    vTaskPlaceOnEventList                    0x080092e1   Thumb Code    44  tasks.o(i.vTaskPlaceOnEventList)
    vTaskPlaceOnEventListRestricted          0x08009311   Thumb Code    52  tasks.o(i.vTaskPlaceOnEventListRestricted)
    vTaskStartScheduler                      0x08009349   Thumb Code   118  tasks.o(i.vTaskStartScheduler)
    vTaskSuspendAll                          0x080093d1   Thumb Code    10  tasks.o(i.vTaskSuspendAll)
    vTaskSwitchContext                       0x080093e1   Thumb Code    90  tasks.o(i.vTaskSwitchContext)
    xPortStartScheduler                      0x08009445   Thumb Code   222  port.o(i.xPortStartScheduler)
    xPortSysTickHandler                      0x08009539   Thumb Code    38  port.o(i.xPortSysTickHandler)
    xQueueGenericCreateStatic                0x08009565   Thumb Code   102  queue.o(i.xQueueGenericCreateStatic)
    xQueueGenericReset                       0x080095cd   Thumb Code   132  queue.o(i.xQueueGenericReset)
    xQueueGenericSend                        0x08009655   Thumb Code   346  queue.o(i.xQueueGenericSend)
    xQueueGenericSendFromISR                 0x080097b5   Thumb Code   190  queue.o(i.xQueueGenericSendFromISR)
    xQueueReceive                            0x08009875   Thumb Code   308  queue.o(i.xQueueReceive)
    xTaskCheckForTimeOut                     0x080099ad   Thumb Code   112  tasks.o(i.xTaskCheckForTimeOut)
    xTaskCreate                              0x08009a21   Thumb Code    90  tasks.o(i.xTaskCreate)
    xTaskCreateStatic                        0x08009a7b   Thumb Code    86  tasks.o(i.xTaskCreateStatic)
    xTaskGetSchedulerState                   0x08009ad1   Thumb Code    22  tasks.o(i.xTaskGetSchedulerState)
    xTaskGetTickCount                        0x08009aed   Thumb Code     6  tasks.o(i.xTaskGetTickCount)
    xTaskIncrementTick                       0x08009af9   Thumb Code   192  tasks.o(i.xTaskIncrementTick)
    xTaskPriorityDisinherit                  0x08009bc1   Thumb Code   118  tasks.o(i.xTaskPriorityDisinherit)
    xTaskRemoveFromEventList                 0x08009c41   Thumb Code    98  tasks.o(i.xTaskRemoveFromEventList)
    xTaskResumeAll                           0x08009cb1   Thumb Code   182  tasks.o(i.xTaskResumeAll)
    xTimerCreateTimerTask                    0x08009d75   Thumb Code    78  timers.o(i.xTimerCreateTimerTask)
    xTimerGenericCommand                     0x08009dd5   Thumb Code    98  timers.o(i.xTimerGenericCommand)
    __aeabi_d2f                              0x08009e3d   Thumb Code     0  d2f.o(x$fpl$d2f)
    _d2f                                     0x08009e3d   Thumb Code    98  d2f.o(x$fpl$d2f)
    __aeabi_dadd                             0x08009ea1   Thumb Code     0  daddsub_clz.o(x$fpl$dadd)
    _dadd                                    0x08009ea1   Thumb Code   332  daddsub_clz.o(x$fpl$dadd)
    __fpl_dcmp_Inf                           0x08009ff1   Thumb Code    24  dcmpi.o(x$fpl$dcmpinf)
    __aeabi_ddiv                             0x0800a009   Thumb Code     0  ddiv.o(x$fpl$ddiv)
    _ddiv                                    0x0800a009   Thumb Code   552  ddiv.o(x$fpl$ddiv)
    __aeabi_d2iz                             0x0800a2b9   Thumb Code     0  dfix.o(x$fpl$dfix)
    _dfix                                    0x0800a2b9   Thumb Code    94  dfix.o(x$fpl$dfix)
    __aeabi_cdcmple                          0x0800a319   Thumb Code     0  dleqf.o(x$fpl$dleqf)
    _dcmple                                  0x0800a319   Thumb Code   120  dleqf.o(x$fpl$dleqf)
    __fpl_dcmple_InfNaN                      0x0800a37b   Thumb Code     0  dleqf.o(x$fpl$dleqf)
    __aeabi_dmul                             0x0800a391   Thumb Code     0  dmul.o(x$fpl$dmul)
    _dmul                                    0x0800a391   Thumb Code   332  dmul.o(x$fpl$dmul)
    __fpl_dnaninf                            0x0800a4e5   Thumb Code   156  dnaninf.o(x$fpl$dnaninf)
    _drem                                    0x0800a581   Thumb Code   328  drem_clz.o(x$fpl$drem)
    __fpl_dretinf                            0x0800a6d1   Thumb Code    12  dretinf.o(x$fpl$dretinf)
    __aeabi_cdrcmple                         0x0800a6dd   Thumb Code     0  drleqf.o(x$fpl$drleqf)
    _drcmple                                 0x0800a6dd   Thumb Code   108  drleqf.o(x$fpl$drleqf)
    __aeabi_drsub                            0x0800a749   Thumb Code     0  daddsub_clz.o(x$fpl$drsb)
    _drsb                                    0x0800a749   Thumb Code    22  daddsub_clz.o(x$fpl$drsb)
    __aeabi_dsub                             0x0800a761   Thumb Code     0  daddsub_clz.o(x$fpl$dsub)
    _dsub                                    0x0800a761   Thumb Code   464  daddsub_clz.o(x$fpl$dsub)
    __aeabi_f2d                              0x0800a935   Thumb Code     0  f2d.o(x$fpl$f2d)
    _f2d                                     0x0800a935   Thumb Code    86  f2d.o(x$fpl$f2d)
    __fpl_fnaninf                            0x0800a98b   Thumb Code   140  fnaninf.o(x$fpl$fnaninf)
    _fp_init                                 0x0800aa17   Thumb Code    10  fpinit.o(x$fpl$fpinit)
    __fplib_config_fpu_vfp                   0x0800aa1f   Thumb Code     0  fpinit.o(x$fpl$fpinit)
    __fplib_config_pureend_doubles           0x0800aa1f   Thumb Code     0  fpinit.o(x$fpl$fpinit)
    __fpl_fretinf                            0x0800aa21   Thumb Code    10  fretinf.o(x$fpl$fretinf)
    __I$use$fp                               0x0800aa2a   Number         0  usenofp.o(x$fpl$usenofp)
    defaultTask_attributes                   0x0800aa2c   Data          36  freertos.o(.constdata)
    LocateTask_attributes                    0x0800aa50   Data          36  freertos.o(.constdata)
    ChassisTask_attributes                   0x0800aa74   Data          36  freertos.o(.constdata)
    MonitorTask_attributes                   0x0800aa98   Data          36  freertos.o(.constdata)
    AHBPrescTable                            0x0800aabc   Data          16  system_stm32f4xx.o(.constdata)
    APBPrescTable                            0x0800aacc   Data           8  system_stm32f4xx.o(.constdata)
    g_CAN1_Prop_Count                        0x0800ac78   Data           1  can_proplist.o(.constdata)
    g_CAN2_Prop_Count                        0x0800ac79   Data           1  can_proplist.o(.constdata)
    g_My_USART1_Prop_Count                   0x0800ac7a   Data           1  com_proplist.o(.constdata)
    g_My_USART2_Prop_Count                   0x0800ac7b   Data           1  com_proplist.o(.constdata)
    g_My_USART3_Prop_Count                   0x0800ac7c   Data           1  com_proplist.o(.constdata)
    g_My_USART4_Prop_Count                   0x0800ac7d   Data           1  com_proplist.o(.constdata)
    area_two_blue                            0x0800ad18   Data        6160  area_2.o(.constdata)
    area_two_red                             0x0800c528   Data        6160  area_2.o(.constdata)
    area_three_blue                          0x0800dd38   Data        6328  area_3.o(.constdata)
    area_three_red                           0x0800f5f0   Data        6160  area_3.o(.constdata)
    collide_ball1_blue                       0x08010e00   Data        4256  collide_ball.o(.constdata)
    collide_ball2_front_blue                 0x08011ea0   Data        5012  collide_ball.o(.constdata)
    collide_ball2_middle_blue                0x08013234   Data        5264  collide_ball.o(.constdata)
    collide_ball1_red                        0x080146c4   Data        4256  collide_ball.o(.constdata)
    collide_ball2_front_red                  0x08015764   Data        5012  collide_ball.o(.constdata)
    collide_ball2_middle_red                 0x08016af8   Data        5264  collide_ball.o(.constdata)
    reset_blue                               0x08017f88   Data        5656  reset.o(.constdata)
    reset2_blue                              0x080195a0   Data        4004  reset.o(.constdata)
    reset_red                                0x0801a544   Data        5656  reset.o(.constdata)
    reset2_red                               0x0801bb5c   Data        4004  reset.o(.constdata)
    test_blue                                0x0801cb00   Data       11508  test.o(.constdata)
    test_red                                 0x0801f7f4   Data       11508  test.o(.constdata)
    uphill_1_blue                            0x080224e8   Data        3948  uphill_1.o(.constdata)
    uphill_1_red                             0x08023454   Data        3948  uphill_1.o(.constdata)
    uphill_2_blue                            0x080243c0   Data        1904  uphill_2.o(.constdata)
    uphill_2_red                             0x08024b30   Data        1904  uphill_2.o(.constdata)
    sinTable_f32                             0x08025410   Data        2052  arm_common_tables.o(.rodata.sinTable_f32)
    Region$$Table$$Base                      0x08025c14   Number         0  anon$$obj.o(Region$$Table)
    Region$$Table$$Limit                     0x08025c34   Number         0  anon$$obj.o(Region$$Table)
    defaultTaskHandle                        0x20000000   Data           4  freertos.o(.data)
    LocateTaskHandle                         0x20000004   Data           4  freertos.o(.data)
    ChassisTaskHandle                        0x20000008   Data           4  freertos.o(.data)
    MonitorTaskHandle                        0x2000000c   Data           4  freertos.o(.data)
    data_uart_rec                            0x20000014   Data           1  usart.o(.data)
    uwTickFreq                               0x20000018   Data           1  stm32f4xx_hal.o(.data)
    uwTickPrio                               0x2000001c   Data           4  stm32f4xx_hal.o(.data)
    uwTick                                   0x20000020   Data           4  stm32f4xx_hal.o(.data)
    SystemCoreClock                          0x20000024   Data           4  system_stm32f4xx.o(.data)
    pxCurrentTCB                             0x20000028   Data           4  tasks.o(.data)
    delta                                    0x200000ac   Data           4  gyro.o(.data)
    pre_time                                 0x200000b0   Data           4  gyro.o(.data)
    now_time                                 0x200000b4   Data           4  gyro.o(.data)
    g_CAN1_Prop_Array                        0x200000c0   Data          24  can_proplist.o(.data)
    g_CAN2_Prop_Array                        0x200000d8   Data           8  can_proplist.o(.data)
    g_My_USART1_COM_Rec_Status               0x200000e0   Data           4  com_basic.o(.data)
    g_My_USART2_COM_Rec_Status               0x200000e4   Data           4  com_basic.o(.data)
    g_My_USART3_COM_Rec_Status               0x200000e8   Data           4  com_basic.o(.data)
    g_My_USART4_COM_Rec_Status               0x200000ec   Data           4  com_basic.o(.data)
    g_My_USART1_Prop_Array                   0x200000f4   Data           8  com_proplist.o(.data)
    g_My_USART2_Prop_Array                   0x200000fc   Data           8  com_proplist.o(.data)
    g_My_USART3_Prop_Array                   0x20000104   Data           8  com_proplist.o(.data)
    g_My_USART4_Prop_Array                   0x2000010c   Data          32  com_proplist.o(.data)
    LED_num                                  0x2000012c   Data           1  taskchassis.o(.data)
    LED_count                                0x2000012d   Data           1  taskchassis.o(.data)
    Path_Type                                0x20000130   Data           4  taskchassis.o(.data)
    Path_Num                                 0x20000134   Data           4  taskchassis.o(.data)
    Interval_R                               0x2000014c   Data          16  parking.o(.data)
    Kp_R                                     0x2000015c   Data          20  parking.o(.data)
    init_time                                0x20000170   Data           1  locate.o(.data)
    hadc1                                    0x20000174   Data          72  adc.o(.bss)
    hcan1                                    0x200001bc   Data          40  can.o(.bss)
    hcan2                                    0x200001e4   Data          40  can.o(.bss)
    hspi1                                    0x2000020c   Data          88  spi.o(.bss)
    hspi2                                    0x20000264   Data          88  spi.o(.bss)
    htim2                                    0x200002bc   Data          72  tim.o(.bss)
    htim3                                    0x20000304   Data          72  tim.o(.bss)
    htim4                                    0x2000034c   Data          72  tim.o(.bss)
    htim5                                    0x20000394   Data          72  tim.o(.bss)
    htim6                                    0x200003dc   Data          72  tim.o(.bss)
    htim10                                   0x20000424   Data          72  tim.o(.bss)
    huart1                                   0x2000046c   Data          68  usart.o(.bss)
    huart2                                   0x200004b0   Data          68  usart.o(.bss)
    huart6                                   0x200004f4   Data          68  usart.o(.bss)
    htim7                                    0x20000538   Data          72  stm32f4xx_hal_timebase_tim.o(.bss)
    xQueueRegistry                           0x20000580   Data          64  queue.o(.bss)
    g_CAN1_Frame_tsm                         0x20003968   Data          16  can_basic.o(.bss)
    g_CAN1_Frame_rcv                         0x20003978   Data          16  can_basic.o(.bss)
    g_CAN2_Frame_rcv                         0x20003988   Data          16  can_basic.o(.bss)
    Wheel_Speed                              0x20003998   Data          16  can_commandlib.o(.bss)
    g_My_USART1_COM_Rec                      0x200039a8   Data         132  com_basic.o(.bss)
    g_My_USART2_COM_Rec                      0x20003a2c   Data         132  com_basic.o(.bss)
    g_My_USART3_COM_Rec                      0x20003ab0   Data         132  com_basic.o(.bss)
    g_My_USART4_COM_Rec                      0x20003b34   Data         132  com_basic.o(.bss)
    g_Chassis_Instance                       0x20003bb8   Data         132  taskchassis.o(.bss)
    g_AutoRun_Controller_Instance            0x20003c3c   Data          96  taskchassis.o(.bss)
    g_Manual_Controller_Instance             0x20003c9c   Data          12  taskchassis.o(.bss)
    g_NaviController_Instance                0x20003ca8   Data         112  taskchassis.o(.bss)
    g_PathInforms                            0x20003d18   Data         900  taskchassis.o(.bss)
    g_Parking_Controller_Instance            0x2000409c   Data         104  taskchassis.o(.bss)
    g_Trajectory_Analyzer_Instance           0x20004104   Data          24  trajactory_analyzer.o(.bss)
    LocateSystem                             0x2000411c   Data          68  locate.o(.bss)
    GyroSystem                               0x20004160   Data          48  locate.o(.bss)
    ENCSystem                                0x20004190   Data          52  locate.o(.bss)
    EncoderSubSystem                         0x200041c4   Data          84  encodersubsys.o(.bss)
    __libspace_start                         0x20004218   Data          96  libspace.o(.bss)
    __temporary_stack_top$libspace           0x20004278   Data           0  libspace.o(.bss)



==============================================================================

Memory Map of the image

  Image Entry point : 0x08000189

  Load Region LR_IROM1 (Base: 0x08000000, Size: 0x00025da8, Max: 0x00100000, ABSOLUTE, COMPRESSED[0x00025ca0])

    Execution Region ER_IROM1 (Exec base: 0x08000000, Load base: 0x08000000, Size: 0x00025c34, Max: 0x00100000, ABSOLUTE)

    Exec Addr    Load Addr    Size         Type   Attr      Idx    E Section Name        Object

    0x08000000   0x08000000   0x00000188   Data   RO            3    RESET               startup_stm32f405xx.o
    0x08000188   0x08000188   0x00000008   Code   RO         7594  * !!!main             c_w.l(__main.o)
    0x08000190   0x08000190   0x00000034   Code   RO         7935    !!!scatter          c_w.l(__scatter.o)
    0x080001c4   0x080001c4   0x0000003a   Code   RO         7933    !!dczerorl          c_w.l(__dczerorl.o)
    0x080001fe   0x080001fe   0x00000002   PAD
    0x08000200   0x08000200   0x0000001c   Code   RO         7937    !!handler_zi        c_w.l(__scatter_zi.o)
    0x0800021c   0x0800021c   0x00000002   Code   RO         7870    .ARM.Collect$$libinit$$00000000  c_w.l(libinit.o)
    0x0800021e   0x0800021e   0x00000004   Code   RO         7704    .ARM.Collect$$libinit$$00000001  c_w.l(libinit2.o)
    0x08000222   0x08000222   0x00000000   Code   RO         7707    .ARM.Collect$$libinit$$00000004  c_w.l(libinit2.o)
    0x08000222   0x08000222   0x00000000   Code   RO         7710    .ARM.Collect$$libinit$$0000000A  c_w.l(libinit2.o)
    0x08000222   0x08000222   0x00000000   Code   RO         7712    .ARM.Collect$$libinit$$0000000C  c_w.l(libinit2.o)
    0x08000222   0x08000222   0x00000000   Code   RO         7714    .ARM.Collect$$libinit$$0000000E  c_w.l(libinit2.o)
    0x08000222   0x08000222   0x00000000   Code   RO         7717    .ARM.Collect$$libinit$$00000011  c_w.l(libinit2.o)
    0x08000222   0x08000222   0x00000000   Code   RO         7719    .ARM.Collect$$libinit$$00000013  c_w.l(libinit2.o)
    0x08000222   0x08000222   0x00000000   Code   RO         7721    .ARM.Collect$$libinit$$00000015  c_w.l(libinit2.o)
    0x08000222   0x08000222   0x00000000   Code   RO         7723    .ARM.Collect$$libinit$$00000017  c_w.l(libinit2.o)
    0x08000222   0x08000222   0x00000000   Code   RO         7725    .ARM.Collect$$libinit$$00000019  c_w.l(libinit2.o)
    0x08000222   0x08000222   0x00000000   Code   RO         7727    .ARM.Collect$$libinit$$0000001B  c_w.l(libinit2.o)
    0x08000222   0x08000222   0x00000000   Code   RO         7729    .ARM.Collect$$libinit$$0000001D  c_w.l(libinit2.o)
    0x08000222   0x08000222   0x00000000   Code   RO         7731    .ARM.Collect$$libinit$$0000001F  c_w.l(libinit2.o)
    0x08000222   0x08000222   0x00000000   Code   RO         7733    .ARM.Collect$$libinit$$00000021  c_w.l(libinit2.o)
    0x08000222   0x08000222   0x00000000   Code   RO         7735    .ARM.Collect$$libinit$$00000023  c_w.l(libinit2.o)
    0x08000222   0x08000222   0x00000000   Code   RO         7737    .ARM.Collect$$libinit$$00000025  c_w.l(libinit2.o)
    0x08000222   0x08000222   0x00000000   Code   RO         7741    .ARM.Collect$$libinit$$0000002C  c_w.l(libinit2.o)
    0x08000222   0x08000222   0x00000000   Code   RO         7743    .ARM.Collect$$libinit$$0000002E  c_w.l(libinit2.o)
    0x08000222   0x08000222   0x00000000   Code   RO         7745    .ARM.Collect$$libinit$$00000030  c_w.l(libinit2.o)
    0x08000222   0x08000222   0x00000000   Code   RO         7747    .ARM.Collect$$libinit$$00000032  c_w.l(libinit2.o)
    0x08000222   0x08000222   0x00000002   Code   RO         7748    .ARM.Collect$$libinit$$00000033  c_w.l(libinit2.o)
    0x08000224   0x08000224   0x00000002   Code   RO         7930    .ARM.Collect$$libshutdown$$00000000  c_w.l(libshutdown.o)
    0x08000226   0x08000226   0x00000000   Code   RO         7888    .ARM.Collect$$libshutdown$$00000002  c_w.l(libshutdown2.o)
    0x08000226   0x08000226   0x00000000   Code   RO         7890    .ARM.Collect$$libshutdown$$00000004  c_w.l(libshutdown2.o)
    0x08000226   0x08000226   0x00000000   Code   RO         7893    .ARM.Collect$$libshutdown$$00000007  c_w.l(libshutdown2.o)
    0x08000226   0x08000226   0x00000000   Code   RO         7896    .ARM.Collect$$libshutdown$$0000000A  c_w.l(libshutdown2.o)
    0x08000226   0x08000226   0x00000000   Code   RO         7898    .ARM.Collect$$libshutdown$$0000000C  c_w.l(libshutdown2.o)
    0x08000226   0x08000226   0x00000000   Code   RO         7901    .ARM.Collect$$libshutdown$$0000000F  c_w.l(libshutdown2.o)
    0x08000226   0x08000226   0x00000002   Code   RO         7902    .ARM.Collect$$libshutdown$$00000010  c_w.l(libshutdown2.o)
    0x08000228   0x08000228   0x00000000   Code   RO         7662    .ARM.Collect$$rtentry$$00000000  c_w.l(__rtentry.o)
    0x08000228   0x08000228   0x00000000   Code   RO         7800    .ARM.Collect$$rtentry$$00000002  c_w.l(__rtentry2.o)
    0x08000228   0x08000228   0x00000006   Code   RO         7812    .ARM.Collect$$rtentry$$00000004  c_w.l(__rtentry4.o)
    0x0800022e   0x0800022e   0x00000000   Code   RO         7802    .ARM.Collect$$rtentry$$00000009  c_w.l(__rtentry2.o)
    0x0800022e   0x0800022e   0x00000004   Code   RO         7803    .ARM.Collect$$rtentry$$0000000A  c_w.l(__rtentry2.o)
    0x08000232   0x08000232   0x00000000   Code   RO         7805    .ARM.Collect$$rtentry$$0000000C  c_w.l(__rtentry2.o)
    0x08000232   0x08000232   0x00000008   Code   RO         7806    .ARM.Collect$$rtentry$$0000000D  c_w.l(__rtentry2.o)
    0x0800023a   0x0800023a   0x00000002   Code   RO         7875    .ARM.Collect$$rtexit$$00000000  c_w.l(rtexit.o)
    0x0800023c   0x0800023c   0x00000000   Code   RO         7906    .ARM.Collect$$rtexit$$00000002  c_w.l(rtexit2.o)
    0x0800023c   0x0800023c   0x00000004   Code   RO         7907    .ARM.Collect$$rtexit$$00000003  c_w.l(rtexit2.o)
    0x08000240   0x08000240   0x00000006   Code   RO         7908    .ARM.Collect$$rtexit$$00000004  c_w.l(rtexit2.o)
    0x08000246   0x08000246   0x00000002   PAD
    0x08000248   0x08000248   0x000000be   Code   RO         5834    .emb_text           port.o
    0x08000306   0x08000306   0x00000002   PAD
    0x08000308   0x08000308   0x00000040   Code   RO            4    .text               startup_stm32f405xx.o
    0x08000348   0x08000348   0x000000ee   Code   RO         7580    .text               c_w.l(lludivv7m.o)
    0x08000436   0x08000436   0x0000008a   Code   RO         7582    .text               c_w.l(rt_memcpy_v6.o)
    0x080004c0   0x080004c0   0x00000064   Code   RO         7584    .text               c_w.l(rt_memcpy_w.o)
    0x08000524   0x08000524   0x00000010   Code   RO         7588    .text               c_w.l(aeabi_memset.o)
    0x08000534   0x08000534   0x0000004e   Code   RO         7590    .text               c_w.l(rt_memclr_w.o)
    0x08000582   0x08000582   0x00000006   Code   RO         7592    .text               c_w.l(heapauxi.o)
    0x08000588   0x08000588   0x00000016   Code   RO         7698    .text               c_w.l(_rserrno.o)
    0x0800059e   0x0800059e   0x00000044   Code   RO         7700    .text               c_w.l(rt_memclr.o)
    0x080005e2   0x080005e2   0x00000002   PAD
    0x080005e4   0x080005e4   0x00000008   Code   RO         7796    .text               c_w.l(libspace.o)
    0x080005ec   0x080005ec   0x00000008   Code   RO         7819    .text               c_w.l(rt_errno_addr_intlibspace.o)
    0x080005f4   0x080005f4   0x00000002   Code   RO         7842    .text               c_w.l(use_no_semi.o)
    0x080005f6   0x080005f6   0x00000000   Code   RO         7844    .text               c_w.l(indicate_semi.o)
    0x080005f6   0x080005f6   0x0000004a   Code   RO         7845    .text               c_w.l(sys_stackheap_outer.o)
    0x08000640   0x08000640   0x00000012   Code   RO         7851    .text               c_w.l(exit.o)
    0x08000652   0x08000652   0x00000002   PAD
    0x08000654   0x08000654   0x0000000c   Code   RO         7873    .text               c_w.l(sys_exit.o)
    0x08000660   0x08000660   0x000000a0   Code   RO         7388    .text.arm_cos_f32   arm_cortexM4lf_math.lib(arm_cos_f32.o)
    0x08000700   0x08000700   0x00000098   Code   RO         7398    .text.arm_sin_f32   arm_cortexM4lf_math.lib(arm_sin_f32.o)
    0x08000798   0x08000798   0x0000000c   Code   RO          625    i.ADC_IRQHandler    stm32f4xx_it.o
    0x080007a4   0x080007a4   0x00000178   Code   RO          809    i.ADC_Init          stm32f4xx_hal_adc.o
    0x0800091c   0x0800091c   0x0000029c   Code   RO         6803    i.Auto_Run_Controller_CtrlCmd  auto_run.o
    0x08000bb8   0x08000bb8   0x00000074   Code   RO         6804    i.Auto_Run_Controller_Init  auto_run.o
    0x08000c2c   0x08000c2c   0x00000044   Code   RO         6805    i.Auto_Run_Controller_Reset  auto_run.o
    0x08000c70   0x08000c70   0x00000002   Code   RO          626    i.BusFault_Handler  stm32f4xx_it.o
    0x08000c72   0x08000c72   0x00000002   PAD
    0x08000c74   0x08000c74   0x0000000c   Code   RO          627    i.CAN1_RX0_IRQHandler  stm32f4xx_it.o
    0x08000c80   0x08000c80   0x00000024   Code   RO         6278    i.CAN1_Start        can_basic.o
    0x08000ca4   0x08000ca4   0x0000000c   Code   RO          628    i.CAN2_RX1_IRQHandler  stm32f4xx_it.o
    0x08000cb0   0x08000cb0   0x00000024   Code   RO         6279    i.CAN2_Start        can_basic.o
    0x08000cd4   0x08000cd4   0x00000020   Code   RO         6748    i.Chassis_Init      chassisinit.o
    0x08000cf4   0x08000cf4   0x000000a8   Code   RO         6806    i.Chassis_Lock      auto_run.o
    0x08000d9c   0x08000d9c   0x00000026   Code   RO         6772    i.Chassis_Motor_Drive  chassis_motor_drive.o
    0x08000dc2   0x08000dc2   0x00000002   PAD
    0x08000dc4   0x08000dc4   0x00000036   Code   RO         7014    i.Check_Speed       parking.o
    0x08000dfa   0x08000dfa   0x00000002   Code   RO          629    i.DebugMon_Handler  stm32f4xx_it.o
    0x08000dfc   0x08000dfc   0x00000048   Code   RO         6235    i.ENC_Init          encoder.o
    0x08000e44   0x08000e44   0x000000bc   Code   RO         6236    i.ENCx_Read         encoder.o
    0x08000f00   0x08000f00   0x0000002c   Code   RO         6237    i.ENCx_Reset        encoder.o
    0x08000f2c   0x08000f2c   0x00000016   Code   RO          630    i.EXTI9_5_IRQHandler  stm32f4xx_it.o
    0x08000f42   0x08000f42   0x00000004   Code   RO           13    i.Error_Handler     main.o
    0x08000f46   0x08000f46   0x00000002   Code   RO         6429    i.ExtID_Non_Protocol_CAN1  can_executelib.o
    0x08000f48   0x08000f48   0x00000074   Code   RO         5915    i.FastTableAtan     hust_math_lib.o
    0x08000fbc   0x08000fbc   0x000000bc   Code   RO         5916    i.FastTableAtan2    hust_math_lib.o
    0x08001078   0x08001078   0x00000024   Code   RO         6280    i.Find_Method_CAN   can_basic.o
    0x0800109c   0x0800109c   0x00000024   Code   RO         6508    i.Find_Method_COM   com_basic.o
    0x080010c0   0x080010c0   0x0000006c   Code   RO         6281    i.Get_Frame_CAN     can_basic.o
    0x0800112c   0x0800112c   0x000000bc   Code   RO         6509    i.Get_Frame_COM     com_basic.o
    0x080011e8   0x080011e8   0x000000c8   Code   RO         6431    i.Get_Train_Info    can_executelib.o
    0x080012b0   0x080012b0   0x0000001c   Code   RO         6003    i.GlobalAngle2RobotAngle  frame_change.o
    0x080012cc   0x080012cc   0x000000d8   Code   RO         6161    i.Gyro_ADC_Init     gyro.o
    0x080013a4   0x080013a4   0x0000007c   Code   RO         6162    i.Gyro_ADC_Write_Dat  gyro.o
    0x08001420   0x08001420   0x00000124   Code   RO         6163    i.Gyro_ADC_Write_Reg  gyro.o
    0x08001544   0x08001544   0x0000008c   Code   RO         6164    i.Gyro_Get_Data     gyro.o
    0x080015d0   0x080015d0   0x000000a0   Code   RO         6165    i.Gyro_Init         gyro.o
    0x08001670   0x08001670   0x00000070   Code   RO         6166    i.Gyro_Zero_Drift   gyro.o
    0x080016e0   0x080016e0   0x00000002   Code   RO          980    i.HAL_ADCEx_InjectedConvCpltCallback  stm32f4xx_hal_adc_ex.o
    0x080016e2   0x080016e2   0x00000002   PAD
    0x080016e4   0x080016e4   0x000001d4   Code   RO          811    i.HAL_ADC_ConfigChannel  stm32f4xx_hal_adc.o
    0x080018b8   0x080018b8   0x00000002   Code   RO          812    i.HAL_ADC_ConvCpltCallback  stm32f4xx_hal_adc.o
    0x080018ba   0x080018ba   0x00000002   Code   RO          815    i.HAL_ADC_ErrorCallback  stm32f4xx_hal_adc.o
    0x080018bc   0x080018bc   0x000001a4   Code   RO          819    i.HAL_ADC_IRQHandler  stm32f4xx_hal_adc.o
    0x08001a60   0x08001a60   0x00000220   Code   RO          820    i.HAL_ADC_Init      stm32f4xx_hal_adc.o
    0x08001c80   0x08001c80   0x00000002   Code   RO          821    i.HAL_ADC_LevelOutOfWindowCallback  stm32f4xx_hal_adc.o
    0x08001c82   0x08001c82   0x00000002   PAD
    0x08001c84   0x08001c84   0x00000070   Code   RO          342    i.HAL_ADC_MspInit   adc.o
    0x08001cf4   0x08001cf4   0x00000178   Code   RO          828    i.HAL_ADC_Start_IT  stm32f4xx_hal_adc.o
    0x08001e6c   0x08001e6c   0x00000078   Code   RO         2232    i.HAL_CAN_ActivateNotification  stm32f4xx_hal_can.o
    0x08001ee4   0x08001ee4   0x00000180   Code   RO         2233    i.HAL_CAN_AddTxMessage  stm32f4xx_hal_can.o
    0x08002064   0x08002064   0x000001f4   Code   RO         2234    i.HAL_CAN_ConfigFilter  stm32f4xx_hal_can.o
    0x08002258   0x08002258   0x00000002   Code   RO         2237    i.HAL_CAN_ErrorCallback  stm32f4xx_hal_can.o
    0x0800225a   0x0800225a   0x00000002   PAD
    0x0800225c   0x0800225c   0x00000140   Code   RO         2240    i.HAL_CAN_GetRxMessage  stm32f4xx_hal_can.o
    0x0800239c   0x0800239c   0x000001fc   Code   RO         2244    i.HAL_CAN_IRQHandler  stm32f4xx_hal_can.o
    0x08002598   0x08002598   0x000002d8   Code   RO         2245    i.HAL_CAN_Init      stm32f4xx_hal_can.o
    0x08002870   0x08002870   0x00000100   Code   RO          384    i.HAL_CAN_MspInit   can.o
    0x08002970   0x08002970   0x00000002   Code   RO         2252    i.HAL_CAN_RxFifo0FullCallback  stm32f4xx_hal_can.o
    0x08002972   0x08002972   0x00000002   PAD
    0x08002974   0x08002974   0x00000048   Code   RO         6282    i.HAL_CAN_RxFifo0MsgPendingCallback  can_basic.o
    0x080029bc   0x080029bc   0x00000002   Code   RO         2254    i.HAL_CAN_RxFifo1FullCallback  stm32f4xx_hal_can.o
    0x080029be   0x080029be   0x00000002   Code   RO         2255    i.HAL_CAN_RxFifo1MsgPendingCallback  stm32f4xx_hal_can.o
    0x080029c0   0x080029c0   0x00000002   Code   RO         2256    i.HAL_CAN_SleepCallback  stm32f4xx_hal_can.o
    0x080029c2   0x080029c2   0x00000002   PAD
    0x080029c4   0x080029c4   0x00000058   Code   RO         2257    i.HAL_CAN_Start     stm32f4xx_hal_can.o
    0x08002a1c   0x08002a1c   0x00000002   Code   RO         2259    i.HAL_CAN_TxMailbox0AbortCallback  stm32f4xx_hal_can.o
    0x08002a1e   0x08002a1e   0x00000002   Code   RO         2260    i.HAL_CAN_TxMailbox0CompleteCallback  stm32f4xx_hal_can.o
    0x08002a20   0x08002a20   0x00000002   Code   RO         2261    i.HAL_CAN_TxMailbox1AbortCallback  stm32f4xx_hal_can.o
    0x08002a22   0x08002a22   0x00000002   Code   RO         2262    i.HAL_CAN_TxMailbox1CompleteCallback  stm32f4xx_hal_can.o
    0x08002a24   0x08002a24   0x00000002   Code   RO         2263    i.HAL_CAN_TxMailbox2AbortCallback  stm32f4xx_hal_can.o
    0x08002a26   0x08002a26   0x00000002   Code   RO         2264    i.HAL_CAN_TxMailbox2CompleteCallback  stm32f4xx_hal_can.o
    0x08002a28   0x08002a28   0x00000002   Code   RO         2266    i.HAL_CAN_WakeUpFromRxMsgCallback  stm32f4xx_hal_can.o
    0x08002a2a   0x08002a2a   0x00000092   Code   RO         1561    i.HAL_DMA_Abort     stm32f4xx_hal_dma.o
    0x08002abc   0x08002abc   0x00000024   Code   RO         1562    i.HAL_DMA_Abort_IT  stm32f4xx_hal_dma.o
    0x08002ae0   0x08002ae0   0x00000002   Code   RO         1452    i.HAL_GPIO_EXTI_Callback  stm32f4xx_hal_gpio.o
    0x08002ae2   0x08002ae2   0x00000002   PAD
    0x08002ae4   0x08002ae4   0x00000018   Code   RO         1453    i.HAL_GPIO_EXTI_IRQHandler  stm32f4xx_hal_gpio.o
    0x08002afc   0x08002afc   0x000002f4   Code   RO         1454    i.HAL_GPIO_Init     stm32f4xx_hal_gpio.o
    0x08002df0   0x08002df0   0x00000058   Code   RO         1456    i.HAL_GPIO_ReadPin  stm32f4xx_hal_gpio.o
    0x08002e48   0x08002e48   0x0000006c   Code   RO         1458    i.HAL_GPIO_WritePin  stm32f4xx_hal_gpio.o
    0x08002eb4   0x08002eb4   0x0000000c   Code   RO         1986    i.HAL_GetTick       stm32f4xx_hal.o
    0x08002ec0   0x08002ec0   0x00000010   Code   RO         1992    i.HAL_IncTick       stm32f4xx_hal.o
    0x08002ed0   0x08002ed0   0x00000034   Code   RO         1993    i.HAL_Init          stm32f4xx_hal.o
    0x08002f04   0x08002f04   0x00000098   Code   RO          767    i.HAL_InitTick      stm32f4xx_hal_timebase_tim.o
    0x08002f9c   0x08002f9c   0x00000038   Code   RO          743    i.HAL_MspInit       stm32f4xx_hal_msp.o
    0x08002fd4   0x08002fd4   0x00000064   Code   RO         1843    i.HAL_NVIC_EnableIRQ  stm32f4xx_hal_cortex.o
    0x08003038   0x08003038   0x000000a0   Code   RO         1849    i.HAL_NVIC_SetPriority  stm32f4xx_hal_cortex.o
    0x080030d8   0x080030d8   0x00000080   Code   RO         1850    i.HAL_NVIC_SetPriorityGrouping  stm32f4xx_hal_cortex.o
    0x08003158   0x08003158   0x0000024c   Code   RO         1085    i.HAL_RCC_ClockConfig  stm32f4xx_hal_rcc.o
    0x080033a4   0x080033a4   0x00000040   Code   RO         1089    i.HAL_RCC_GetClockConfig  stm32f4xx_hal_rcc.o
    0x080033e4   0x080033e4   0x00000020   Code   RO         1092    i.HAL_RCC_GetPCLK1Freq  stm32f4xx_hal_rcc.o
    0x08003404   0x08003404   0x00000020   Code   RO         1093    i.HAL_RCC_GetPCLK2Freq  stm32f4xx_hal_rcc.o
    0x08003424   0x08003424   0x00000060   Code   RO         1094    i.HAL_RCC_GetSysClockFreq  stm32f4xx_hal_rcc.o
    0x08003484   0x08003484   0x000004a8   Code   RO         1097    i.HAL_RCC_OscConfig  stm32f4xx_hal_rcc.o
    0x0800392c   0x0800392c   0x0000024c   Code   RO         2476    i.HAL_SPI_Init      stm32f4xx_hal_spi.o
    0x08003b78   0x08003b78   0x000000d0   Code   RO          433    i.HAL_SPI_MspInit   spi.o
    0x08003c48   0x08003c48   0x00000228   Code   RO         2485    i.HAL_SPI_TransmitReceive  stm32f4xx_hal_spi.o
    0x08003e70   0x08003e70   0x00000002   Code   RO         3494    i.HAL_TIMEx_BreakCallback  stm32f4xx_hal_tim_ex.o
    0x08003e72   0x08003e72   0x00000002   Code   RO         3495    i.HAL_TIMEx_CommutCallback  stm32f4xx_hal_tim_ex.o
    0x08003e74   0x08003e74   0x00000150   Code   RO         3513    i.HAL_TIMEx_MasterConfigSynchronization  stm32f4xx_hal_tim_ex.o
    0x08003fc4   0x08003fc4   0x00000170   Code   RO         2789    i.HAL_TIM_Base_Init  stm32f4xx_hal_tim.o
    0x08004134   0x08004134   0x00000098   Code   RO          487    i.HAL_TIM_Base_MspInit  tim.o
    0x080041cc   0x080041cc   0x00000130   Code   RO         2794    i.HAL_TIM_Base_Start_IT  stm32f4xx_hal_tim.o
    0x080042fc   0x080042fc   0x00000410   Code   RO         2798    i.HAL_TIM_ConfigClockSource  stm32f4xx_hal_tim.o
    0x0800470c   0x0800470c   0x00000244   Code   RO         2810    i.HAL_TIM_Encoder_Init  stm32f4xx_hal_tim.o
    0x08004950   0x08004950   0x00000094   Code   RO          489    i.HAL_TIM_Encoder_MspInit  tim.o
    0x080049e4   0x080049e4   0x00000002   Code   RO         2823    i.HAL_TIM_IC_CaptureCallback  stm32f4xx_hal_tim.o
    0x080049e6   0x080049e6   0x00000166   Code   RO         2837    i.HAL_TIM_IRQHandler  stm32f4xx_hal_tim.o
    0x08004b4c   0x08004b4c   0x00000002   Code   RO         2840    i.HAL_TIM_OC_DelayElapsedCallback  stm32f4xx_hal_tim.o
    0x08004b4e   0x08004b4e   0x00000002   Code   RO         2867    i.HAL_TIM_PWM_PulseFinishedCallback  stm32f4xx_hal_tim.o
    0x08004b50   0x08004b50   0x00000030   Code   RO           14    i.HAL_TIM_PeriodElapsedCallback  main.o
    0x08004b80   0x08004b80   0x00000002   Code   RO         2880    i.HAL_TIM_TriggerCallback  stm32f4xx_hal_tim.o
    0x08004b82   0x08004b82   0x00000002   Code   RO         3772    i.HAL_UARTEx_RxEventCallback  stm32f4xx_hal_uart.o
    0x08004b84   0x08004b84   0x00000024   Code   RO         6510    i.HAL_UART_ErrorCallback  com_basic.o
    0x08004ba8   0x08004ba8   0x00000268   Code   RO         3789    i.HAL_UART_IRQHandler  stm32f4xx_hal_uart.o
    0x08004e10   0x08004e10   0x0000014c   Code   RO         3790    i.HAL_UART_Init     stm32f4xx_hal_uart.o
    0x08004f5c   0x08004f5c   0x0000010c   Code   RO          571    i.HAL_UART_MspInit  usart.o
    0x08005068   0x08005068   0x0000002a   Code   RO         3795    i.HAL_UART_Receive_IT  stm32f4xx_hal_uart.o
    0x08005092   0x08005092   0x00000002   PAD
    0x08005094   0x08005094   0x00000060   Code   RO         6511    i.HAL_UART_RxCpltCallback  com_basic.o
    0x080050f4   0x080050f4   0x00000002   Code   RO         3801    i.HAL_UART_TxCpltCallback  stm32f4xx_hal_uart.o
    0x080050f6   0x080050f6   0x00000002   Code   RO          631    i.HardFault_Handler  stm32f4xx_it.o
    0x080050f8   0x080050f8   0x00000030   Code   RO         6130    i.LED_Off           led.o
    0x08005128   0x08005128   0x00000030   Code   RO         6131    i.LED_On            led.o
    0x08005158   0x08005158   0x00000080   Code   RO         6918    i.Lateral_DecidePidParam  navigation.o
    0x080051d8   0x080051d8   0x00000158   Code   RO         6919    i.Linear_Navigation_CtrlCmd  navigation.o
    0x08005330   0x08005330   0x000000e0   Code   RO         7015    i.Linear_Parking_CtrlCmd  parking.o
    0x08005410   0x08005410   0x000000b4   Code   RO         7016    i.Linear_Parking_DecidePidParam  parking.o
    0x080054c4   0x080054c4   0x00000058   Code   RO         7088    i.LocateSysInit     locate.o
    0x0800551c   0x0800551c   0x00000068   Code   RO         5918    i.LookUpAtanTable   hust_math_lib.o
    0x08005584   0x08005584   0x00000064   Code   RO          343    i.MX_ADC1_Init      adc.o
    0x080055e8   0x080055e8   0x00000044   Code   RO          385    i.MX_CAN1_Init      can.o
    0x0800562c   0x0800562c   0x00000044   Code   RO          386    i.MX_CAN2_Init      can.o
    0x08005670   0x08005670   0x00000054   Code   RO          298    i.MX_FREERTOS_Init  freertos.o
    0x080056c4   0x080056c4   0x00000118   Code   RO          274    i.MX_GPIO_Init      gpio.o
    0x080057dc   0x080057dc   0x00000048   Code   RO          434    i.MX_SPI1_Init      spi.o
    0x08005824   0x08005824   0x00000048   Code   RO          435    i.MX_SPI2_Init      spi.o
    0x0800586c   0x0800586c   0x00000034   Code   RO          490    i.MX_TIM10_Init     tim.o
    0x080058a0   0x080058a0   0x00000064   Code   RO          491    i.MX_TIM2_Init      tim.o
    0x08005904   0x08005904   0x0000006c   Code   RO          492    i.MX_TIM3_Init      tim.o
    0x08005970   0x08005970   0x0000006c   Code   RO          493    i.MX_TIM4_Init      tim.o
    0x080059dc   0x080059dc   0x00000068   Code   RO          494    i.MX_TIM5_Init      tim.o
    0x08005a44   0x08005a44   0x00000044   Code   RO          495    i.MX_TIM6_Init      tim.o
    0x08005a88   0x08005a88   0x0000003c   Code   RO          572    i.MX_USART1_UART_Init  usart.o
    0x08005ac4   0x08005ac4   0x0000003c   Code   RO          573    i.MX_USART2_UART_Init  usart.o
    0x08005b00   0x08005b00   0x0000003c   Code   RO          574    i.MX_USART6_UART_Init  usart.o
    0x08005b3c   0x08005b3c   0x00000036   Code   RO         6847    i.Manual_Controller_CtrlCmd  manual_operation.o
    0x08005b72   0x08005b72   0x00000002   PAD
    0x08005b74   0x08005b74   0x0000001c   Code   RO         6848    i.Manual_Controller_Init  manual_operation.o
    0x08005b90   0x08005b90   0x00000014   Code   RO         6849    i.Manual_Controller_Reset  manual_operation.o
    0x08005ba4   0x08005ba4   0x00000002   Code   RO          632    i.MemManage_Handler  stm32f4xx_it.o
    0x08005ba6   0x08005ba6   0x00000002   Code   RO          633    i.NMI_Handler       stm32f4xx_it.o
    0x08005ba8   0x08005ba8   0x0000007c   Code   RO         6920    i.NaviController_Init  navigation.o
    0x08005c24   0x08005c24   0x00000048   Code   RO         6921    i.NaviController_Reset  navigation.o
    0x08005c6c   0x08005c6c   0x0000005c   Code   RO         5968    i.NormalizeAngle    hust_math_lib.o
    0x08005cc8   0x08005cc8   0x00000020   Code   RO         5919    i.OptimizeArm_sin_f32  hust_math_lib.o
    0x08005ce8   0x08005ce8   0x00000120   Code   RO         7017    i.Parking_Controller_CtrlCmd  parking.o
    0x08005e08   0x08005e08   0x00000094   Code   RO         7018    i.Parking_Controller_Init  parking.o
    0x08005e9c   0x08005e9c   0x00000050   Code   RO         7019    i.Parking_Controller_Reset  parking.o
    0x08005eec   0x08005eec   0x00000090   Code   RO         7020    i.Parking_Controller_Update  parking.o
    0x08005f7c   0x08005f7c   0x00000148   Code   RO         6890    i.Path_Init         path.o
    0x080060c4   0x080060c4   0x00000098   Code   RO         6112    i.Pid_Regulate      pid.o
    0x0800615c   0x0800615c   0x0000004c   Code   RO         6283    i.Process_Frame_CAN  can_basic.o
    0x080061a8   0x080061a8   0x00000060   Code   RO         6512    i.Process_Frame_COM  com_basic.o
    0x08006208   0x08006208   0x0000008c   Code   RO         6167    i.Read_Gyro_Rate    gyro.o
    0x08006294   0x08006294   0x0000019c   Code   RO         6168    i.Read_Gyro_Rate_Reg  gyro.o
    0x08006430   0x08006430   0x00000014   Code   RO         6608    i.Reset             com_executelib.o
    0x08006444   0x08006444   0x0000001c   Code   RO         6004    i.RobotAngle2GlobalAngle  frame_change.o
    0x08006460   0x08006460   0x0000028c   Code   RO         6922    i.Rotate_Navigation_CtrlCmd  navigation.o
    0x080066ec   0x080066ec   0x0000011c   Code   RO         7021    i.Rotate_Parking_CtrlCmd  parking.o
    0x08006808   0x08006808   0x00000098   Code   RO         7022    i.Rotate_Parking_DecidePidParam  parking.o
    0x080068a0   0x080068a0   0x00000010   Code   RO         6609    i.Run               com_executelib.o
    0x080068b0   0x080068b0   0x00000058   Code   RO         2514    i.SPI_EndRxTxTransaction  stm32f4xx_hal_spi.o
    0x08006908   0x08006908   0x00000032   Code   RO          436    i.SPI_ReadWriteByte  spi.o
    0x0800693a   0x0800693a   0x00000002   PAD
    0x0800693c   0x0800693c   0x000000b8   Code   RO         2519    i.SPI_WaitFlagStateUntilTimeout  stm32f4xx_hal_spi.o
    0x080069f4   0x080069f4   0x000000b4   Code   RO         6284    i.Send_Frame_CAN    can_basic.o
    0x08006aa8   0x08006aa8   0x00000094   Code   RO         6382    i.Set_Train_Info    can_commandlib.o
    0x08006b3c   0x08006b3c   0x00000008   Code   RO          299    i.StartDefaultTask  freertos.o
    0x08006b44   0x08006b44   0x00000002   Code   RO         6432    i.StdID_Non_Protocol_CAN1  can_executelib.o
    0x08006b46   0x08006b46   0x0000001a   Code   RO         5266    i.SysTick_Handler   cmsis_os2.o
    0x08006b60   0x08006b60   0x0000008c   Code   RO           15    i.SystemClock_Config  main.o
    0x08006bec   0x08006bec   0x00000010   Code   RO         4119    i.SystemInit        system_stm32f4xx.o
    0x08006bfc   0x08006bfc   0x0000000c   Code   RO          634    i.TIM1_UP_TIM10_IRQHandler  stm32f4xx_it.o
    0x08006c08   0x08006c08   0x0000000c   Code   RO          635    i.TIM5_IRQHandler   stm32f4xx_it.o
    0x08006c14   0x08006c14   0x0000000c   Code   RO          636    i.TIM7_IRQHandler   stm32f4xx_it.o
    0x08006c20   0x08006c20   0x000000c8   Code   RO         2882    i.TIM_Base_SetConfig  stm32f4xx_hal_tim.o
    0x08006ce8   0x08006ce8   0x00000014   Code   RO         2893    i.TIM_ETR_SetConfig  stm32f4xx_hal_tim.o
    0x08006cfc   0x08006cfc   0x00000010   Code   RO         2894    i.TIM_ITRx_SetConfig  stm32f4xx_hal_tim.o
    0x08006d0c   0x08006d0c   0x00000022   Code   RO         2900    i.TIM_TI1_ConfigInputStage  stm32f4xx_hal_tim.o
    0x08006d2e   0x08006d2e   0x00000024   Code   RO         2902    i.TIM_TI2_ConfigInputStage  stm32f4xx_hal_tim.o
    0x08006d52   0x08006d52   0x00000002   PAD
    0x08006d54   0x08006d54   0x00000128   Code   RO         6693    i.TaskChassis       taskchassis.o
    0x08006e7c   0x08006e7c   0x0000000c   Code   RO         6694    i.TaskLocate        taskchassis.o
    0x08006e88   0x08006e88   0x00000044   Code   RO         6695    i.TaskMonitor       taskchassis.o
    0x08006ecc   0x08006ecc   0x000002a8   Code   RO         6966    i.Trajectory_Analyzer_GetAimPointIndex  trajactory_analyzer.o
    0x08007174   0x08007174   0x00000028   Code   RO         6967    i.Trajectory_Analyzer_Init  trajactory_analyzer.o
    0x0800719c   0x0800719c   0x00000028   Code   RO         6968    i.Trajectory_Analyzer_Reset  trajactory_analyzer.o
    0x080071c4   0x080071c4   0x0000003c   Code   RO         6969    i.Trajectory_Analyzer_SetPathNum  trajactory_analyzer.o
    0x08007200   0x08007200   0x00000010   Code   RO         3803    i.UART_DMAAbortOnError  stm32f4xx_hal_uart.o
    0x08007210   0x08007210   0x0000004e   Code   RO         3813    i.UART_EndRxTransfer  stm32f4xx_hal_uart.o
    0x0800725e   0x0800725e   0x000000c0   Code   RO         3815    i.UART_Receive_IT   stm32f4xx_hal_uart.o
    0x0800731e   0x0800731e   0x00000002   PAD
    0x08007320   0x08007320   0x000001a0   Code   RO         3816    i.UART_SetConfig    stm32f4xx_hal_uart.o
    0x080074c0   0x080074c0   0x0000003a   Code   RO         3818    i.UART_Start_Receive_IT  stm32f4xx_hal_uart.o
    0x080074fa   0x080074fa   0x00000002   PAD
    0x080074fc   0x080074fc   0x0000000c   Code   RO          637    i.USART1_IRQHandler  stm32f4xx_it.o
    0x08007508   0x08007508   0x0000000c   Code   RO          638    i.USART2_IRQHandler  stm32f4xx_it.o
    0x08007514   0x08007514   0x0000000c   Code   RO          639    i.USART6_IRQHandler  stm32f4xx_it.o
    0x08007520   0x08007520   0x0000008c   Code   RO         7089    i.UpdateLocateInfo  locate.o
    0x080075ac   0x080075ac   0x00000054   Code   RO         6610    i.Update_Aim_Angular_Velocity  com_executelib.o
    0x08007600   0x08007600   0x000001b0   Code   RO         6611    i.Update_Aim_Velocity  com_executelib.o
    0x080077b0   0x080077b0   0x00000002   Code   RO          640    i.UsageFault_Handler  stm32f4xx_it.o
    0x080077b2   0x080077b2   0x00000002   PAD
    0x080077b4   0x080077b4   0x000001b4   Code   RO         6850    i.Velocity_Merging  manual_operation.o
    0x08007968   0x08007968   0x00000026   Code   RO         7778    i.__ARM_fpclassifyf  m_wm.l(fpclassifyf.o)
    0x0800798e   0x0800798e   0x00000020   Code   RO         1856    i.__NVIC_SetPriority  stm32f4xx_hal_cortex.o
    0x080079ae   0x080079ae   0x00000002   PAD
    0x080079b0   0x080079b0   0x00000118   Code   RO         7616    i.__hardfp_floor    m_wm.l(floor.o)
    0x08007ac8   0x08007ac8   0x00000104   Code   RO         7622    i.__hardfp_fmod     m_wm.l(fmod.o)
    0x08007bcc   0x08007bcc   0x00000664   Code   RO         7634    i.__hardfp_powf     m_wm.l(powf.o)
    0x08008230   0x08008230   0x0000003a   Code   RO         7648    i.__hardfp_sqrtf    m_wm.l(sqrtf.o)
    0x0800826a   0x0800826a   0x00000006   PAD
    0x08008270   0x08008270   0x00000020   Code   RO         7767    i.__mathlib_dbl_invalid  m_wm.l(dunder.o)
    0x08008290   0x08008290   0x00000014   Code   RO         7780    i.__mathlib_flt_divzero  m_wm.l(funder.o)
    0x080082a4   0x080082a4   0x00000006   Code   RO         7782    i.__mathlib_flt_infnan2  m_wm.l(funder.o)
    0x080082aa   0x080082aa   0x00000002   PAD
    0x080082ac   0x080082ac   0x00000010   Code   RO         7783    i.__mathlib_flt_invalid  m_wm.l(funder.o)
    0x080082bc   0x080082bc   0x00000010   Code   RO         7784    i.__mathlib_flt_overflow  m_wm.l(funder.o)
    0x080082cc   0x080082cc   0x00000010   Code   RO         7786    i.__mathlib_flt_underflow  m_wm.l(funder.o)
    0x080082dc   0x080082dc   0x00000002   Code   RO           16    i.assert_failed     main.o
    0x080082de   0x080082de   0x00000002   PAD
    0x080082e0   0x080082e0   0x00000040   Code   RO         7135    i.encoder2Global    encodersubsys.o
    0x08008320   0x08008320   0x00000094   Code   RO         7136    i.encoderSysInit    encodersubsys.o
    0x080083b4   0x080083b4   0x000001b0   Code   RO         7137    i.encoderSysLocate  encodersubsys.o
    0x08008564   0x08008564   0x00000038   Code   RO         6285    i.filter1_init      can_basic.o
    0x0800859c   0x0800859c   0x00000038   Code   RO         6286    i.filter2_init      can_basic.o
    0x080085d4   0x080085d4   0x000000a0   Code   RO           17    i.main              main.o
    0x08008674   0x08008674   0x0000001a   Code   RO         5268    i.osDelay           cmsis_os2.o
    0x0800868e   0x0800868e   0x00000002   PAD
    0x08008690   0x08008690   0x00000024   Code   RO         5282    i.osKernelInitialize  cmsis_os2.o
    0x080086b4   0x080086b4   0x00000038   Code   RO         5285    i.osKernelStart     cmsis_os2.o
    0x080086ec   0x080086ec   0x0000008a   Code   RO         5327    i.osThreadNew       cmsis_os2.o
    0x08008776   0x08008776   0x00000002   PAD
    0x08008778   0x08008778   0x0000005c   Code   RO         4727    i.prvAddCurrentTaskToDelayedList  tasks.o
    0x080087d4   0x080087d4   0x000000d0   Code   RO         4728    i.prvAddNewTaskToReadyList  tasks.o
    0x080088a4   0x080088a4   0x00000058   Code   RO         5092    i.prvCheckForValidListAndQueue  timers.o
    0x080088fc   0x080088fc   0x00000026   Code   RO         4324    i.prvCopyDataFromQueue  queue.o
    0x08008922   0x08008922   0x0000006c   Code   RO         4325    i.prvCopyDataToQueue  queue.o
    0x0800898e   0x0800898e   0x00000034   Code   RO         4729    i.prvDeleteTCB      tasks.o
    0x080089c2   0x080089c2   0x00000002   PAD
    0x080089c4   0x080089c4   0x00000048   Code   RO         5779    i.prvHeapInit       heap_4.o
    0x08008a0c   0x08008a0c   0x00000060   Code   RO         4730    i.prvIdleTask       tasks.o
    0x08008a6c   0x08008a6c   0x00000022   Code   RO         4327    i.prvInitialiseNewQueue  queue.o
    0x08008a8e   0x08008a8e   0x00000002   PAD
    0x08008a90   0x08008a90   0x000000b0   Code   RO         4731    i.prvInitialiseNewTask  tasks.o
    0x08008b40   0x08008b40   0x0000004c   Code   RO         5780    i.prvInsertBlockIntoFreeList  heap_4.o
    0x08008b8c   0x08008b8c   0x00000038   Code   RO         5094    i.prvInsertTimerInActiveList  timers.o
    0x08008bc4   0x08008bc4   0x0000001c   Code   RO         4328    i.prvIsQueueEmpty   queue.o
    0x08008be0   0x08008be0   0x000000fc   Code   RO         5095    i.prvProcessReceivedCommands  timers.o
    0x08008cdc   0x08008cdc   0x000000c0   Code   RO         5096    i.prvProcessTimerOrBlockTask  timers.o
    0x08008d9c   0x08008d9c   0x00000020   Code   RO         4733    i.prvResetNextTaskUnblockTime  tasks.o
    0x08008dbc   0x08008dbc   0x00000028   Code   RO         5097    i.prvSampleTimeNow  timers.o
    0x08008de4   0x08008de4   0x0000006c   Code   RO         5098    i.prvSwitchTimerLists  timers.o
    0x08008e50   0x08008e50   0x00000028   Code   RO         5835    i.prvTaskExitError  port.o
    0x08008e78   0x08008e78   0x00000024   Code   RO         5099    i.prvTimerTask      timers.o
    0x08008e9c   0x08008e9c   0x0000006a   Code   RO         4329    i.prvUnlockQueue    queue.o
    0x08008f06   0x08008f06   0x00000002   PAD
    0x08008f08   0x08008f08   0x000000dc   Code   RO         5781    i.pvPortMalloc      heap_4.o
    0x08008fe4   0x08008fe4   0x0000002c   Code   RO         5836    i.pxPortInitialiseStack  port.o
    0x08009010   0x08009010   0x00000026   Code   RO         4284    i.uxListRemove      list.o
    0x08009036   0x08009036   0x00000002   PAD
    0x08009038   0x08009038   0x00000014   Code   RO         5339    i.vApplicationGetIdleTaskMemory  cmsis_os2.o
    0x0800904c   0x0800904c   0x00000018   Code   RO         5340    i.vApplicationGetTimerTaskMemory  cmsis_os2.o
    0x08009064   0x08009064   0x00000016   Code   RO         4285    i.vListInitialise   list.o
    0x0800907a   0x0800907a   0x00000006   Code   RO         4286    i.vListInitialiseItem  list.o
    0x08009080   0x08009080   0x00000030   Code   RO         4287    i.vListInsert       list.o
    0x080090b0   0x080090b0   0x00000018   Code   RO         4288    i.vListInsertEnd    list.o
    0x080090c8   0x080090c8   0x00000040   Code   RO         5838    i.vPortEnterCritical  port.o
    0x08009108   0x08009108   0x00000028   Code   RO         5839    i.vPortExitCritical  port.o
    0x08009130   0x08009130   0x00000064   Code   RO         5782    i.vPortFree         heap_4.o
    0x08009194   0x08009194   0x00000024   Code   RO         5840    i.vPortSetupTimerInterrupt  port.o
    0x080091b8   0x080091b8   0x00000054   Code   RO         5841    i.vPortValidateInterruptPriority  port.o
    0x0800920c   0x0800920c   0x00000028   Code   RO         4335    i.vQueueAddToRegistry  queue.o
    0x08009234   0x08009234   0x00000044   Code   RO         4339    i.vQueueWaitForMessageRestricted  queue.o
    0x08009278   0x08009278   0x0000004c   Code   RO         4746    i.vTaskDelay        tasks.o
    0x080092c4   0x080092c4   0x00000010   Code   RO         4751    i.vTaskInternalSetTimeOutState  tasks.o
    0x080092d4   0x080092d4   0x0000000c   Code   RO         4752    i.vTaskMissedYield  tasks.o
    0x080092e0   0x080092e0   0x00000030   Code   RO         4754    i.vTaskPlaceOnEventList  tasks.o
    0x08009310   0x08009310   0x00000038   Code   RO         4755    i.vTaskPlaceOnEventListRestricted  tasks.o
    0x08009348   0x08009348   0x00000088   Code   RO         4763    i.vTaskStartScheduler  tasks.o
    0x080093d0   0x080093d0   0x00000010   Code   RO         4765    i.vTaskSuspendAll   tasks.o
    0x080093e0   0x080093e0   0x00000064   Code   RO         4766    i.vTaskSwitchContext  tasks.o
    0x08009444   0x08009444   0x000000f4   Code   RO         5842    i.xPortStartScheduler  port.o
    0x08009538   0x08009538   0x0000002c   Code   RO         5843    i.xPortSysTickHandler  port.o
    0x08009564   0x08009564   0x00000066   Code   RO         4345    i.xQueueGenericCreateStatic  queue.o
    0x080095ca   0x080095ca   0x00000002   PAD
    0x080095cc   0x080095cc   0x00000088   Code   RO         4346    i.xQueueGenericReset  queue.o
    0x08009654   0x08009654   0x00000160   Code   RO         4347    i.xQueueGenericSend  queue.o
    0x080097b4   0x080097b4   0x000000be   Code   RO         4348    i.xQueueGenericSendFromISR  queue.o
    0x08009872   0x08009872   0x00000002   PAD
    0x08009874   0x08009874   0x00000138   Code   RO         4357    i.xQueueReceive     queue.o
    0x080099ac   0x080099ac   0x00000074   Code   RO         4768    i.xTaskCheckForTimeOut  tasks.o
    0x08009a20   0x08009a20   0x0000005a   Code   RO         4769    i.xTaskCreate       tasks.o
    0x08009a7a   0x08009a7a   0x00000056   Code   RO         4770    i.xTaskCreateStatic  tasks.o
    0x08009ad0   0x08009ad0   0x0000001c   Code   RO         4774    i.xTaskGetSchedulerState  tasks.o
    0x08009aec   0x08009aec   0x0000000c   Code   RO         4775    i.xTaskGetTickCount  tasks.o
    0x08009af8   0x08009af8   0x000000c8   Code   RO         4777    i.xTaskIncrementTick  tasks.o
    0x08009bc0   0x08009bc0   0x00000080   Code   RO         4780    i.xTaskPriorityDisinherit  tasks.o
    0x08009c40   0x08009c40   0x00000070   Code   RO         4782    i.xTaskRemoveFromEventList  tasks.o
    0x08009cb0   0x08009cb0   0x000000c4   Code   RO         4783    i.xTaskResumeAll    tasks.o
    0x08009d74   0x08009d74   0x00000060   Code   RO         5108    i.xTimerCreateTimerTask  timers.o
    0x08009dd4   0x08009dd4   0x00000068   Code   RO         5109    i.xTimerGenericCommand  timers.o
    0x08009e3c   0x08009e3c   0x00000062   Code   RO         7596    x$fpl$d2f           fz_wm.l(d2f.o)
    0x08009e9e   0x08009e9e   0x00000002   PAD
    0x08009ea0   0x08009ea0   0x00000150   Code   RO         7598    x$fpl$dadd          fz_wm.l(daddsub_clz.o)
    0x08009ff0   0x08009ff0   0x00000018   Code   RO         7871    x$fpl$dcmpinf       fz_wm.l(dcmpi.o)
    0x0800a008   0x0800a008   0x000002b0   Code   RO         7605    x$fpl$ddiv          fz_wm.l(ddiv.o)
    0x0800a2b8   0x0800a2b8   0x0000005e   Code   RO         7608    x$fpl$dfix          fz_wm.l(dfix.o)
    0x0800a316   0x0800a316   0x00000002   PAD
    0x0800a318   0x0800a318   0x00000078   Code   RO         7838    x$fpl$dleqf         fz_wm.l(dleqf.o)
    0x0800a390   0x0800a390   0x00000154   Code   RO         7612    x$fpl$dmul          fz_wm.l(dmul.o)
    0x0800a4e4   0x0800a4e4   0x0000009c   Code   RO         7749    x$fpl$dnaninf       fz_wm.l(dnaninf.o)
    0x0800a580   0x0800a580   0x00000150   Code   RO         7751    x$fpl$drem          fz_wm.l(drem_clz.o)
    0x0800a6d0   0x0800a6d0   0x0000000c   Code   RO         7753    x$fpl$dretinf       fz_wm.l(dretinf.o)
    0x0800a6dc   0x0800a6dc   0x0000006c   Code   RO         7755    x$fpl$drleqf        fz_wm.l(drleqf.o)
    0x0800a748   0x0800a748   0x00000016   Code   RO         7599    x$fpl$drsb          fz_wm.l(daddsub_clz.o)
    0x0800a75e   0x0800a75e   0x00000002   PAD
    0x0800a760   0x0800a760   0x000001d4   Code   RO         7600    x$fpl$dsub          fz_wm.l(daddsub_clz.o)
    0x0800a934   0x0800a934   0x00000056   Code   RO         7614    x$fpl$f2d           fz_wm.l(f2d.o)
    0x0800a98a   0x0800a98a   0x0000008c   Code   RO         7757    x$fpl$fnaninf       fz_wm.l(fnaninf.o)
    0x0800aa16   0x0800aa16   0x0000000a   Code   RO         7840    x$fpl$fpinit        fz_wm.l(fpinit.o)
    0x0800aa20   0x0800aa20   0x0000000a   Code   RO         7759    x$fpl$fretinf       fz_wm.l(fretinf.o)
    0x0800aa2a   0x0800aa2a   0x00000000   Code   RO         7763    x$fpl$usenofp       fz_wm.l(usenofp.o)
    0x0800aa2a   0x0800aa2a   0x00000002   PAD
    0x0800aa2c   0x0800aa2c   0x00000090   Data   RO          300    .constdata          freertos.o
    0x0800aabc   0x0800aabc   0x00000010   Data   RO         4120    .constdata          system_stm32f4xx.o
    0x0800aacc   0x0800aacc   0x00000008   Data   RO         4121    .constdata          system_stm32f4xx.o
    0x0800aad4   0x0800aad4   0x00000194   Data   RO         5920    .constdata          hust_math_lib.o
    0x0800ac68   0x0800ac68   0x00000010   Data   RO         6385    .constdata          can_commandlib.o
    0x0800ac78   0x0800ac78   0x00000001   Data   RO         6477    .constdata          can_proplist.o
    0x0800ac79   0x0800ac79   0x00000001   Data   RO         6478    .constdata          can_proplist.o
    0x0800ac7a   0x0800ac7a   0x00000001   Data   RO         6662    .constdata          com_proplist.o
    0x0800ac7b   0x0800ac7b   0x00000001   Data   RO         6663    .constdata          com_proplist.o
    0x0800ac7c   0x0800ac7c   0x00000001   Data   RO         6664    .constdata          com_proplist.o
    0x0800ac7d   0x0800ac7d   0x00000001   Data   RO         6665    .constdata          com_proplist.o
    0x0800ac7e   0x0800ac7e   0x00000002   PAD
    0x0800ac80   0x0800ac80   0x00000020   Data   RO         6807    .constdata          auto_run.o
    0x0800aca0   0x0800aca0   0x00000010   Data   RO         6851    .constdata          manual_operation.o
    0x0800acb0   0x0800acb0   0x00000024   Data   RO         6923    .constdata          navigation.o
    0x0800acd4   0x0800acd4   0x00000044   Data   RO         7023    .constdata          parking.o
    0x0800ad18   0x0800ad18   0x00001810   Data   RO         7177    .constdata          area_2.o
    0x0800c528   0x0800c528   0x00001810   Data   RO         7178    .constdata          area_2.o
    0x0800dd38   0x0800dd38   0x000018b8   Data   RO         7203    .constdata          area_3.o
    0x0800f5f0   0x0800f5f0   0x00001810   Data   RO         7204    .constdata          area_3.o
    0x08010e00   0x08010e00   0x000010a0   Data   RO         7229    .constdata          collide_ball.o
    0x08011ea0   0x08011ea0   0x00001394   Data   RO         7230    .constdata          collide_ball.o
    0x08013234   0x08013234   0x00001490   Data   RO         7231    .constdata          collide_ball.o
    0x080146c4   0x080146c4   0x000010a0   Data   RO         7232    .constdata          collide_ball.o
    0x08015764   0x08015764   0x00001394   Data   RO         7233    .constdata          collide_ball.o
    0x08016af8   0x08016af8   0x00001490   Data   RO         7234    .constdata          collide_ball.o
    0x08017f88   0x08017f88   0x00001618   Data   RO         7284    .constdata          reset.o
    0x080195a0   0x080195a0   0x00000fa4   Data   RO         7285    .constdata          reset.o
    0x0801a544   0x0801a544   0x00001618   Data   RO         7286    .constdata          reset.o
    0x0801bb5c   0x0801bb5c   0x00000fa4   Data   RO         7287    .constdata          reset.o
    0x0801cb00   0x0801cb00   0x00002cf4   Data   RO         7312    .constdata          test.o
    0x0801f7f4   0x0801f7f4   0x00002cf4   Data   RO         7313    .constdata          test.o
    0x080224e8   0x080224e8   0x00000f6c   Data   RO         7338    .constdata          uphill_1.o
    0x08023454   0x08023454   0x00000f6c   Data   RO         7339    .constdata          uphill_1.o
    0x080243c0   0x080243c0   0x00000770   Data   RO         7364    .constdata          uphill_2.o
    0x08024b30   0x08024b30   0x00000770   Data   RO         7365    .constdata          uphill_2.o
    0x080252a0   0x080252a0   0x00000140   Data   RO         7637    .constdata          m_wm.l(powf.o)
    0x080253e0   0x080253e0   0x00000030   Data   RO          301    .conststring        freertos.o
    0x08025410   0x08025410   0x00000804   Data   RO         7514    .rodata.sinTable_f32  arm_cortexM4lf_math.lib(arm_common_tables.o)
    0x08025c14   0x08025c14   0x00000020   Data   RO         7931    Region$$Table       anon$$obj.o


    Execution Region RW_IRAM1 (Exec base: 0x20000000, Load base: 0x08025c34, Size: 0x00004878, Max: 0x0001c000, ABSOLUTE, COMPRESSED[0x0000006c])

    Exec Addr    Load Addr    Size         Type   Attr      Idx    E Section Name        Object

    0x20000000   COMPRESSED   0x00000010   Data   RW          302    .data               freertos.o
    0x20000010   COMPRESSED   0x00000004   Data   RW          388    .data               can.o
    0x20000014   COMPRESSED   0x00000001   Data   RW          576    .data               usart.o
    0x20000015   COMPRESSED   0x00000003   PAD
    0x20000018   COMPRESSED   0x0000000c   Data   RW         2000    .data               stm32f4xx_hal.o
    0x20000024   COMPRESSED   0x00000004   Data   RW         4122    .data               system_stm32f4xx.o
    0x20000028   COMPRESSED   0x0000003c   Data   RW         4786    .data               tasks.o
    0x20000064   COMPRESSED   0x00000014   Data   RW         5117    .data               timers.o
    0x20000078   COMPRESSED   0x00000004   Data   RW         5342    .data               cmsis_os2.o
    0x2000007c   COMPRESSED   0x00000020   Data   RW         5788    .data               heap_4.o
    0x2000009c   COMPRESSED   0x0000000c   Data   RW         5844    .data               port.o
    0x200000a8   COMPRESSED   0x00000018   Data   RW         6169    .data               gyro.o
    0x200000c0   COMPRESSED   0x00000018   Data   RW         6479    .data               can_proplist.o
    0x200000d8   COMPRESSED   0x00000008   Data   RW         6480    .data               can_proplist.o
    0x200000e0   COMPRESSED   0x00000010   Data   RW         6515    .data               com_basic.o
    0x200000f0   COMPRESSED   0x00000004   Data   RW         6612    .data               com_executelib.o
    0x200000f4   COMPRESSED   0x00000008   Data   RW         6666    .data               com_proplist.o
    0x200000fc   COMPRESSED   0x00000008   Data   RW         6667    .data               com_proplist.o
    0x20000104   COMPRESSED   0x00000008   Data   RW         6668    .data               com_proplist.o
    0x2000010c   COMPRESSED   0x00000020   Data   RW         6669    .data               com_proplist.o
    0x2000012c   COMPRESSED   0x0000000c   Data   RW         6697    .data               taskchassis.o
    0x20000138   COMPRESSED   0x00000014   Data   RW         6808    .data               auto_run.o
    0x2000014c   COMPRESSED   0x00000024   Data   RW         7024    .data               parking.o
    0x20000170   COMPRESSED   0x00000001   Data   RW         7091    .data               locate.o
    0x20000171   COMPRESSED   0x00000003   PAD
    0x20000174        -       0x00000048   Zero   RW          344    .bss                adc.o
    0x200001bc        -       0x00000050   Zero   RW          387    .bss                can.o
    0x2000020c        -       0x000000b0   Zero   RW          437    .bss                spi.o
    0x200002bc        -       0x000001b0   Zero   RW          496    .bss                tim.o
    0x2000046c        -       0x000000cc   Zero   RW          575    .bss                usart.o
    0x20000538        -       0x00000048   Zero   RW          770    .bss                stm32f4xx_hal_timebase_tim.o
    0x20000580        -       0x00000040   Zero   RW         4361    .bss                queue.o
    0x200005c0        -       0x000004c4   Zero   RW         4785    .bss                tasks.o
    0x20000a84        -       0x00000118   Zero   RW         5116    .bss                timers.o
    0x20000b9c        -       0x000006b8   Zero   RW         5341    .bss                cmsis_os2.o
    0x20001254        -       0x00002710   Zero   RW         5787    .bss                heap_4.o
    0x20003964   COMPRESSED   0x00000004   PAD
    0x20003968        -       0x00000010   Zero   RW         6287    .bss                can_basic.o
    0x20003978        -       0x00000020   Zero   RW         6288    .bss                can_basic.o
    0x20003998        -       0x00000010   Zero   RW         6384    .bss                can_commandlib.o
    0x200039a8        -       0x00000210   Zero   RW         6514    .bss                com_basic.o
    0x20003bb8        -       0x0000054c   Zero   RW         6696    .bss                taskchassis.o
    0x20004104        -       0x00000018   Zero   RW         6970    .bss                trajactory_analyzer.o
    0x2000411c        -       0x000000a8   Zero   RW         7090    .bss                locate.o
    0x200041c4        -       0x00000054   Zero   RW         7138    .bss                encodersubsys.o
    0x20004218        -       0x00000060   Zero   RW         7797    .bss                c_w.l(libspace.o)
    0x20004278        -       0x00000200   Zero   RW            2    HEAP                startup_stm32f405xx.o
    0x20004478        -       0x00000400   Zero   RW            1    STACK               startup_stm32f405xx.o


    Execution Region RW_IRAM2 (Exec base: 0x2001c000, Load base: 0x08025ca0, Size: 0x00000000, Max: 0x00004000, ABSOLUTE)

    **** No section assigned to this execution region ****


==============================================================================

Image component sizes


      Code (inc. data)   RO Data    RW Data    ZI Data      Debug   Object Name

       212         22          0          0         72       1757   adc.o
         0          0      12320          0          0        565   area_2.o
         0          0      12488          0          0        573   area_3.o
      1020         78         32         20          0       4172   auto_run.o
       392         44          0          4         80       2546   can.o
       656         72          0          0         48       8377   can_basic.o
       148         24         16          0         16       2621   can_commandlib.o
       204         18          0          0          0       1773   can_executelib.o
         0          0          2         32          0       1944   can_proplist.o
        38          0          0          0          0       1054   chassis_motor_drive.o
        32          4          0          0          0        879   chassisinit.o
       326         22          0          4       1720      65227   cmsis_os2.o
         0          0      29064          0          0        923   collide_ball.o
       452         76          0         16        528       6127   com_basic.o
         0          0          0          0          0       1000   com_commandlib.o
       552         88          0          4          0       3230   com_executelib.o
         0          0          4         56          0       1074   com_proplist.o
       304         38          0          0          0       2684   encoder.o
       644         60          0          0         84       4200   encodersubsys.o
         0          0          0          0          0      19480   event_groups.o
        56         20          0          0          0       1210   frame_change.o
        92         24        192         16          0       2098   freertos.o
       280         18          0          0          0       1051   gpio.o
      1596        110          0         24          0       6851   gyro.o
       468         22          0         32      10000       4923   heap_4.o
       532         70        404          0          0       4736   hust_math_lib.o
        96         18          0          0          0       1071   led.o
       138          0          0          0          0       3598   list.o
       228         34          0          1        168       3993   locate.o
       354         54          0          0          0     697906   main.o
       538         36         16          0          0       3430   manual_operation.o
      1320        120         36          0          0       5433   navigation.o
      1554         86         68         36          0       8256   parking.o
       328         82          0          0          0       1216   path.o
       152          4          0          0          0       1651   pid.o
       786         82          0         12          0      11633   port.o
      1514         20          0          0         64      17576   queue.o
         0          0      19320          0          0        654   reset.o
       402         44          0          0        176       3102   spi.o
        64         26        392          0       1536        856   startup_stm32f405xx.o
        80         14          0         12          0       8146   stm32f4xx_hal.o
      2190        358          0          0          0       6729   stm32f4xx_hal_adc.o
         2          0          0          0          0       1005   stm32f4xx_hal_adc_ex.o
      2672        304          0          0          0      14891   stm32f4xx_hal_can.o
       420        196          0          0          0      33350   stm32f4xx_hal_cortex.o
       182          0          0          0          0       2135   stm32f4xx_hal_dma.o
       978        238          0          0          0       4299   stm32f4xx_hal_gpio.o
        56          4          0          0          0        890   stm32f4xx_hal_msp.o
      2004        194          0          0          0       6169   stm32f4xx_hal_rcc.o
      1412        138          0          0          0       5049   stm32f4xx_hal_spi.o
      2964        452          0          0          0      11722   stm32f4xx_hal_tim.o
       340         94          0          0          0       2569   stm32f4xx_hal_tim_ex.o
       152         20          0          0         72       1511   stm32f4xx_hal_timebase_tim.o
      1754        164          0          0          0       8907   stm32f4xx_hal_uart.o
       142         54          0          0          0       7690   stm32f4xx_it.o
         0          0          0          0          0        376   stream_buffer.o
        16          4         24          4          0       1163   system_stm32f4xx.o
       376         30          0         12       1356       5956   taskchassis.o
      2084        168          0         60       1220      27180   tasks.o
         0          0      23016          0          0        545   test.o
       840         86          0          0        432       5863   tim.o
       972         80          0         20        280      32299   timers.o
       820         30          0          0         24       4696   trajactory_analyzer.o
         0          0       7896          0          0        573   uphill_1.o
         0          0       3808          0          0        569   uphill_2.o
       448         48          0          1        204       3246   usart.o

    ----------------------------------------------------------------------
     36434       4092     109132        372      18084    1108978   Object Totals
         0          0         32          0          0          0   (incl. Generated)
        52          0          2          6          4          0   (incl. Padding)

    ----------------------------------------------------------------------

      Code (inc. data)   RO Data    RW Data    ZI Data      Debug   Library Member Name

         0          0       2052          0          0       4961   arm_common_tables.o
       160         12          0          0          0       1103   arm_cos_f32.o
       152         12          0          0          0       1098   arm_sin_f32.o
        58          0          0          0          0          0   __dczerorl.o
         8          0          0          0          0         68   __main.o
         0          0          0          0          0          0   __rtentry.o
        12          0          0          0          0          0   __rtentry2.o
         6          0          0          0          0          0   __rtentry4.o
        52          8          0          0          0          0   __scatter.o
        28          0          0          0          0          0   __scatter_zi.o
        22          0          0          0          0        100   _rserrno.o
        16          0          0          0          0         68   aeabi_memset.o
        18          0          0          0          0         80   exit.o
         6          0          0          0          0        152   heapauxi.o
         0          0          0          0          0          0   indicate_semi.o
         2          0          0          0          0          0   libinit.o
         6          0          0          0          0          0   libinit2.o
         2          0          0          0          0          0   libshutdown.o
         2          0          0          0          0          0   libshutdown2.o
         8          4          0          0         96         68   libspace.o
       238          0          0          0          0        100   lludivv7m.o
         8          4          0          0          0         68   rt_errno_addr_intlibspace.o
        68          0          0          0          0         68   rt_memclr.o
        78          0          0          0          0         80   rt_memclr_w.o
       138          0          0          0          0         68   rt_memcpy_v6.o
       100          0          0          0          0         80   rt_memcpy_w.o
         2          0          0          0          0          0   rtexit.o
        10          0          0          0          0          0   rtexit2.o
        12          4          0          0          0         68   sys_exit.o
        74          0          0          0          0         80   sys_stackheap_outer.o
         2          0          0          0          0         68   use_no_semi.o
        98          4          0          0          0        140   d2f.o
       826         16          0          0          0        492   daddsub_clz.o
        24          0          0          0          0        116   dcmpi.o
       688        140          0          0          0        256   ddiv.o
        94          4          0          0          0        140   dfix.o
       120          4          0          0          0        140   dleqf.o
       340         12          0          0          0        152   dmul.o
       156          4          0          0          0        140   dnaninf.o
       336         12          0          0          0        136   drem_clz.o
        12          0          0          0          0        116   dretinf.o
       108          0          0          0          0        128   drleqf.o
        86          4          0          0          0        132   f2d.o
       140          4          0          0          0        132   fnaninf.o
        10          0          0          0          0        116   fpinit.o
        10          0          0          0          0        116   fretinf.o
         0          0          0          0          0          0   usenofp.o
        32          8          0          0          0        124   dunder.o
       280         28          0          0          0        156   floor.o
       260          6          0          0          0        144   fmod.o
        38          0          0          0          0        116   fpclassifyf.o
        74         24          0          0          0        580   funder.o
      1636        110        320          0          0        372   powf.o
        58          0          0          0          0        136   sqrtf.o

    ----------------------------------------------------------------------
      6738        424       2372          0         96      12458   Library Totals
        24          0          0          0          0          0   (incl. Padding)

    ----------------------------------------------------------------------

      Code (inc. data)   RO Data    RW Data    ZI Data      Debug   Library Name

       312         24       2052          0          0       7162   arm_cortexM4lf_math.lib
       976         20          0          0         96       1216   c_w.l
      3048        204          0          0          0       2452   fz_wm.l
      2378        176        320          0          0       1628   m_wm.l

    ----------------------------------------------------------------------
      6738        424       2372          0         96      12458   Library Totals

    ----------------------------------------------------------------------

==============================================================================


      Code (inc. data)   RO Data    RW Data    ZI Data      Debug   

     43172       4516     111504        372      18180    1091948   Grand Totals
     43172       4516     111504        108      18180    1091948   ELF Image Totals (compressed)
     43172       4516     111504        108          0          0   ROM Totals

==============================================================================

    Total RO  Size (Code + RO Data)               154676 ( 151.05kB)
    Total RW  Size (RW Data + ZI Data)             18552 (  18.12kB)
    Total ROM Size (Code + RO Data + RW Data)     154784 ( 151.16kB)

==============================================================================

